223.87.245.220 - - [04/Jun/2017:21:17:08 +0800] "GET /jsp/H5/Order.jsp?type=Order HTTP/1.1" 200 2911 "https://wx.jinpaihushi.com/jsp/H5/index.jsp?type=Order" "Mozilla/5.0 (Linux; Android 7.0; PRA-AL00X Build/HONORPRA-AL00X; wv) AppleWebKit/537.36 (KHTML, like Gecko) Version/4.0 Chrome/53.0.2785.49 Mobile MQQBrowser/6.2 TBS/043220 Safari/537.36 MicroMessenger/6.5.8.1060 NetType/WIFI Language/zh_CN" "-"
223.87.245.220 - - [04/Jun/2017:21:17:08 +0800] "GET /js/common.js?_=1496582225463 HTTP/1.1" 200 32367 "https://wx.jinpaihushi.com/jsp/H5/index.jsp?type=Order" "Mozilla/5.0 (Linux; Android 7.0; PRA-AL00X Build/HONORPRA-AL00X; wv) AppleWebKit/537.36 (KHTML, like Gecko) Version/4.0 Chrome/53.0.2785.49 Mobile MQQBrowser/6.2 TBS/043220 Safari/537.36 MicroMessenger/6.5.8.1060 NetType/WIFI Language/zh_CN" "-"
223.87.245.220 - - [04/Jun/2017:21:17:08 +0800] "GET /js/getmore.js?_=1496582225464 HTTP/1.1" 200 9046 "https://wx.jinpaihushi.com/jsp/H5/index.jsp?type=Order" "Mozilla/5.0 (Linux; Android 7.0; PRA-AL00X Build/HONORPRA-AL00X; wv) AppleWebKit/537.36 (KHTML, like Gecko) Version/4.0 Chrome/53.0.2785.49 Mobile MQQBrowser/6.2 TBS/043220 Safari/537.36 MicroMessenger/6.5.8.1060 NetType/WIFI Language/zh_CN" "-"
223.87.245.220 - - [04/Jun/2017:21:17:08 +0800] "POST /OrderServlet?m=findOrderAll&status=1 HTTP/1.1" 200 66 "https://wx.jinpaihushi.com/jsp/H5/index.jsp?type=Order" "Mozilla/5.0 (Linux; Android 7.0; PRA-AL00X Build/HONORPRA-AL00X; wv) AppleWebKit/537.36 (KHTML, like Gecko) Version/4.0 Chrome/53.0.2785.49 Mobile MQQBrowser/6.2 TBS/043220 Safari/537.36 MicroMessenger/6.5.8.1060 NetType/WIFI Language/zh_CN" "-"
223.87.245.220 - - [04/Jun/2017:21:17:09 +0800] "POST /OrderServlet?m=findOrderAll&status=2 HTTP/1.1" 200 67 "https://wx.jinpaihushi.com/jsp/H5/index.jsp?type=Order" "Mozilla/5.0 (Linux; Android 7.0; PRA-AL00X Build/HONORPRA-AL00X; wv) AppleWebKit/537.36 (KHTML, like Gecko) Version/4.0 Chrome/53.0.2785.49 Mobile MQQBrowser/6.2 TBS/043220 Safari/537.36 MicroMessenger/6.5.8.1060 NetType/WIFI Language/zh_CN" "-"
223.87.245.220 - - [04/Jun/2017:21:17:11 +0800] "POST /OrderServlet?m=findOrderAll&status=3 HTTP/1.1" 200 67 "https://wx.jinpaihushi.com/jsp/H5/index.jsp?type=Order" "Mozilla/5.0 (Linux; Android 7.0; PRA-AL00X Build/HONORPRA-AL00X; wv) AppleWebKit/537.36 (KHTML, like Gecko) Version/4.0 Chrome/53.0.2785.49 Mobile MQQBrowser/6.2 TBS/043220 Safari/537.36 MicroMessenger/6.5.8.1060 NetType/WIFI Language/zh_CN" "-"
171.212.132.191 - - [04/Jun/2017:21:17:11 +0800] "POST /Register?m=getCodeFenxiang HTTP/1.1" 200 21 "https://wx.jinpaihushi.com/jsp/Register/regiest.jsp?recommond=18598" "Mozilla/5.0 (iPhone; CPU iPhone OS 10_0_2 like Mac OS X) AppleWebKit/602.1.50 (KHTML, like Gecko) Mobile/14A456 MicroMessenger/6.5.8 NetType/WIFI Language/zh_CN" "-"
223.87.245.220 - - [04/Jun/2017:21:17:13 +0800] "GET /OrderServlet?m=findOrderAllOne&type=Order HTTP/1.1" 302 0 "https://wx.jinpaihushi.com/jsp/H5/index.jsp" "Mozilla/5.0 (Linux; Android 7.0; PRA-AL00X Build/HONORPRA-AL00X; wv) AppleWebKit/537.36 (KHTML, like Gecko) Version/4.0 Chrome/53.0.2785.49 Mobile MQQBrowser/6.2 TBS/043220 Safari/537.36 MicroMessenger/6.5.8.1060 NetType/WIFI Language/zh_CN" "-"
223.87.245.220 - - [04/Jun/2017:21:17:13 +0800] "GET /js/common.js?_=1496582231977 HTTP/1.1" 200 32367 "https://wx.jinpaihushi.com/jsp/H5/index.jsp" "Mozilla/5.0 (Linux; Android 7.0; PRA-AL00X Build/HONORPRA-AL00X; wv) AppleWebKit/537.36 (KHTML, like Gecko) Version/4.0 Chrome/53.0.2785.49 Mobile MQQBrowser/6.2 TBS/043220 Safari/537.36 MicroMessenger/6.5.8.1060 NetType/WIFI Language/zh_CN" "-"
223.87.245.220 - - [04/Jun/2017:21:17:13 +0800] "GET /js/getmore.js?_=1496582231978 HTTP/1.1" 200 9046 "https://wx.jinpaihushi.com/jsp/H5/index.jsp" "Mozilla/5.0 (Linux; Android 7.0; PRA-AL00X Build/HONORPRA-AL00X; wv) AppleWebKit/537.36 (KHTML, like Gecko) Version/4.0 Chrome/53.0.2785.49 Mobile MQQBrowser/6.2 TBS/043220 Safari/537.36 MicroMessenger/6.5.8.1060 NetType/WIFI Language/zh_CN" "-"
223.87.245.220 - - [04/Jun/2017:21:17:13 +0800] "POST /OrderServlet?m=findOrderAll&status=3 HTTP/1.1" 200 67 "https://wx.jinpaihushi.com/jsp/H5/index.jsp" "Mozilla/5.0 (Linux; Android 7.0; PRA-AL00X Build/HONORPRA-AL00X; wv) AppleWebKit/537.36 (KHTML, like Gecko) Version/4.0 Chrome/53.0.2785.49 Mobile MQQBrowser/6.2 TBS/043220 Safari/537.36 MicroMessenger/6.5.8.1060 NetType/WIFI Language/zh_CN" "-"
117.174.91.204 - - [04/Jun/2017:21:17:13 +0800] "POST /Register?m=checkCode HTTP/1.1" 200 12 "https://wx.jinpaihushi.com/jsp/Register/regiest.jsp?recommond=18598" "Mozilla/5.0 (iPhone; CPU iPhone OS 9_3_2 like Mac OS X) AppleWebKit/601.1.46 (KHTML, like Gecko) Mobile/13F69 QQ/7.0.1.407 V1_IPH_SQ_7.0.1_1_APP_A Pixel/750 Core/UIWebView NetType/WIFI QBWebViewType/1" "-"
117.174.91.204 - - [04/Jun/2017:21:17:14 +0800] "GET /jsp/Register/regiestOk.jsp?userType=1 HTTP/1.1" 200 4759 "https://wx.jinpaihushi.com/jsp/Register/regiest.jsp?recommond=18598" "Mozilla/5.0 (iPhone; CPU iPhone OS 9_3_2 like Mac OS X) AppleWebKit/601.1.46 (KHTML, like Gecko) Mobile/13F69 QQ/7.0.1.407 V1_IPH_SQ_7.0.1_1_APP_A Pixel/750 Core/UIWebView NetType/WIFI QBWebViewType/1" "-"
223.87.245.220 - - [04/Jun/2017:21:17:15 +0800] "GET /js/jquery-2.1.4.min.js?_=1496582233986 HTTP/1.1" 200 84345 "https://wx.jinpaihushi.com/jsp/H5/index.jsp?type=main" "Mozilla/5.0 (Linux; Android 7.0; PRA-AL00X Build/HONORPRA-AL00X; wv) AppleWebKit/537.36 (KHTML, like Gecko) Version/4.0 Chrome/53.0.2785.49 Mobile MQQBrowser/6.2 TBS/043220 Safari/537.36 MicroMessenger/6.5.8.1060 NetType/WIFI Language/zh_CN" "-"
223.87.245.220 - - [04/Jun/2017:21:17:15 +0800] "GET /js/Login/login.js?_=1496582233987 HTTP/1.1" 200 9907 "https://wx.jinpaihushi.com/jsp/H5/index.jsp?type=main" "Mozilla/5.0 (Linux; Android 7.0; PRA-AL00X Build/HONORPRA-AL00X; wv) AppleWebKit/537.36 (KHTML, like Gecko) Version/4.0 Chrome/53.0.2785.49 Mobile MQQBrowser/6.2 TBS/043220 Safari/537.36 MicroMessenger/6.5.8.1060 NetType/WIFI Language/zh_CN" "-"
223.87.245.220 - - [04/Jun/2017:21:17:15 +0800] "GET /js/common-jphs.js?_=1496582233988 HTTP/1.1" 200 3641 "https://wx.jinpaihushi.com/jsp/H5/index.jsp?type=main" "Mozilla/5.0 (Linux; Android 7.0; PRA-AL00X Build/HONORPRA-AL00X; wv) AppleWebKit/537.36 (KHTML, like Gecko) Version/4.0 Chrome/53.0.2785.49 Mobile MQQBrowser/6.2 TBS/043220 Safari/537.36 MicroMessenger/6.5.8.1060 NetType/WIFI Language/zh_CN" "-"
223.87.245.220 - - [04/Jun/2017:21:17:15 +0800] "GET /js/yySwipe.js?_=1496582233991 HTTP/1.1" 200 14651 "https://wx.jinpaihushi.com/jsp/H5/index.jsp?type=main" "Mozilla/5.0 (Linux; Android 7.0; PRA-AL00X Build/HONORPRA-AL00X; wv) AppleWebKit/537.36 (KHTML, like Gecko) Version/4.0 Chrome/53.0.2785.49 Mobile MQQBrowser/6.2 TBS/043220 Safari/537.36 MicroMessenger/6.5.8.1060 NetType/WIFI Language/zh_CN" "-"
223.87.245.220 - - [04/Jun/2017:21:17:16 +0800] "POST /ComeIn?m=getAllProductNew HTTP/1.1" 200 35076 "https://wx.jinpaihushi.com/jsp/H5/index.jsp?type=main" "Mozilla/5.0 (Linux; Android 7.0; PRA-AL00X Build/HONORPRA-AL00X; wv) AppleWebKit/537.36 (KHTML, like Gecko) Version/4.0 Chrome/53.0.2785.49 Mobile MQQBrowser/6.2 TBS/043220 Safari/537.36 MicroMessenger/6.5.8.1060 NetType/WIFI Language/zh_CN" "-"
223.104.9.219 - - [04/Jun/2017:21:17:16 +0800] "GET /jsp/Register/regiest.jsp?recommond=18625&from=groupmessage&isappinstalled=1 HTTP/1.1" 200 4839 "-" "Mozilla/5.0 (iPhone; CPU iPhone OS 10_3_1 like Mac OS X) AppleWebKit/603.1.30 (KHTML, like Gecko) Mobile/14E304 MicroMessenger/6.5.8 NetType/4G Language/zh_CN" "-"
223.104.9.219 - - [04/Jun/2017:21:17:17 +0800] "GET /css/register/yy.css HTTP/1.1" 200 2454 "https://wx.jinpaihushi.com/jsp/Register/regiest.jsp?recommond=18625&from=groupmessage&isappinstalled=1" "Mozilla/5.0 (iPhone; CPU iPhone OS 10_3_1 like Mac OS X) AppleWebKit/603.1.30 (KHTML, like Gecko) Mobile/14E304 MicroMessenger/6.5.8 NetType/4G Language/zh_CN" "-"
223.104.9.219 - - [04/Jun/2017:21:17:17 +0800] "GET /js/jquery-1.8.3.min.js HTTP/1.1" 200 93637 "https://wx.jinpaihushi.com/jsp/Register/regiest.jsp?recommond=18625&from=groupmessage&isappinstalled=1" "Mozilla/5.0 (iPhone; CPU iPhone OS 10_3_1 like Mac OS X) AppleWebKit/603.1.30 (KHTML, like Gecko) Mobile/14E304 MicroMessenger/6.5.8 NetType/4G Language/zh_CN" "-"
223.104.9.219 - - [04/Jun/2017:21:17:17 +0800] "GET /img/regiest/shoujihao.png HTTP/1.1" 200 425 "https://wx.jinpaihushi.com/jsp/Register/regiest.jsp?recommond=18625&from=groupmessage&isappinstalled=1" "Mozilla/5.0 (iPhone; CPU iPhone OS 10_3_1 like Mac OS X) AppleWebKit/603.1.30 (KHTML, like Gecko) Mobile/14E304 MicroMessenger/6.5.8 NetType/4G Language/zh_CN" "-"
223.104.9.219 - - [04/Jun/2017:21:17:17 +0800] "GET /js/Login/login.js HTTP/1.1" 200 9907 "https://wx.jinpaihushi.com/jsp/Register/regiest.jsp?recommond=18625&from=groupmessage&isappinstalled=1" "Mozilla/5.0 (iPhone; CPU iPhone OS 10_3_1 like Mac OS X) AppleWebKit/603.1.30 (KHTML, like Gecko) Mobile/14E304 MicroMessenger/6.5.8 NetType/4G Language/zh_CN" "-"
223.104.9.219 - - [04/Jun/2017:21:17:17 +0800] "GET /img/regiest/yanzhengma.png HTTP/1.1" 200 1123 "https://wx.jinpaihushi.com/jsp/Register/regiest.jsp?recommond=18625&from=groupmessage&isappinstalled=1" "Mozilla/5.0 (iPhone; CPU iPhone OS 10_3_1 like Mac OS X) AppleWebKit/603.1.30 (KHTML, like Gecko) Mobile/14E304 MicroMessenger/6.5.8 NetType/4G Language/zh_CN" "-"
223.104.9.219 - - [04/Jun/2017:21:17:17 +0800] "GET /js/register/regiest.js HTTP/1.1" 200 3172 "https://wx.jinpaihushi.com/jsp/Register/regiest.jsp?recommond=18625&from=groupmessage&isappinstalled=1" "Mozilla/5.0 (iPhone; CPU iPhone OS 10_3_1 like Mac OS X) AppleWebKit/603.1.30 (KHTML, like Gecko) Mobile/14E304 MicroMessenger/6.5.8 NetType/4G Language/zh_CN" "-"
223.104.9.219 - - [04/Jun/2017:21:17:17 +0800] "GET /css/register/weui.css HTTP/1.1" 200 195980 "https://wx.jinpaihushi.com/jsp/Register/regiest.jsp?recommond=18625&from=groupmessage&isappinstalled=1" "Mozilla/5.0 (iPhone; CPU iPhone OS 10_3_1 like Mac OS X) AppleWebKit/603.1.30 (KHTML, like Gecko) Mobile/14E304 MicroMessenger/6.5.8 NetType/4G Language/zh_CN" "-"
223.104.9.219 - - [04/Jun/2017:21:17:17 +0800] "GET /img/regiest/jiantou.png HTTP/1.1" 200 721 "https://wx.jinpaihushi.com/jsp/Register/regiest.jsp?recommond=18625&from=groupmessage&isappinstalled=1" "Mozilla/5.0 (iPhone; CPU iPhone OS 10_3_1 like Mac OS X) AppleWebKit/603.1.30 (KHTML, like Gecko) Mobile/14E304 MicroMessenger/6.5.8 NetType/4G Language/zh_CN" "-"
223.104.9.219 - - [04/Jun/2017:21:17:17 +0800] "GET /img/regiest/ditu.jpg HTTP/1.1" 200 104670 "https://wx.jinpaihushi.com/jsp/Register/regiest.jsp?recommond=18625&from=groupmessage&isappinstalled=1" "Mozilla/5.0 (iPhone; CPU iPhone OS 10_3_1 like Mac OS X) AppleWebKit/603.1.30 (KHTML, like Gecko) Mobile/14E304 MicroMessenger/6.5.8 NetType/4G Language/zh_CN" "-"
223.87.245.220 - - [04/Jun/2017:21:17:21 +0800] "GET /jsp/H5/productTypeList.jsp?mainProductType=18 HTTP/1.1" 200 6902 "-" "Mozilla/5.0 (Linux; Android 7.0; PRA-AL00X Build/HONORPRA-AL00X; wv) AppleWebKit/537.36 (KHTML, like Gecko) Version/4.0 Chrome/53.0.2785.49 Mobile MQQBrowser/6.2 TBS/043220 Safari/537.36 MicroMessenger/6.5.8.1060 NetType/WIFI Language/zh_CN" "-"
223.87.245.220 - - [04/Jun/2017:21:17:21 +0800] "POST /ComeIn?m=getOneTypeProductNew HTTP/1.1" 200 29453 "https://wx.jinpaihushi.com/jsp/H5/productTypeList.jsp?mainProductType=18" "Mozilla/5.0 (Linux; Android 7.0; PRA-AL00X Build/HONORPRA-AL00X; wv) AppleWebKit/537.36 (KHTML, like Gecko) Version/4.0 Chrome/53.0.2785.49 Mobile MQQBrowser/6.2 TBS/043220 Safari/537.36 MicroMessenger/6.5.8.1060 NetType/WIFI Language/zh_CN" "-"
223.104.9.219 - - [04/Jun/2017:21:17:29 +0800] "POST /Register?m=getCodeFenxiang HTTP/1.1" 200 21 "https://wx.jinpaihushi.com/jsp/Register/regiest.jsp?recommond=18625&from=groupmessage&isappinstalled=1" "Mozilla/5.0 (iPhone; CPU iPhone OS 10_3_1 like Mac OS X) AppleWebKit/603.1.30 (KHTML, like Gecko) Mobile/14E304 MicroMessenger/6.5.8 NetType/4G Language/zh_CN" "-"
222.209.150.156 - - [04/Jun/2017:21:17:32 +0800] "GET /jsp/Register/regiest.jsp?recommond=18625&from=groupmessage&isappinstalled=1 HTTP/1.1" 200 4839 "-" "Mozilla/5.0 (iPhone; CPU iPhone OS 10_0_2 like Mac OS X) AppleWebKit/602.1.50 (KHTML, like Gecko) Mobile/14A456 MicroMessenger/6.5.8 NetType/WIFI Language/zh_CN" "-"
222.209.150.156 - - [04/Jun/2017:21:17:32 +0800] "GET /css/register/yy.css HTTP/1.1" 200 2454 "https://wx.jinpaihushi.com/jsp/Register/regiest.jsp?recommond=18625&from=groupmessage&isappinstalled=1" "Mozilla/5.0 (iPhone; CPU iPhone OS 10_0_2 like Mac OS X) AppleWebKit/602.1.50 (KHTML, like Gecko) Mobile/14A456 MicroMessenger/6.5.8 NetType/WIFI Language/zh_CN" "-"
222.209.150.156 - - [04/Jun/2017:21:17:32 +0800] "GET /img/regiest/yanzhengma.png HTTP/1.1" 200 1123 "https://wx.jinpaihushi.com/jsp/Register/regiest.jsp?recommond=18625&from=groupmessage&isappinstalled=1" "Mozilla/5.0 (iPhone; CPU iPhone OS 10_0_2 like Mac OS X) AppleWebKit/602.1.50 (KHTML, like Gecko) Mobile/14A456 MicroMessenger/6.5.8 NetType/WIFI Language/zh_CN" "-"
222.209.150.156 - - [04/Jun/2017:21:17:32 +0800] "GET /img/regiest/shoujihao.png HTTP/1.1" 200 425 "https://wx.jinpaihushi.com/jsp/Register/regiest.jsp?recommond=18625&from=groupmessage&isappinstalled=1" "Mozilla/5.0 (iPhone; CPU iPhone OS 10_0_2 like Mac OS X) AppleWebKit/602.1.50 (KHTML, like Gecko) Mobile/14A456 MicroMessenger/6.5.8 NetType/WIFI Language/zh_CN" "-"
222.209.150.156 - - [04/Jun/2017:21:17:32 +0800] "GET /js/jquery-1.8.3.min.js HTTP/1.1" 200 93637 "https://wx.jinpaihushi.com/jsp/Register/regiest.jsp?recommond=18625&from=groupmessage&isappinstalled=1" "Mozilla/5.0 (iPhone; CPU iPhone OS 10_0_2 like Mac OS X) AppleWebKit/602.1.50 (KHTML, like Gecko) Mobile/14A456 MicroMessenger/6.5.8 NetType/WIFI Language/zh_CN" "-"
222.209.150.156 - - [04/Jun/2017:21:17:32 +0800] "GET /js/Login/login.js HTTP/1.1" 200 9907 "https://wx.jinpaihushi.com/jsp/Register/regiest.jsp?recommond=18625&from=groupmessage&isappinstalled=1" "Mozilla/5.0 (iPhone; CPU iPhone OS 10_0_2 like Mac OS X) AppleWebKit/602.1.50 (KHTML, like Gecko) Mobile/14A456 MicroMessenger/6.5.8 NetType/WIFI Language/zh_CN" "-"
222.209.150.156 - - [04/Jun/2017:21:17:32 +0800] "GET /js/register/regiest.js HTTP/1.1" 200 3172 "https://wx.jinpaihushi.com/jsp/Register/regiest.jsp?recommond=18625&from=groupmessage&isappinstalled=1" "Mozilla/5.0 (iPhone; CPU iPhone OS 10_0_2 like Mac OS X) AppleWebKit/602.1.50 (KHTML, like Gecko) Mobile/14A456 MicroMessenger/6.5.8 NetType/WIFI Language/zh_CN" "-"
222.209.150.156 - - [04/Jun/2017:21:17:32 +0800] "GET /img/regiest/jiantou.png HTTP/1.1" 200 721 "https://wx.jinpaihushi.com/jsp/Register/regiest.jsp?recommond=18625&from=groupmessage&isappinstalled=1" "Mozilla/5.0 (iPhone; CPU iPhone OS 10_0_2 like Mac OS X) AppleWebKit/602.1.50 (KHTML, like Gecko) Mobile/14A456 MicroMessenger/6.5.8 NetType/WIFI Language/zh_CN" "-"
222.209.150.156 - - [04/Jun/2017:21:17:33 +0800] "GET /css/register/weui.css HTTP/1.1" 200 195980 "https://wx.jinpaihushi.com/jsp/Register/regiest.jsp?recommond=18625&from=groupmessage&isappinstalled=1" "Mozilla/5.0 (iPhone; CPU iPhone OS 10_0_2 like Mac OS X) AppleWebKit/602.1.50 (KHTML, like Gecko) Mobile/14A456 MicroMessenger/6.5.8 NetType/WIFI Language/zh_CN" "-"
222.209.150.156 - - [04/Jun/2017:21:17:33 +0800] "GET /img/regiest/ditu.jpg HTTP/1.1" 200 104670 "https://wx.jinpaihushi.com/jsp/Register/regiest.jsp?recommond=18625&from=groupmessage&isappinstalled=1" "Mozilla/5.0 (iPhone; CPU iPhone OS 10_0_2 like Mac OS X) AppleWebKit/602.1.50 (KHTML, like Gecko) Mobile/14A456 MicroMessenger/6.5.8 NetType/WIFI Language/zh_CN" "-"
119.5.33.189 - - [04/Jun/2017:21:17:41 +0800] "GET /jsp/Register/regiest.jsp?recommond=18598 HTTP/1.1" 200 4839 "-" "Mozilla/5.0 (Linux; Android 5.0.2; ALE-UL00 Build/HuaweiALE-UL00; wv) AppleWebKit/537.36 (KHTML, like Gecko) Version/4.0 Chrome/53.0.2785.49 Mobile MQQBrowser/6.2 TBS/043305 Safari/537.36 V1_AND_SQ_6.6.8_478_YYB_D QQ/6.6.8.3050 NetType/WIFI WebP/0.3.0 Pixel/720" "-"
119.5.33.189 - - [04/Jun/2017:21:17:41 +0800] "GET /css/register/yy.css HTTP/1.1" 200 2454 "https://wx.jinpaihushi.com/jsp/Register/regiest.jsp?recommond=18598" "Mozilla/5.0 (Linux; Android 5.0.2; ALE-UL00 Build/HuaweiALE-UL00; wv) AppleWebKit/537.36 (KHTML, like Gecko) Version/4.0 Chrome/53.0.2785.49 Mobile MQQBrowser/6.2 TBS/043305 Safari/537.36 V1_AND_SQ_6.6.8_478_YYB_D QQ/6.6.8.3050 NetType/WIFI WebP/0.3.0 Pixel/720" "-"
119.5.33.189 - - [04/Jun/2017:21:17:41 +0800] "GET /js/jquery-1.8.3.min.js HTTP/1.1" 200 93637 "https://wx.jinpaihushi.com/jsp/Register/regiest.jsp?recommond=18598" "Mozilla/5.0 (Linux; Android 5.0.2; ALE-UL00 Build/HuaweiALE-UL00; wv) AppleWebKit/537.36 (KHTML, like Gecko) Version/4.0 Chrome/53.0.2785.49 Mobile MQQBrowser/6.2 TBS/043305 Safari/537.36 V1_AND_SQ_6.6.8_478_YYB_D QQ/6.6.8.3050 NetType/WIFI WebP/0.3.0 Pixel/720" "-"
119.5.33.189 - - [04/Jun/2017:21:17:42 +0800] "GET /js/Login/login.js HTTP/1.1" 200 9907 "https://wx.jinpaihushi.com/jsp/Register/regiest.jsp?recommond=18598" "Mozilla/5.0 (Linux; Android 5.0.2; ALE-UL00 Build/HuaweiALE-UL00; wv) AppleWebKit/537.36 (KHTML, like Gecko) Version/4.0 Chrome/53.0.2785.49 Mobile MQQBrowser/6.2 TBS/043305 Safari/537.36 V1_AND_SQ_6.6.8_478_YYB_D QQ/6.6.8.3050 NetType/WIFI WebP/0.3.0 Pixel/720" "-"
119.5.33.189 - - [04/Jun/2017:21:17:42 +0800] "GET /img/regiest/shoujihao.png HTTP/1.1" 200 425 "https://wx.jinpaihushi.com/jsp/Register/regiest.jsp?recommond=18598" "Mozilla/5.0 (Linux; Android 5.0.2; ALE-UL00 Build/HuaweiALE-UL00; wv) AppleWebKit/537.36 (KHTML, like Gecko) Version/4.0 Chrome/53.0.2785.49 Mobile MQQBrowser/6.2 TBS/043305 Safari/537.36 V1_AND_SQ_6.6.8_478_YYB_D QQ/6.6.8.3050 NetType/WIFI WebP/0.3.0 Pixel/720" "-"
119.5.33.189 - - [04/Jun/2017:21:17:42 +0800] "GET /img/regiest/yanzhengma.png HTTP/1.1" 200 1123 "https://wx.jinpaihushi.com/jsp/Register/regiest.jsp?recommond=18598" "Mozilla/5.0 (Linux; Android 5.0.2; ALE-UL00 Build/HuaweiALE-UL00; wv) AppleWebKit/537.36 (KHTML, like Gecko) Version/4.0 Chrome/53.0.2785.49 Mobile MQQBrowser/6.2 TBS/043305 Safari/537.36 V1_AND_SQ_6.6.8_478_YYB_D QQ/6.6.8.3050 NetType/WIFI WebP/0.3.0 Pixel/720" "-"
119.5.33.189 - - [04/Jun/2017:21:17:42 +0800] "GET /img/regiest/jiantou.png HTTP/1.1" 200 721 "https://wx.jinpaihushi.com/jsp/Register/regiest.jsp?recommond=18598" "Mozilla/5.0 (Linux; Android 5.0.2; ALE-UL00 Build/HuaweiALE-UL00; wv) AppleWebKit/537.36 (KHTML, like Gecko) Version/4.0 Chrome/53.0.2785.49 Mobile MQQBrowser/6.2 TBS/043305 Safari/537.36 V1_AND_SQ_6.6.8_478_YYB_D QQ/6.6.8.3050 NetType/WIFI WebP/0.3.0 Pixel/720" "-"
119.5.33.189 - - [04/Jun/2017:21:17:42 +0800] "GET /js/register/regiest.js HTTP/1.1" 200 3172 "https://wx.jinpaihushi.com/jsp/Register/regiest.jsp?recommond=18598" "Mozilla/5.0 (Linux; Android 5.0.2; ALE-UL00 Build/HuaweiALE-UL00; wv) AppleWebKit/537.36 (KHTML, like Gecko) Version/4.0 Chrome/53.0.2785.49 Mobile MQQBrowser/6.2 TBS/043305 Safari/537.36 V1_AND_SQ_6.6.8_478_YYB_D QQ/6.6.8.3050 NetType/WIFI WebP/0.3.0 Pixel/720" "-"
119.5.33.189 - - [04/Jun/2017:21:17:42 +0800] "GET /css/register/weui.css HTTP/1.1" 200 195980 "https://wx.jinpaihushi.com/jsp/Register/regiest.jsp?recommond=18598" "Mozilla/5.0 (Linux; Android 5.0.2; ALE-UL00 Build/HuaweiALE-UL00; wv) AppleWebKit/537.36 (KHTML, like Gecko) Version/4.0 Chrome/53.0.2785.49 Mobile MQQBrowser/6.2 TBS/043305 Safari/537.36 V1_AND_SQ_6.6.8_478_YYB_D QQ/6.6.8.3050 NetType/WIFI WebP/0.3.0 Pixel/720" "-"
119.5.33.189 - - [04/Jun/2017:21:17:44 +0800] "GET /img/regiest/ditu.jpg HTTP/1.1" 200 104670 "https://wx.jinpaihushi.com/css/register/yy.css" "Mozilla/5.0 (Linux; Android 5.0.2; ALE-UL00 Build/HuaweiALE-UL00; wv) AppleWebKit/537.36 (KHTML, like Gecko) Version/4.0 Chrome/53.0.2785.49 Mobile MQQBrowser/6.2 TBS/043305 Safari/537.36 V1_AND_SQ_6.6.8_478_YYB_D QQ/6.6.8.3050 NetType/WIFI WebP/0.3.0 Pixel/720" "-"
223.104.9.219 - - [04/Jun/2017:21:17:44 +0800] "POST /Register?m=checkCode HTTP/1.1" 200 12 "https://wx.jinpaihushi.com/jsp/Register/regiest.jsp?recommond=18625&from=groupmessage&isappinstalled=1" "Mozilla/5.0 (iPhone; CPU iPhone OS 10_3_1 like Mac OS X) AppleWebKit/603.1.30 (KHTML, like Gecko) Mobile/14E304 MicroMessenger/6.5.8 NetType/4G Language/zh_CN" "-"
223.104.9.219 - - [04/Jun/2017:21:17:45 +0800] "GET /jsp/Register/regiestOk.jsp?userType=1 HTTP/1.1" 200 4759 "https://wx.jinpaihushi.com/jsp/Register/regiest.jsp?recommond=18625&from=groupmessage&isappinstalled=1" "Mozilla/5.0 (iPhone; CPU iPhone OS 10_3_1 like Mac OS X) AppleWebKit/603.1.30 (KHTML, like Gecko) Mobile/14E304 MicroMessenger/6.5.8 NetType/4G Language/zh_CN" "-"
223.104.9.219 - - [04/Jun/2017:21:17:45 +0800] "GET /img/regiest/yz.png HTTP/1.1" 200 1109 "https://wx.jinpaihushi.com/jsp/Register/regiestOk.jsp?userType=1" "Mozilla/5.0 (iPhone; CPU iPhone OS 10_3_1 like Mac OS X) AppleWebKit/603.1.30 (KHTML, like Gecko) Mobile/14E304 MicroMessenger/6.5.8 NetType/4G Language/zh_CN" "-"
223.104.9.219 - - [04/Jun/2017:21:17:45 +0800] "GET /img/regiest/mima.png HTTP/1.1" 200 754 "https://wx.jinpaihushi.com/jsp/Register/regiestOk.jsp?userType=1" "Mozilla/5.0 (iPhone; CPU iPhone OS 10_3_1 like Mac OS X) AppleWebKit/603.1.30 (KHTML, like Gecko) Mobile/14E304 MicroMessenger/6.5.8 NetType/4G Language/zh_CN" "-"
223.104.9.219 - - [04/Jun/2017:21:17:45 +0800] "GET /js/register/regiestOk.js HTTP/1.1" 200 1771 "https://wx.jinpaihushi.com/jsp/Register/regiestOk.jsp?userType=1" "Mozilla/5.0 (iPhone; CPU iPhone OS 10_3_1 like Mac OS X) AppleWebKit/603.1.30 (KHTML, like Gecko) Mobile/14E304 MicroMessenger/6.5.8 NetType/4G Language/zh_CN" "-"
222.209.150.156 - - [04/Jun/2017:21:17:49 +0800] "POST /Register?m=getCodeFenxiang HTTP/1.1" 200 21 "https://wx.jinpaihushi.com/jsp/Register/regiest.jsp?recommond=18625&from=groupmessage&isappinstalled=1" "Mozilla/5.0 (iPhone; CPU iPhone OS 10_0_2 like Mac OS X) AppleWebKit/602.1.50 (KHTML, like Gecko) Mobile/14A456 MicroMessenger/6.5.8 NetType/WIFI Language/zh_CN" "-"
117.174.91.204 - - [04/Jun/2017:21:17:55 +0800] "POST /Register?m=rigiestHHD HTTP/1.1" 200 58 "https://wx.jinpaihushi.com/jsp/Register/regiestOk.jsp?userType=1" "Mozilla/5.0 (iPhone; CPU iPhone OS 9_3_2 like Mac OS X) AppleWebKit/601.1.46 (KHTML, like Gecko) Mobile/13F69 QQ/7.0.1.407 V1_IPH_SQ_7.0.1_1_APP_A Pixel/750 Core/UIWebView NetType/WIFI QBWebViewType/1" "-"
119.5.33.189 - - [04/Jun/2017:21:18:02 +0800] "POST /Register?m=getCodeFenxiang HTTP/1.1" 200 21 "https://wx.jinpaihushi.com/jsp/Register/regiest.jsp?recommond=18598" "Mozilla/5.0 (Linux; Android 5.0.2; ALE-UL00 Build/HuaweiALE-UL00; wv) AppleWebKit/537.36 (KHTML, like Gecko) Version/4.0 Chrome/53.0.2785.49 Mobile MQQBrowser/6.2 TBS/043305 Safari/537.36 V1_AND_SQ_6.6.8_478_YYB_D QQ/6.6.8.3050 NetType/WIFI WebP/0.3.0 Pixel/720" "-"
124.161.176.142 - - [04/Jun/2017:21:18:03 +0800] "GET /jsp/Register/regiest.jsp?recommond=18598 HTTP/1.1" 200 4839 "-" "Mozilla/5.0 (Linux; Android 4.4.4; vivo X5Max+ Build/KTU84P; wv) AppleWebKit/537.36 (KHTML, like Gecko) Version/4.0 Chrome/53.0.2785.49 Mobile MQQBrowser/6.2 TBS/043221 Safari/537.36 V1_AND_SQ_6.3.1_350_YYB_D QQ/6.3.1.2735 NetType/WIFI WebP/0.3.0 Pixel/1080" "-"
124.161.176.142 - - [04/Jun/2017:21:18:03 +0800] "GET /css/register/yy.css HTTP/1.1" 200 2454 "https://wx.jinpaihushi.com/jsp/Register/regiest.jsp?recommond=18598" "Mozilla/5.0 (Linux; Android 4.4.4; vivo X5Max+ Build/KTU84P; wv) AppleWebKit/537.36 (KHTML, like Gecko) Version/4.0 Chrome/53.0.2785.49 Mobile MQQBrowser/6.2 TBS/043221 Safari/537.36 V1_AND_SQ_6.3.1_350_YYB_D QQ/6.3.1.2735 NetType/WIFI WebP/0.3.0 Pixel/1080" "-"
124.161.176.142 - - [04/Jun/2017:21:18:03 +0800] "GET /js/jquery-1.8.3.min.js HTTP/1.1" 200 93637 "https://wx.jinpaihushi.com/jsp/Register/regiest.jsp?recommond=18598" "Mozilla/5.0 (Linux; Android 4.4.4; vivo X5Max+ Build/KTU84P; wv) AppleWebKit/537.36 (KHTML, like Gecko) Version/4.0 Chrome/53.0.2785.49 Mobile MQQBrowser/6.2 TBS/043221 Safari/537.36 V1_AND_SQ_6.3.1_350_YYB_D QQ/6.3.1.2735 NetType/WIFI WebP/0.3.0 Pixel/1080" "-"
124.161.176.142 - - [04/Jun/2017:21:18:03 +0800] "GET /css/register/weui.css HTTP/1.1" 200 195980 "https://wx.jinpaihushi.com/jsp/Register/regiest.jsp?recommond=18598" "Mozilla/5.0 (Linux; Android 4.4.4; vivo X5Max+ Build/KTU84P; wv) AppleWebKit/537.36 (KHTML, like Gecko) Version/4.0 Chrome/53.0.2785.49 Mobile MQQBrowser/6.2 TBS/043221 Safari/537.36 V1_AND_SQ_6.3.1_350_YYB_D QQ/6.3.1.2735 NetType/WIFI WebP/0.3.0 Pixel/1080" "-"
124.161.176.142 - - [04/Jun/2017:21:18:03 +0800] "GET /js/Login/login.js HTTP/1.1" 200 9907 "https://wx.jinpaihushi.com/jsp/Register/regiest.jsp?recommond=18598" "Mozilla/5.0 (Linux; Android 4.4.4; vivo X5Max+ Build/KTU84P; wv) AppleWebKit/537.36 (KHTML, like Gecko) Version/4.0 Chrome/53.0.2785.49 Mobile MQQBrowser/6.2 TBS/043221 Safari/537.36 V1_AND_SQ_6.3.1_350_YYB_D QQ/6.3.1.2735 NetType/WIFI WebP/0.3.0 Pixel/1080" "-"
124.161.176.142 - - [04/Jun/2017:21:18:03 +0800] "GET /img/regiest/shoujihao.png HTTP/1.1" 200 425 "https://wx.jinpaihushi.com/jsp/Register/regiest.jsp?recommond=18598" "Mozilla/5.0 (Linux; Android 4.4.4; vivo X5Max+ Build/KTU84P; wv) AppleWebKit/537.36 (KHTML, like Gecko) Version/4.0 Chrome/53.0.2785.49 Mobile MQQBrowser/6.2 TBS/043221 Safari/537.36 V1_AND_SQ_6.3.1_350_YYB_D QQ/6.3.1.2735 NetType/WIFI WebP/0.3.0 Pixel/1080" "-"
124.161.176.142 - - [04/Jun/2017:21:18:03 +0800] "GET /js/register/regiest.js HTTP/1.1" 200 3172 "https://wx.jinpaihushi.com/jsp/Register/regiest.jsp?recommond=18598" "Mozilla/5.0 (Linux; Android 4.4.4; vivo X5Max+ Build/KTU84P; wv) AppleWebKit/537.36 (KHTML, like Gecko) Version/4.0 Chrome/53.0.2785.49 Mobile MQQBrowser/6.2 TBS/043221 Safari/537.36 V1_AND_SQ_6.3.1_350_YYB_D QQ/6.3.1.2735 NetType/WIFI WebP/0.3.0 Pixel/1080" "-"
124.161.176.142 - - [04/Jun/2017:21:18:03 +0800] "GET /img/regiest/yanzhengma.png HTTP/1.1" 200 1123 "https://wx.jinpaihushi.com/jsp/Register/regiest.jsp?recommond=18598" "Mozilla/5.0 (Linux; Android 4.4.4; vivo X5Max+ Build/KTU84P; wv) AppleWebKit/537.36 (KHTML, like Gecko) Version/4.0 Chrome/53.0.2785.49 Mobile MQQBrowser/6.2 TBS/043221 Safari/537.36 V1_AND_SQ_6.3.1_350_YYB_D QQ/6.3.1.2735 NetType/WIFI WebP/0.3.0 Pixel/1080" "-"
124.161.176.142 - - [04/Jun/2017:21:18:03 +0800] "GET /img/regiest/jiantou.png HTTP/1.1" 200 721 "https://wx.jinpaihushi.com/jsp/Register/regiest.jsp?recommond=18598" "Mozilla/5.0 (Linux; Android 4.4.4; vivo X5Max+ Build/KTU84P; wv) AppleWebKit/537.36 (KHTML, like Gecko) Version/4.0 Chrome/53.0.2785.49 Mobile MQQBrowser/6.2 TBS/043221 Safari/537.36 V1_AND_SQ_6.3.1_350_YYB_D QQ/6.3.1.2735 NetType/WIFI WebP/0.3.0 Pixel/1080" "-"
124.161.176.142 - - [04/Jun/2017:21:18:03 +0800] "GET /img/regiest/ditu.jpg HTTP/1.1" 200 104670 "https://wx.jinpaihushi.com/css/register/yy.css" "Mozilla/5.0 (Linux; Android 4.4.4; vivo X5Max+ Build/KTU84P; wv) AppleWebKit/537.36 (KHTML, like Gecko) Version/4.0 Chrome/53.0.2785.49 Mobile MQQBrowser/6.2 TBS/043221 Safari/537.36 V1_AND_SQ_6.3.1_350_YYB_D QQ/6.3.1.2735 NetType/WIFI WebP/0.3.0 Pixel/1080" "-"
117.174.91.204 - - [04/Jun/2017:21:18:05 +0800] "GET /jsp/Register/regiestOk.jsp?userType=1 HTTP/1.1" 200 4759 "-" "Mozilla/5.0 (iPhone; CPU iPhone OS 9_3_2 like Mac OS X) AppleWebKit/601.1.46 (KHTML, like Gecko) Version/9.0 Mobile/13F69 Safari/601.1" "-"
117.174.91.204 - - [04/Jun/2017:21:18:05 +0800] "GET /css/register/yy.css HTTP/1.1" 200 2454 "https://wx.jinpaihushi.com/jsp/Register/regiestOk.jsp?userType=1" "Mozilla/5.0 (iPhone; CPU iPhone OS 9_3_2 like Mac OS X) AppleWebKit/601.1.46 (KHTML, like Gecko) Version/9.0 Mobile/13F69 Safari/601.1" "-"
117.174.91.204 - - [04/Jun/2017:21:18:05 +0800] "GET /js/Login/login.js HTTP/1.1" 200 9907 "https://wx.jinpaihushi.com/jsp/Register/regiestOk.jsp?userType=1" "Mozilla/5.0 (iPhone; CPU iPhone OS 9_3_2 like Mac OS X) AppleWebKit/601.1.46 (KHTML, like Gecko) Version/9.0 Mobile/13F69 Safari/601.1" "-"
117.174.91.204 - - [04/Jun/2017:21:18:05 +0800] "GET /js/register/regiestOk.js HTTP/1.1" 200 1771 "https://wx.jinpaihushi.com/jsp/Register/regiestOk.jsp?userType=1" "Mozilla/5.0 (iPhone; CPU iPhone OS 9_3_2 like Mac OS X) AppleWebKit/601.1.46 (KHTML, like Gecko) Version/9.0 Mobile/13F69 Safari/601.1" "-"
117.174.91.204 - - [04/Jun/2017:21:18:06 +0800] "GET /img/regiest/yz.png HTTP/1.1" 200 1109 "https://wx.jinpaihushi.com/jsp/Register/regiestOk.jsp?userType=1" "Mozilla/5.0 (iPhone; CPU iPhone OS 9_3_2 like Mac OS X) AppleWebKit/601.1.46 (KHTML, like Gecko) Version/9.0 Mobile/13F69 Safari/601.1" "-"
117.174.91.204 - - [04/Jun/2017:21:18:06 +0800] "GET /img/regiest/jiantou.png HTTP/1.1" 200 721 "https://wx.jinpaihushi.com/jsp/Register/regiestOk.jsp?userType=1" "Mozilla/5.0 (iPhone; CPU iPhone OS 9_3_2 like Mac OS X) AppleWebKit/601.1.46 (KHTML, like Gecko) Version/9.0 Mobile/13F69 Safari/601.1" "-"
117.174.91.204 - - [04/Jun/2017:21:18:06 +0800] "GET /img/regiest/mima.png HTTP/1.1" 200 754 "https://wx.jinpaihushi.com/jsp/Register/regiestOk.jsp?userType=1" "Mozilla/5.0 (iPhone; CPU iPhone OS 9_3_2 like Mac OS X) AppleWebKit/601.1.46 (KHTML, like Gecko) Version/9.0 Mobile/13F69 Safari/601.1" "-"
117.174.91.204 - - [04/Jun/2017:21:18:07 +0800] "GET /js/jquery-1.8.3.min.js HTTP/1.1" 200 93637 "https://wx.jinpaihushi.com/jsp/Register/regiestOk.jsp?userType=1" "Mozilla/5.0 (iPhone; CPU iPhone OS 9_3_2 like Mac OS X) AppleWebKit/601.1.46 (KHTML, like Gecko) Version/9.0 Mobile/13F69 Safari/601.1" "-"
117.174.91.204 - - [04/Jun/2017:21:18:07 +0800] "GET /css/register/weui.css HTTP/1.1" 200 195980 "https://wx.jinpaihushi.com/jsp/Register/regiestOk.jsp?userType=1" "Mozilla/5.0 (iPhone; CPU iPhone OS 9_3_2 like Mac OS X) AppleWebKit/601.1.46 (KHTML, like Gecko) Version/9.0 Mobile/13F69 Safari/601.1" "-"
117.174.91.204 - - [04/Jun/2017:21:18:08 +0800] "GET /img/regiest/ditu.jpg HTTP/1.1" 200 104670 "https://wx.jinpaihushi.com/jsp/Register/regiestOk.jsp?userType=1" "Mozilla/5.0 (iPhone; CPU iPhone OS 9_3_2 like Mac OS X) AppleWebKit/601.1.46 (KHTML, like Gecko) Version/9.0 Mobile/13F69 Safari/601.1" "-"
223.104.9.219 - - [04/Jun/2017:21:18:08 +0800] "POST /Register?m=rigiestHHD HTTP/1.1" 200 85 "https://wx.jinpaihushi.com/jsp/Register/regiestOk.jsp?userType=1" "Mozilla/5.0 (iPhone; CPU iPhone OS 10_3_1 like Mac OS X) AppleWebKit/603.1.30 (KHTML, like Gecko) Mobile/14E304 MicroMessenger/6.5.8 NetType/4G Language/zh_CN" "-"
117.174.91.204 - - [04/Jun/2017:21:18:15 +0800] "GET /jsp/Register/regiestOk.jsp?userType=1 HTTP/1.1" 200 4759 "-" "Mozilla/5.0 (iPhone; CPU iPhone OS 9_3_2 like Mac OS X) AppleWebKit/601.1.46 (KHTML, like Gecko) Version/9.0 Mobile/13F69 Safari/601.1" "-"
117.174.91.204 - - [04/Jun/2017:21:18:17 +0800] "GET /js/jquery-1.8.3.min.js HTTP/1.1" 499 0 "https://wx.jinpaihushi.com/jsp/Register/regiestOk.jsp?userType=1" "Mozilla/5.0 (iPhone; CPU iPhone OS 9_3_2 like Mac OS X) AppleWebKit/601.1.46 (KHTML, like Gecko) Version/9.0 Mobile/13F69 Safari/601.1" "-"
117.174.91.204 - - [04/Jun/2017:21:18:17 +0800] "GET /img/regiest/yz.png HTTP/1.1" 304 0 "https://wx.jinpaihushi.com/jsp/Register/regiestOk.jsp?userType=1" "Mozilla/5.0 (iPhone; CPU iPhone OS 9_3_2 like Mac OS X) AppleWebKit/601.1.46 (KHTML, like Gecko) Version/9.0 Mobile/13F69 Safari/601.1" "-"
117.174.91.204 - - [04/Jun/2017:21:18:17 +0800] "GET /css/register/weui.css HTTP/1.1" 304 0 "https://wx.jinpaihushi.com/jsp/Register/regiestOk.jsp?userType=1" "Mozilla/5.0 (iPhone; CPU iPhone OS 9_3_2 like Mac OS X) AppleWebKit/601.1.46 (KHTML, like Gecko) Version/9.0 Mobile/13F69 Safari/601.1" "-"
117.174.91.204 - - [04/Jun/2017:21:18:17 +0800] "GET /img/regiest/mima.png HTTP/1.1" 304 0 "https://wx.jinpaihushi.com/jsp/Register/regiestOk.jsp?userType=1" "Mozilla/5.0 (iPhone; CPU iPhone OS 9_3_2 like Mac OS X) AppleWebKit/601.1.46 (KHTML, like Gecko) Version/9.0 Mobile/13F69 Safari/601.1" "-"
117.174.91.204 - - [04/Jun/2017:21:18:17 +0800] "GET /js/register/regiestOk.js HTTP/1.1" 304 0 "https://wx.jinpaihushi.com/jsp/Register/regiestOk.jsp?userType=1" "Mozilla/5.0 (iPhone; CPU iPhone OS 9_3_2 like Mac OS X) AppleWebKit/601.1.46 (KHTML, like Gecko) Version/9.0 Mobile/13F69 Safari/601.1" "-"
117.174.91.204 - - [04/Jun/2017:21:18:17 +0800] "GET /img/regiest/jiantou.png HTTP/1.1" 304 0 "https://wx.jinpaihushi.com/jsp/Register/regiestOk.jsp?userType=1" "Mozilla/5.0 (iPhone; CPU iPhone OS 9_3_2 like Mac OS X) AppleWebKit/601.1.46 (KHTML, like Gecko) Version/9.0 Mobile/13F69 Safari/601.1" "-"
117.174.91.204 - - [04/Jun/2017:21:18:17 +0800] "GET /css/register/yy.css HTTP/1.1" 304 0 "https://wx.jinpaihushi.com/jsp/Register/regiestOk.jsp?userType=1" "Mozilla/5.0 (iPhone; CPU iPhone OS 9_3_2 like Mac OS X) AppleWebKit/601.1.46 (KHTML, like Gecko) Version/9.0 Mobile/13F69 Safari/601.1" "-"
117.174.91.204 - - [04/Jun/2017:21:18:17 +0800] "GET /js/Login/login.js HTTP/1.1" 304 0 "https://wx.jinpaihushi.com/jsp/Register/regiestOk.jsp?userType=1" "Mozilla/5.0 (iPhone; CPU iPhone OS 9_3_2 like Mac OS X) AppleWebKit/601.1.46 (KHTML, like Gecko) Version/9.0 Mobile/13F69 Safari/601.1" "-"
124.161.176.142 - - [04/Jun/2017:21:18:17 +0800] "POST /Register?m=getCodeFenxiang HTTP/1.1" 200 21 "https://wx.jinpaihushi.com/jsp/Register/regiest.jsp?recommond=18598" "Mozilla/5.0 (Linux; Android 4.4.4; vivo X5Max+ Build/KTU84P; wv) AppleWebKit/537.36 (KHTML, like Gecko) Version/4.0 Chrome/53.0.2785.49 Mobile MQQBrowser/6.2 TBS/043221 Safari/537.36 V1_AND_SQ_6.3.1_350_YYB_D QQ/6.3.1.2735 NetType/WIFI WebP/0.3.0 Pixel/1080" "-"
117.174.27.91 - - [04/Jun/2017:21:18:19 +0800] "GET /jsp/Register/regiest.jsp?recommond=18623&from=timeline&isappinstalled=1 HTTP/1.1" 200 4839 "-" "Mozilla/5.0 (iPhone; CPU iPhone OS 10_3_2 like Mac OS X) AppleWebKit/603.2.4 (KHTML, like Gecko) Mobile/14F89 MicroMessenger/6.5.8 NetType/WIFI Language/zh_CN" "-"
117.174.27.91 - - [04/Jun/2017:21:18:19 +0800] "GET /css/register/yy.css HTTP/1.1" 200 2454 "https://wx.jinpaihushi.com/jsp/Register/regiest.jsp?recommond=18623&from=timeline&isappinstalled=1" "Mozilla/5.0 (iPhone; CPU iPhone OS 10_3_2 like Mac OS X) AppleWebKit/603.2.4 (KHTML, like Gecko) Mobile/14F89 MicroMessenger/6.5.8 NetType/WIFI Language/zh_CN" "-"
117.174.27.91 - - [04/Jun/2017:21:18:19 +0800] "GET /js/jquery-1.8.3.min.js HTTP/1.1" 200 93637 "https://wx.jinpaihushi.com/jsp/Register/regiest.jsp?recommond=18623&from=timeline&isappinstalled=1" "Mozilla/5.0 (iPhone; CPU iPhone OS 10_3_2 like Mac OS X) AppleWebKit/603.2.4 (KHTML, like Gecko) Mobile/14F89 MicroMessenger/6.5.8 NetType/WIFI Language/zh_CN" "-"
117.174.27.91 - - [04/Jun/2017:21:18:19 +0800] "GET /img/regiest/yanzhengma.png HTTP/1.1" 200 1123 "https://wx.jinpaihushi.com/jsp/Register/regiest.jsp?recommond=18623&from=timeline&isappinstalled=1" "Mozilla/5.0 (iPhone; CPU iPhone OS 10_3_2 like Mac OS X) AppleWebKit/603.2.4 (KHTML, like Gecko) Mobile/14F89 MicroMessenger/6.5.8 NetType/WIFI Language/zh_CN" "-"
117.174.27.91 - - [04/Jun/2017:21:18:19 +0800] "GET /img/regiest/shoujihao.png HTTP/1.1" 200 425 "https://wx.jinpaihushi.com/jsp/Register/regiest.jsp?recommond=18623&from=timeline&isappinstalled=1" "Mozilla/5.0 (iPhone; CPU iPhone OS 10_3_2 like Mac OS X) AppleWebKit/603.2.4 (KHTML, like Gecko) Mobile/14F89 MicroMessenger/6.5.8 NetType/WIFI Language/zh_CN" "-"
117.174.27.91 - - [04/Jun/2017:21:18:19 +0800] "GET /js/Login/login.js HTTP/1.1" 200 9907 "https://wx.jinpaihushi.com/jsp/Register/regiest.jsp?recommond=18623&from=timeline&isappinstalled=1" "Mozilla/5.0 (iPhone; CPU iPhone OS 10_3_2 like Mac OS X) AppleWebKit/603.2.4 (KHTML, like Gecko) Mobile/14F89 MicroMessenger/6.5.8 NetType/WIFI Language/zh_CN" "-"
117.174.27.91 - - [04/Jun/2017:21:18:19 +0800] "GET /js/register/regiest.js HTTP/1.1" 200 3172 "https://wx.jinpaihushi.com/jsp/Register/regiest.jsp?recommond=18623&from=timeline&isappinstalled=1" "Mozilla/5.0 (iPhone; CPU iPhone OS 10_3_2 like Mac OS X) AppleWebKit/603.2.4 (KHTML, like Gecko) Mobile/14F89 MicroMessenger/6.5.8 NetType/WIFI Language/zh_CN" "-"
117.174.27.91 - - [04/Jun/2017:21:18:19 +0800] "GET /img/regiest/jiantou.png HTTP/1.1" 200 721 "https://wx.jinpaihushi.com/jsp/Register/regiest.jsp?recommond=18623&from=timeline&isappinstalled=1" "Mozilla/5.0 (iPhone; CPU iPhone OS 10_3_2 like Mac OS X) AppleWebKit/603.2.4 (KHTML, like Gecko) Mobile/14F89 MicroMessenger/6.5.8 NetType/WIFI Language/zh_CN" "-"
117.174.27.91 - - [04/Jun/2017:21:18:19 +0800] "GET /css/register/weui.css HTTP/1.1" 200 195980 "https://wx.jinpaihushi.com/jsp/Register/regiest.jsp?recommond=18623&from=timeline&isappinstalled=1" "Mozilla/5.0 (iPhone; CPU iPhone OS 10_3_2 like Mac OS X) AppleWebKit/603.2.4 (KHTML, like Gecko) Mobile/14F89 MicroMessenger/6.5.8 NetType/WIFI Language/zh_CN" "-"
117.174.27.91 - - [04/Jun/2017:21:18:19 +0800] "GET /img/regiest/ditu.jpg HTTP/1.1" 200 104670 "https://wx.jinpaihushi.com/jsp/Register/regiest.jsp?recommond=18623&from=timeline&isappinstalled=1" "Mozilla/5.0 (iPhone; CPU iPhone OS 10_3_2 like Mac OS X) AppleWebKit/603.2.4 (KHTML, like Gecko) Mobile/14F89 MicroMessenger/6.5.8 NetType/WIFI Language/zh_CN" "-"
119.5.33.189 - - [04/Jun/2017:21:18:29 +0800] "POST /Register?m=checkCode HTTP/1.1" 200 12 "https://wx.jinpaihushi.com/jsp/Register/regiest.jsp?recommond=18598" "Mozilla/5.0 (Linux; Android 5.0.2; ALE-UL00 Build/HuaweiALE-UL00; wv) AppleWebKit/537.36 (KHTML, like Gecko) Version/4.0 Chrome/53.0.2785.49 Mobile MQQBrowser/6.2 TBS/043305 Safari/537.36 V1_AND_SQ_6.6.8_478_YYB_D QQ/6.6.8.3050 NetType/WIFI WebP/0.3.0 Pixel/720" "-"
119.5.33.189 - - [04/Jun/2017:21:18:29 +0800] "GET /jsp/Register/regiestOk.jsp?userType=1 HTTP/1.1" 200 4759 "https://wx.jinpaihushi.com/jsp/Register/regiest.jsp?recommond=18598" "Mozilla/5.0 (Linux; Android 5.0.2; ALE-UL00 Build/HuaweiALE-UL00; wv) AppleWebKit/537.36 (KHTML, like Gecko) Version/4.0 Chrome/53.0.2785.49 Mobile MQQBrowser/6.2 TBS/043305 Safari/537.36 V1_AND_SQ_6.6.8_478_YYB_D QQ/6.6.8.3050 NetType/WIFI WebP/0.3.0 Pixel/720" "-"
119.5.33.189 - - [04/Jun/2017:21:18:29 +0800] "GET /js/register/regiestOk.js HTTP/1.1" 200 1771 "https://wx.jinpaihushi.com/jsp/Register/regiestOk.jsp?userType=1" "Mozilla/5.0 (Linux; Android 5.0.2; ALE-UL00 Build/HuaweiALE-UL00; wv) AppleWebKit/537.36 (KHTML, like Gecko) Version/4.0 Chrome/53.0.2785.49 Mobile MQQBrowser/6.2 TBS/043305 Safari/537.36 V1_AND_SQ_6.6.8_478_YYB_D QQ/6.6.8.3050 NetType/WIFI WebP/0.3.0 Pixel/720" "-"
119.5.33.189 - - [04/Jun/2017:21:18:29 +0800] "GET /img/regiest/yz.png HTTP/1.1" 200 1109 "https://wx.jinpaihushi.com/jsp/Register/regiestOk.jsp?userType=1" "Mozilla/5.0 (Linux; Android 5.0.2; ALE-UL00 Build/HuaweiALE-UL00; wv) AppleWebKit/537.36 (KHTML, like Gecko) Version/4.0 Chrome/53.0.2785.49 Mobile MQQBrowser/6.2 TBS/043305 Safari/537.36 V1_AND_SQ_6.6.8_478_YYB_D QQ/6.6.8.3050 NetType/WIFI WebP/0.3.0 Pixel/720" "-"
119.5.33.189 - - [04/Jun/2017:21:18:29 +0800] "GET /img/regiest/mima.png HTTP/1.1" 200 754 "https://wx.jinpaihushi.com/jsp/Register/regiestOk.jsp?userType=1" "Mozilla/5.0 (Linux; Android 5.0.2; ALE-UL00 Build/HuaweiALE-UL00; wv) AppleWebKit/537.36 (KHTML, like Gecko) Version/4.0 Chrome/53.0.2785.49 Mobile MQQBrowser/6.2 TBS/043305 Safari/537.36 V1_AND_SQ_6.6.8_478_YYB_D QQ/6.6.8.3050 NetType/WIFI WebP/0.3.0 Pixel/720" "-"
117.174.27.91 - - [04/Jun/2017:21:18:29 +0800] "POST /Register?m=getCodeFenxiang HTTP/1.1" 200 21 "https://wx.jinpaihushi.com/jsp/Register/regiest.jsp?recommond=18623&from=timeline&isappinstalled=1" "Mozilla/5.0 (iPhone; CPU iPhone OS 10_3_2 like Mac OS X) AppleWebKit/603.2.4 (KHTML, like Gecko) Mobile/14F89 MicroMessenger/6.5.8 NetType/WIFI Language/zh_CN" "-"
223.85.219.126 - - [04/Jun/2017:21:18:33 +0800] "GET /NuresAppDownload HTTP/1.1" 302 0 "-" "Mozilla/5.0 (Linux; Android 5.1.1; NX513J Build/LMY47V; wv) AppleWebKit/537.36 (KHTML, like Gecko) Version/4.0 Chrome/53.0.2785.49 Mobile MQQBrowser/6.2 TBS/043220 Safari/537.36 MicroMessenger/6.5.8.1060 NetType/WIFI Language/zh_CN" "-"
223.85.219.126 - - [04/Jun/2017:21:18:33 +0800] "GET /jsp/H5/pagePlugin/client_download/appdownload.jsp HTTP/1.1" 200 2090 "-" "Mozilla/5.0 (Linux; Android 5.1.1; NX513J Build/LMY47V; wv) AppleWebKit/537.36 (KHTML, like Gecko) Version/4.0 Chrome/53.0.2785.49 Mobile MQQBrowser/6.2 TBS/043220 Safari/537.36 MicroMessenger/6.5.8.1060 NetType/WIFI Language/zh_CN" "-"
124.161.176.142 - - [04/Jun/2017:21:18:45 +0800] "POST /Register?m=checkCode HTTP/1.1" 200 12 "https://wx.jinpaihushi.com/jsp/Register/regiest.jsp?recommond=18598" "Mozilla/5.0 (Linux; Android 4.4.4; vivo X5Max+ Build/KTU84P; wv) AppleWebKit/537.36 (KHTML, like Gecko) Version/4.0 Chrome/53.0.2785.49 Mobile MQQBrowser/6.2 TBS/043221 Safari/537.36 V1_AND_SQ_6.3.1_350_YYB_D QQ/6.3.1.2735 NetType/WIFI WebP/0.3.0 Pixel/1080" "-"
124.161.176.142 - - [04/Jun/2017:21:18:46 +0800] "GET /jsp/Register/regiestOk.jsp?userType=1 HTTP/1.1" 200 4759 "https://wx.jinpaihushi.com/jsp/Register/regiest.jsp?recommond=18598" "Mozilla/5.0 (Linux; Android 4.4.4; vivo X5Max+ Build/KTU84P; wv) AppleWebKit/537.36 (KHTML, like Gecko) Version/4.0 Chrome/53.0.2785.49 Mobile MQQBrowser/6.2 TBS/043221 Safari/537.36 V1_AND_SQ_6.3.1_350_YYB_D QQ/6.3.1.2735 NetType/WIFI WebP/0.3.0 Pixel/1080" "-"
124.161.176.142 - - [04/Jun/2017:21:18:46 +0800] "GET /img/regiest/yz.png HTTP/1.1" 200 1109 "https://wx.jinpaihushi.com/jsp/Register/regiestOk.jsp?userType=1" "Mozilla/5.0 (Linux; Android 4.4.4; vivo X5Max+ Build/KTU84P; wv) AppleWebKit/537.36 (KHTML, like Gecko) Version/4.0 Chrome/53.0.2785.49 Mobile MQQBrowser/6.2 TBS/043221 Safari/537.36 V1_AND_SQ_6.3.1_350_YYB_D QQ/6.3.1.2735 NetType/WIFI WebP/0.3.0 Pixel/1080" "-"
124.161.176.142 - - [04/Jun/2017:21:18:46 +0800] "GET /img/regiest/mima.png HTTP/1.1" 200 754 "https://wx.jinpaihushi.com/jsp/Register/regiestOk.jsp?userType=1" "Mozilla/5.0 (Linux; Android 4.4.4; vivo X5Max+ Build/KTU84P; wv) AppleWebKit/537.36 (KHTML, like Gecko) Version/4.0 Chrome/53.0.2785.49 Mobile MQQBrowser/6.2 TBS/043221 Safari/537.36 V1_AND_SQ_6.3.1_350_YYB_D QQ/6.3.1.2735 NetType/WIFI WebP/0.3.0 Pixel/1080" "-"
124.161.176.142 - - [04/Jun/2017:21:18:46 +0800] "GET /js/register/regiestOk.js HTTP/1.1" 200 1771 "https://wx.jinpaihushi.com/jsp/Register/regiestOk.jsp?userType=1" "Mozilla/5.0 (Linux; Android 4.4.4; vivo X5Max+ Build/KTU84P; wv) AppleWebKit/537.36 (KHTML, like Gecko) Version/4.0 Chrome/53.0.2785.49 Mobile MQQBrowser/6.2 TBS/043221 Safari/537.36 V1_AND_SQ_6.3.1_350_YYB_D QQ/6.3.1.2735 NetType/WIFI WebP/0.3.0 Pixel/1080" "-"
117.174.27.91 - - [04/Jun/2017:21:18:48 +0800] "POST /Register?m=checkCode HTTP/1.1" 200 12 "https://wx.jinpaihushi.com/jsp/Register/regiest.jsp?recommond=18623&from=timeline&isappinstalled=1" "Mozilla/5.0 (iPhone; CPU iPhone OS 10_3_2 like Mac OS X) AppleWebKit/603.2.4 (KHTML, like Gecko) Mobile/14F89 MicroMessenger/6.5.8 NetType/WIFI Language/zh_CN" "-"
117.174.27.91 - - [04/Jun/2017:21:18:48 +0800] "GET /jsp/Register/regiestOk.jsp?userType=1 HTTP/1.1" 200 4759 "https://wx.jinpaihushi.com/jsp/Register/regiest.jsp?recommond=18623&from=timeline&isappinstalled=1" "Mozilla/5.0 (iPhone; CPU iPhone OS 10_3_2 like Mac OS X) AppleWebKit/603.2.4 (KHTML, like Gecko) Mobile/14F89 MicroMessenger/6.5.8 NetType/WIFI Language/zh_CN" "-"
117.174.27.91 - - [04/Jun/2017:21:18:48 +0800] "GET /img/regiest/mima.png HTTP/1.1" 200 754 "https://wx.jinpaihushi.com/jsp/Register/regiestOk.jsp?userType=1" "Mozilla/5.0 (iPhone; CPU iPhone OS 10_3_2 like Mac OS X) AppleWebKit/603.2.4 (KHTML, like Gecko) Mobile/14F89 MicroMessenger/6.5.8 NetType/WIFI Language/zh_CN" "-"
117.174.27.91 - - [04/Jun/2017:21:18:48 +0800] "GET /img/regiest/yz.png HTTP/1.1" 200 1109 "https://wx.jinpaihushi.com/jsp/Register/regiestOk.jsp?userType=1" "Mozilla/5.0 (iPhone; CPU iPhone OS 10_3_2 like Mac OS X) AppleWebKit/603.2.4 (KHTML, like Gecko) Mobile/14F89 MicroMessenger/6.5.8 NetType/WIFI Language/zh_CN" "-"
117.174.27.91 - - [04/Jun/2017:21:18:48 +0800] "GET /js/register/regiestOk.js HTTP/1.1" 200 1771 "https://wx.jinpaihushi.com/jsp/Register/regiestOk.jsp?userType=1" "Mozilla/5.0 (iPhone; CPU iPhone OS 10_3_2 like Mac OS X) AppleWebKit/603.2.4 (KHTML, like Gecko) Mobile/14F89 MicroMessenger/6.5.8 NetType/WIFI Language/zh_CN" "-"
222.209.150.156 - - [04/Jun/2017:21:18:50 +0800] "POST /Register?m=getCodeFenxiang HTTP/1.1" 200 21 "https://wx.jinpaihushi.com/jsp/Register/regiest.jsp?recommond=18625&from=groupmessage&isappinstalled=1" "Mozilla/5.0 (iPhone; CPU iPhone OS 10_0_2 like Mac OS X) AppleWebKit/602.1.50 (KHTML, like Gecko) Mobile/14A456 MicroMessenger/6.5.8 NetType/WIFI Language/zh_CN" "-"
117.174.27.91 - - [04/Jun/2017:21:19:09 +0800] "POST /Register?m=rigiestHHD HTTP/1.1" 200 85 "https://wx.jinpaihushi.com/jsp/Register/regiestOk.jsp?userType=1" "Mozilla/5.0 (iPhone; CPU iPhone OS 10_3_2 like Mac OS X) AppleWebKit/603.2.4 (KHTML, like Gecko) Mobile/14F89 MicroMessenger/6.5.8 NetType/WIFI Language/zh_CN" "-"
124.161.176.142 - - [04/Jun/2017:21:19:10 +0800] "POST /Register?m=rigiestHHD HTTP/1.1" 200 85 "https://wx.jinpaihushi.com/jsp/Register/regiestOk.jsp?userType=1" "Mozilla/5.0 (Linux; Android 4.4.4; vivo X5Max+ Build/KTU84P; wv) AppleWebKit/537.36 (KHTML, like Gecko) Version/4.0 Chrome/53.0.2785.49 Mobile MQQBrowser/6.2 TBS/043221 Safari/537.36 V1_AND_SQ_6.3.1_350_YYB_D QQ/6.3.1.2735 NetType/WIFI WebP/0.3.0 Pixel/1080" "-"
119.5.33.189 - - [04/Jun/2017:21:19:27 +0800] "POST /Register?m=rigiestHHD HTTP/1.1" 200 85 "https://wx.jinpaihushi.com/jsp/Register/regiestOk.jsp?userType=1" "Mozilla/5.0 (Linux; Android 5.0.2; ALE-UL00 Build/HuaweiALE-UL00; wv) AppleWebKit/537.36 (KHTML, like Gecko) Version/4.0 Chrome/53.0.2785.49 Mobile MQQBrowser/6.2 TBS/043305 Safari/537.36 V1_AND_SQ_6.6.8_478_YYB_D QQ/6.6.8.3050 NetType/WIFI WebP/0.3.0 Pixel/720" "-"
117.136.70.62 - - [04/Jun/2017:21:19:39 +0800] "GET /jsp/Register/regiest.jsp?recommond=18623&from=timeline&isappinstalled=1 HTTP/1.1" 200 4839 "-" "Mozilla/5.0 (iPhone; CPU iPhone OS 10_3_2 like Mac OS X) AppleWebKit/603.2.4 (KHTML, like Gecko) Mobile/14F89 MicroMessenger/6.5.8 NetType/4G Language/zh_CN" "-"
117.136.70.62 - - [04/Jun/2017:21:19:39 +0800] "GET /css/register/yy.css HTTP/1.1" 200 2454 "https://wx.jinpaihushi.com/jsp/Register/regiest.jsp?recommond=18623&from=timeline&isappinstalled=1" "Mozilla/5.0 (iPhone; CPU iPhone OS 10_3_2 like Mac OS X) AppleWebKit/603.2.4 (KHTML, like Gecko) Mobile/14F89 MicroMessenger/6.5.8 NetType/4G Language/zh_CN" "-"
117.136.70.62 - - [04/Jun/2017:21:19:40 +0800] "GET /js/jquery-1.8.3.min.js HTTP/1.1" 200 93637 "https://wx.jinpaihushi.com/jsp/Register/regiest.jsp?recommond=18623&from=timeline&isappinstalled=1" "Mozilla/5.0 (iPhone; CPU iPhone OS 10_3_2 like Mac OS X) AppleWebKit/603.2.4 (KHTML, like Gecko) Mobile/14F89 MicroMessenger/6.5.8 NetType/4G Language/zh_CN" "-"
117.136.70.62 - - [04/Jun/2017:21:19:40 +0800] "GET /img/regiest/shoujihao.png HTTP/1.1" 200 425 "https://wx.jinpaihushi.com/jsp/Register/regiest.jsp?recommond=18623&from=timeline&isappinstalled=1" "Mozilla/5.0 (iPhone; CPU iPhone OS 10_3_2 like Mac OS X) AppleWebKit/603.2.4 (KHTML, like Gecko) Mobile/14F89 MicroMessenger/6.5.8 NetType/4G Language/zh_CN" "-"
117.136.70.62 - - [04/Jun/2017:21:19:40 +0800] "GET /img/regiest/yanzhengma.png HTTP/1.1" 200 1123 "https://wx.jinpaihushi.com/jsp/Register/regiest.jsp?recommond=18623&from=timeline&isappinstalled=1" "Mozilla/5.0 (iPhone; CPU iPhone OS 10_3_2 like Mac OS X) AppleWebKit/603.2.4 (KHTML, like Gecko) Mobile/14F89 MicroMessenger/6.5.8 NetType/4G Language/zh_CN" "-"
117.136.70.62 - - [04/Jun/2017:21:19:40 +0800] "GET /js/Login/login.js HTTP/1.1" 200 9907 "https://wx.jinpaihushi.com/jsp/Register/regiest.jsp?recommond=18623&from=timeline&isappinstalled=1" "Mozilla/5.0 (iPhone; CPU iPhone OS 10_3_2 like Mac OS X) AppleWebKit/603.2.4 (KHTML, like Gecko) Mobile/14F89 MicroMessenger/6.5.8 NetType/4G Language/zh_CN" "-"
117.136.70.62 - - [04/Jun/2017:21:19:40 +0800] "GET /css/register/weui.css HTTP/1.1" 200 195980 "https://wx.jinpaihushi.com/jsp/Register/regiest.jsp?recommond=18623&from=timeline&isappinstalled=1" "Mozilla/5.0 (iPhone; CPU iPhone OS 10_3_2 like Mac OS X) AppleWebKit/603.2.4 (KHTML, like Gecko) Mobile/14F89 MicroMessenger/6.5.8 NetType/4G Language/zh_CN" "-"
117.136.70.62 - - [04/Jun/2017:21:19:40 +0800] "GET /js/register/regiest.js HTTP/1.1" 200 3172 "https://wx.jinpaihushi.com/jsp/Register/regiest.jsp?recommond=18623&from=timeline&isappinstalled=1" "Mozilla/5.0 (iPhone; CPU iPhone OS 10_3_2 like Mac OS X) AppleWebKit/603.2.4 (KHTML, like Gecko) Mobile/14F89 MicroMessenger/6.5.8 NetType/4G Language/zh_CN" "-"
117.136.70.62 - - [04/Jun/2017:21:19:40 +0800] "GET /img/regiest/jiantou.png HTTP/1.1" 200 721 "https://wx.jinpaihushi.com/jsp/Register/regiest.jsp?recommond=18623&from=timeline&isappinstalled=1" "Mozilla/5.0 (iPhone; CPU iPhone OS 10_3_2 like Mac OS X) AppleWebKit/603.2.4 (KHTML, like Gecko) Mobile/14F89 MicroMessenger/6.5.8 NetType/4G Language/zh_CN" "-"
117.136.70.62 - - [04/Jun/2017:21:19:40 +0800] "GET /img/regiest/ditu.jpg HTTP/1.1" 200 104670 "https://wx.jinpaihushi.com/jsp/Register/regiest.jsp?recommond=18623&from=timeline&isappinstalled=1" "Mozilla/5.0 (iPhone; CPU iPhone OS 10_3_2 like Mac OS X) AppleWebKit/603.2.4 (KHTML, like Gecko) Mobile/14F89 MicroMessenger/6.5.8 NetType/4G Language/zh_CN" "-"
125.80.138.49 - - [04/Jun/2017:21:19:42 +0800] "GET /jsp/Register/regiest.jsp?recommond=18598 HTTP/1.1" 200 4839 "-" "Mozilla/5.0 (Linux; Android 7.0; Mi-4c Build/NRD90M; wv) AppleWebKit/537.36 (KHTML, like Gecko) Version/4.0 Chrome/53.0.2785.49 Mobile MQQBrowser/6.2 TBS/043305 Safari/537.36 MicroMessenger/6.5.7.1041 NetType/WIFI Language/zh_CN" "-"
125.80.138.49 - - [04/Jun/2017:21:19:42 +0800] "GET /css/register/yy.css HTTP/1.1" 200 2454 "https://wx.jinpaihushi.com/jsp/Register/regiest.jsp?recommond=18598" "Mozilla/5.0 (Linux; Android 7.0; Mi-4c Build/NRD90M; wv) AppleWebKit/537.36 (KHTML, like Gecko) Version/4.0 Chrome/53.0.2785.49 Mobile MQQBrowser/6.2 TBS/043305 Safari/537.36 MicroMessenger/6.5.7.1041 NetType/WIFI Language/zh_CN" "-"
