223.85.42.48 - - [04/Jun/2017:21:14:06 +0800] "GET /jsp/Register/regiest.jsp?recommond=18598 HTTP/1.1" 200 4839 "-" "Mozilla/5.0 (iPhone; CPU iPhone OS 10_2_1 like Mac OS X) AppleWebKit/602.4.6 (KHTML, like Gecko) Mobile/14D27 QQ/7.0.1.407 V1_IPH_SQ_7.0.1_1_APP_A Pixel/750 Core/UIWebView NetType/WIFI QBWebViewType/1" "-"
223.85.42.48 - - [04/Jun/2017:21:14:06 +0800] "GET /css/register/yy.css HTTP/1.1" 200 2454 "https://wx.jinpaihushi.com/jsp/Register/regiest.jsp?recommond=18598" "Mozilla/5.0 (iPhone; CPU iPhone OS 10_2_1 like Mac OS X) AppleWebKit/602.4.6 (KHTML, like Gecko) Mobile/14D27 QQ/7.0.1.407 V1_IPH_SQ_7.0.1_1_APP_A Pixel/750 Core/UIWebView NetType/WIFI QBWebViewType/1" "-"
223.85.42.48 - - [04/Jun/2017:21:14:06 +0800] "GET /js/Login/login.js HTTP/1.1" 200 9907 "https://wx.jinpaihushi.com/jsp/Register/regiest.jsp?recommond=18598" "Mozilla/5.0 (iPhone; CPU iPhone OS 10_2_1 like Mac OS X) AppleWebKit/602.4.6 (KHTML, like Gecko) Mobile/14D27 QQ/7.0.1.407 V1_IPH_SQ_7.0.1_1_APP_A Pixel/750 Core/UIWebView NetType/WIFI QBWebViewType/1" "-"
223.85.42.48 - - [04/Jun/2017:21:14:07 +0800] "GET /js/register/regiest.js HTTP/1.1" 200 3172 "https://wx.jinpaihushi.com/jsp/Register/regiest.jsp?recommond=18598" "Mozilla/5.0 (iPhone; CPU iPhone OS 10_2_1 like Mac OS X) AppleWebKit/602.4.6 (KHTML, like Gecko) Mobile/14D27 QQ/7.0.1.407 V1_IPH_SQ_7.0.1_1_APP_A Pixel/750 Core/UIWebView NetType/WIFI QBWebViewType/1" "-"
223.85.42.48 - - [04/Jun/2017:21:14:07 +0800] "GET /img/regiest/shoujihao.png HTTP/1.1" 200 425 "https://wx.jinpaihushi.com/jsp/Register/regiest.jsp?recommond=18598" "Mozilla/5.0 (iPhone; CPU iPhone OS 10_2_1 like Mac OS X) AppleWebKit/602.4.6 (KHTML, like Gecko) Mobile/14D27 QQ/7.0.1.407 V1_IPH_SQ_7.0.1_1_APP_A Pixel/750 Core/UIWebView NetType/WIFI QBWebViewType/1" "-"
223.85.42.48 - - [04/Jun/2017:21:14:07 +0800] "GET /img/regiest/yanzhengma.png HTTP/1.1" 200 1123 "https://wx.jinpaihushi.com/jsp/Register/regiest.jsp?recommond=18598" "Mozilla/5.0 (iPhone; CPU iPhone OS 10_2_1 like Mac OS X) AppleWebKit/602.4.6 (KHTML, like Gecko) Mobile/14D27 QQ/7.0.1.407 V1_IPH_SQ_7.0.1_1_APP_A Pixel/750 Core/UIWebView NetType/WIFI QBWebViewType/1" "-"
223.85.42.48 - - [04/Jun/2017:21:14:07 +0800] "GET /js/jquery-1.8.3.min.js HTTP/1.1" 200 93637 "https://wx.jinpaihushi.com/jsp/Register/regiest.jsp?recommond=18598" "Mozilla/5.0 (iPhone; CPU iPhone OS 10_2_1 like Mac OS X) AppleWebKit/602.4.6 (KHTML, like Gecko) Mobile/14D27 QQ/7.0.1.407 V1_IPH_SQ_7.0.1_1_APP_A Pixel/750 Core/UIWebView NetType/WIFI QBWebViewType/1" "-"
223.85.42.48 - - [04/Jun/2017:21:14:07 +0800] "GET /css/register/weui.css HTTP/1.1" 200 195980 "https://wx.jinpaihushi.com/jsp/Register/regiest.jsp?recommond=18598" "Mozilla/5.0 (iPhone; CPU iPhone OS 10_2_1 like Mac OS X) AppleWebKit/602.4.6 (KHTML, like Gecko) Mobile/14D27 QQ/7.0.1.407 V1_IPH_SQ_7.0.1_1_APP_A Pixel/750 Core/UIWebView NetType/WIFI QBWebViewType/1" "-"
223.85.42.48 - - [04/Jun/2017:21:14:07 +0800] "GET /img/regiest/jiantou.png HTTP/1.1" 200 721 "https://wx.jinpaihushi.com/jsp/Register/regiest.jsp?recommond=18598" "Mozilla/5.0 (iPhone; CPU iPhone OS 10_2_1 like Mac OS X) AppleWebKit/602.4.6 (KHTML, like Gecko) Mobile/14D27 QQ/7.0.1.407 V1_IPH_SQ_7.0.1_1_APP_A Pixel/750 Core/UIWebView NetType/WIFI QBWebViewType/1" "-"
223.85.42.48 - - [04/Jun/2017:21:14:07 +0800] "GET /img/regiest/ditu.jpg HTTP/1.1" 200 104670 "https://wx.jinpaihushi.com/jsp/Register/regiest.jsp?recommond=18598" "Mozilla/5.0 (iPhone; CPU iPhone OS 10_2_1 like Mac OS X) AppleWebKit/602.4.6 (KHTML, like Gecko) Mobile/14D27 QQ/7.0.1.407 V1_IPH_SQ_7.0.1_1_APP_A Pixel/750 Core/UIWebView NetType/WIFI QBWebViewType/1" "-"
112.18.222.18 - - [04/Jun/2017:21:14:08 +0800] "GET /js/register/regiestOk.js HTTP/1.1" 200 1771 "https://wx.jinpaihushi.com/jsp/Register/regiestOk.jsp?userType=1" "Mozilla/5.0 (iPhone; CPU iPhone OS 10_3_2 like Mac OS X) AppleWebKit/603.2.4 (KHTML, like Gecko) Mobile/14F89 MicroMessenger/6.5.8 NetType/WIFI Language/zh_CN" "-"
182.150.42.195 - - [04/Jun/2017:21:14:09 +0800] "GET /GetUserWechat?m=getWechatCode&state=120 HTTP/1.1" 302 0 "-" "Mozilla/5.0 (iPhone; CPU iPhone OS 10_2 like Mac OS X) AppleWebKit/602.3.12 (KHTML, like Gecko) Mobile/14C92 MicroMessenger/6.5.8 NetType/WIFI Language/zh_CN" "-"
117.174.91.204 - - [04/Jun/2017:21:14:09 +0800] "POST /Register?m=checkCode HTTP/1.1" 200 12 "https://wx.jinpaihushi.com/jsp/Register/regiest.jsp?recommond=18598" "Mozilla/5.0 (iPhone; CPU iPhone OS 9_3_2 like Mac OS X) AppleWebKit/601.1.46 (KHTML, like Gecko) Mobile/13F69 QQ/7.0.1.407 V1_IPH_SQ_7.0.1_1_APP_A Pixel/750 Core/UIWebView NetType/WIFI QBWebViewType/1" "-"
182.150.42.195 - - [04/Jun/2017:21:14:10 +0800] "GET /GetUserWechat?m=setCode&code=0312l8iW0zfbNW1BCokW0FTciW02l8iU&state=120 HTTP/1.1" 200 2229 "-" "Mozilla/5.0 (iPhone; CPU iPhone OS 10_2 like Mac OS X) AppleWebKit/602.3.12 (KHTML, like Gecko) Mobile/14C92 MicroMessenger/6.5.8 NetType/WIFI Language/zh_CN" "-"
117.174.91.204 - - [04/Jun/2017:21:14:10 +0800] "GET /jsp/Register/regiestOk.jsp?userType=1 HTTP/1.1" 200 4759 "https://wx.jinpaihushi.com/jsp/Register/regiest.jsp?recommond=18598" "Mozilla/5.0 (iPhone; CPU iPhone OS 9_3_2 like Mac OS X) AppleWebKit/601.1.46 (KHTML, like Gecko) Mobile/13F69 QQ/7.0.1.407 V1_IPH_SQ_7.0.1_1_APP_A Pixel/750 Core/UIWebView NetType/WIFI QBWebViewType/1" "-"
182.150.42.195 - - [04/Jun/2017:21:14:10 +0800] "GET /jsp/H5/familyNurse/css/newstyle.css HTTP/1.1" 200 21359 "https://wx.jinpaihushi.com/GetUserWechat?m=setCode&code=0312l8iW0zfbNW1BCokW0FTciW02l8iU&state=120" "Mozilla/5.0 (iPhone; CPU iPhone OS 10_2 like Mac OS X) AppleWebKit/602.3.12 (KHTML, like Gecko) Mobile/14C92 MicroMessenger/6.5.8 NetType/WIFI Language/zh_CN" "-"
182.150.42.195 - - [04/Jun/2017:21:14:10 +0800] "GET /jsp/H5/familyNurse/css/mui.css HTTP/1.1" 200 88313 "https://wx.jinpaihushi.com/GetUserWechat?m=setCode&code=0312l8iW0zfbNW1BCokW0FTciW02l8iU&state=120" "Mozilla/5.0 (iPhone; CPU iPhone OS 10_2 like Mac OS X) AppleWebKit/602.3.12 (KHTML, like Gecko) Mobile/14C92 MicroMessenger/6.5.8 NetType/WIFI Language/zh_CN" "-"
117.174.91.204 - - [04/Jun/2017:21:14:10 +0800] "GET /img/regiest/yz.png HTTP/1.1" 200 1109 "https://wx.jinpaihushi.com/jsp/Register/regiestOk.jsp?userType=1" "Mozilla/5.0 (iPhone; CPU iPhone OS 9_3_2 like Mac OS X) AppleWebKit/601.1.46 (KHTML, like Gecko) Mobile/13F69 QQ/7.0.1.407 V1_IPH_SQ_7.0.1_1_APP_A Pixel/750 Core/UIWebView NetType/WIFI QBWebViewType/1" "-"
182.150.42.195 - - [04/Jun/2017:21:14:10 +0800] "GET /jsp/H5/familyNurse/images/family_nurse/xq1.png HTTP/1.1" 200 261696 "https://wx.jinpaihushi.com/GetUserWechat?m=setCode&code=0312l8iW0zfbNW1BCokW0FTciW02l8iU&state=120" "Mozilla/5.0 (iPhone; CPU iPhone OS 10_2 like Mac OS X) AppleWebKit/602.3.12 (KHTML, like Gecko) Mobile/14C92 MicroMessenger/6.5.8 NetType/WIFI Language/zh_CN" "-"
182.150.42.195 - - [04/Jun/2017:21:14:10 +0800] "GET /jsp/H5/familyNurse/images/family_nurse/xq3.png HTTP/1.1" 200 143990 "https://wx.jinpaihushi.com/GetUserWechat?m=setCode&code=0312l8iW0zfbNW1BCokW0FTciW02l8iU&state=120" "Mozilla/5.0 (iPhone; CPU iPhone OS 10_2 like Mac OS X) AppleWebKit/602.3.12 (KHTML, like Gecko) Mobile/14C92 MicroMessenger/6.5.8 NetType/WIFI Language/zh_CN" "-"
182.150.42.195 - - [04/Jun/2017:21:14:10 +0800] "GET /jsp/H5/familyNurse/images/family_nurse/xq2.png HTTP/1.1" 200 362610 "https://wx.jinpaihushi.com/GetUserWechat?m=setCode&code=0312l8iW0zfbNW1BCokW0FTciW02l8iU&state=120" "Mozilla/5.0 (iPhone; CPU iPhone OS 10_2 like Mac OS X) AppleWebKit/602.3.12 (KHTML, like Gecko) Mobile/14C92 MicroMessenger/6.5.8 NetType/WIFI Language/zh_CN" "-"
60.255.230.133 - - [04/Jun/2017:21:14:10 +0800] "POST /Register?m=rigiestHHD HTTP/1.1" 200 58 "https://wx.jinpaihushi.com/jsp/Register/regiestOk.jsp?userType=1" "Mozilla/5.0 (iPhone; CPU iPhone OS 10_2 like Mac OS X) AppleWebKit/602.3.12 (KHTML, like Gecko) Mobile/14C92 QQ/7.0.1.407 V1_IPH_SQ_7.0.1_1_APP_A Pixel/750 Core/UIWebView NetType/WIFI QBWebViewType/1" "-"
182.150.42.195 - - [04/Jun/2017:21:14:11 +0800] "GET /jsp/H5/familyNurse/images/family_nurse/xq5.png HTTP/1.1" 200 158026 "https://wx.jinpaihushi.com/GetUserWechat?m=setCode&code=0312l8iW0zfbNW1BCokW0FTciW02l8iU&state=120" "Mozilla/5.0 (iPhone; CPU iPhone OS 10_2 like Mac OS X) AppleWebKit/602.3.12 (KHTML, like Gecko) Mobile/14C92 MicroMessenger/6.5.8 NetType/WIFI Language/zh_CN" "-"
182.150.42.195 - - [04/Jun/2017:21:14:11 +0800] "GET /jsp/H5/familyNurse/images/family_nurse/VCG21621c29cd5.png HTTP/1.1" 200 567262 "https://wx.jinpaihushi.com/GetUserWechat?m=setCode&code=0312l8iW0zfbNW1BCokW0FTciW02l8iU&state=120" "Mozilla/5.0 (iPhone; CPU iPhone OS 10_2 like Mac OS X) AppleWebKit/602.3.12 (KHTML, like Gecko) Mobile/14C92 MicroMessenger/6.5.8 NetType/WIFI Language/zh_CN" "-"
182.150.42.195 - - [04/Jun/2017:21:14:11 +0800] "GET /jsp/H5/familyNurse/images/family_nurse/xq7.png HTTP/1.1" 200 130428 "https://wx.jinpaihushi.com/GetUserWechat?m=setCode&code=0312l8iW0zfbNW1BCokW0FTciW02l8iU&state=120" "Mozilla/5.0 (iPhone; CPU iPhone OS 10_2 like Mac OS X) AppleWebKit/602.3.12 (KHTML, like Gecko) Mobile/14C92 MicroMessenger/6.5.8 NetType/WIFI Language/zh_CN" "-"
182.150.42.195 - - [04/Jun/2017:21:14:12 +0800] "GET /jsp/H5/familyNurse/images/family_nurse/xq9.png HTTP/1.1" 200 27091 "https://wx.jinpaihushi.com/GetUserWechat?m=setCode&code=0312l8iW0zfbNW1BCokW0FTciW02l8iU&state=120" "Mozilla/5.0 (iPhone; CPU iPhone OS 10_2 like Mac OS X) AppleWebKit/602.3.12 (KHTML, like Gecko) Mobile/14C92 MicroMessenger/6.5.8 NetType/WIFI Language/zh_CN" "-"
223.85.219.126 - - [04/Jun/2017:21:14:12 +0800] "GET /jsp/Register/regiest.jsp?recommond=18598 HTTP/1.1" 200 4839 "-" "Mozilla/5.0 (Linux; Android 5.1.1; NX513J Build/LMY47V; wv) AppleWebKit/537.36 (KHTML, like Gecko) Version/4.0 Chrome/53.0.2785.49 Mobile MQQBrowser/6.2 TBS/043220 Safari/537.36 MicroMessenger/6.5.8.1060 NetType/WIFI Language/zh_CN" "-"
182.150.42.195 - - [04/Jun/2017:21:14:12 +0800] "GET /jsp/H5/familyNurse/images/family_nurse/xq4.png HTTP/1.1" 200 231000 "https://wx.jinpaihushi.com/GetUserWechat?m=setCode&code=0312l8iW0zfbNW1BCokW0FTciW02l8iU&state=120" "Mozilla/5.0 (iPhone; CPU iPhone OS 10_2 like Mac OS X) AppleWebKit/602.3.12 (KHTML, like Gecko) Mobile/14C92 MicroMessenger/6.5.8 NetType/WIFI Language/zh_CN" "-"
223.85.219.126 - - [04/Jun/2017:21:14:12 +0800] "GET /css/register/yy.css HTTP/1.1" 200 2454 "https://wx.jinpaihushi.com/jsp/Register/regiest.jsp?recommond=18598" "Mozilla/5.0 (Linux; Android 5.1.1; NX513J Build/LMY47V; wv) AppleWebKit/537.36 (KHTML, like Gecko) Version/4.0 Chrome/53.0.2785.49 Mobile MQQBrowser/6.2 TBS/043220 Safari/537.36 MicroMessenger/6.5.8.1060 NetType/WIFI Language/zh_CN" "-"
182.150.42.195 - - [04/Jun/2017:21:14:12 +0800] "GET /jsp/H5/familyNurse/images/family_nurse/xq8.png HTTP/1.1" 200 291759 "https://wx.jinpaihushi.com/GetUserWechat?m=setCode&code=0312l8iW0zfbNW1BCokW0FTciW02l8iU&state=120" "Mozilla/5.0 (iPhone; CPU iPhone OS 10_2 like Mac OS X) AppleWebKit/602.3.12 (KHTML, like Gecko) Mobile/14C92 MicroMessenger/6.5.8 NetType/WIFI Language/zh_CN" "-"
182.150.42.195 - - [04/Jun/2017:21:14:12 +0800] "GET /jsp/H5/familyNurse/images/family_nurse/xq10.png HTTP/1.1" 200 45246 "https://wx.jinpaihushi.com/GetUserWechat?m=setCode&code=0312l8iW0zfbNW1BCokW0FTciW02l8iU&state=120" "Mozilla/5.0 (iPhone; CPU iPhone OS 10_2 like Mac OS X) AppleWebKit/602.3.12 (KHTML, like Gecko) Mobile/14C92 MicroMessenger/6.5.8 NetType/WIFI Language/zh_CN" "-"
223.85.219.126 - - [04/Jun/2017:21:14:12 +0800] "GET /js/jquery-1.8.3.min.js HTTP/1.1" 200 93637 "https://wx.jinpaihushi.com/jsp/Register/regiest.jsp?recommond=18598" "Mozilla/5.0 (Linux; Android 5.1.1; NX513J Build/LMY47V; wv) AppleWebKit/537.36 (KHTML, like Gecko) Version/4.0 Chrome/53.0.2785.49 Mobile MQQBrowser/6.2 TBS/043220 Safari/537.36 MicroMessenger/6.5.8.1060 NetType/WIFI Language/zh_CN" "-"
182.150.42.195 - - [04/Jun/2017:21:14:13 +0800] "GET /jsp/H5/familyNurse/images/family_nurse/xq11.png HTTP/1.1" 200 30150 "https://wx.jinpaihushi.com/GetUserWechat?m=setCode&code=0312l8iW0zfbNW1BCokW0FTciW02l8iU&state=120" "Mozilla/5.0 (iPhone; CPU iPhone OS 10_2 like Mac OS X) AppleWebKit/602.3.12 (KHTML, like Gecko) Mobile/14C92 MicroMessenger/6.5.8 NetType/WIFI Language/zh_CN" "-"
223.85.219.126 - - [04/Jun/2017:21:14:13 +0800] "GET /js/Login/login.js HTTP/1.1" 200 9907 "https://wx.jinpaihushi.com/jsp/Register/regiest.jsp?recommond=18598" "Mozilla/5.0 (Linux; Android 5.1.1; NX513J Build/LMY47V; wv) AppleWebKit/537.36 (KHTML, like Gecko) Version/4.0 Chrome/53.0.2785.49 Mobile MQQBrowser/6.2 TBS/043220 Safari/537.36 MicroMessenger/6.5.8.1060 NetType/WIFI Language/zh_CN" "-"
223.85.219.126 - - [04/Jun/2017:21:14:13 +0800] "GET /js/register/regiest.js HTTP/1.1" 200 3172 "https://wx.jinpaihushi.com/jsp/Register/regiest.jsp?recommond=18598" "Mozilla/5.0 (Linux; Android 5.1.1; NX513J Build/LMY47V; wv) AppleWebKit/537.36 (KHTML, like Gecko) Version/4.0 Chrome/53.0.2785.49 Mobile MQQBrowser/6.2 TBS/043220 Safari/537.36 MicroMessenger/6.5.8.1060 NetType/WIFI Language/zh_CN" "-"
223.85.219.126 - - [04/Jun/2017:21:14:13 +0800] "GET /img/regiest/shoujihao.png HTTP/1.1" 200 425 "https://wx.jinpaihushi.com/jsp/Register/regiest.jsp?recommond=18598" "Mozilla/5.0 (Linux; Android 5.1.1; NX513J Build/LMY47V; wv) AppleWebKit/537.36 (KHTML, like Gecko) Version/4.0 Chrome/53.0.2785.49 Mobile MQQBrowser/6.2 TBS/043220 Safari/537.36 MicroMessenger/6.5.8.1060 NetType/WIFI Language/zh_CN" "-"
223.85.219.126 - - [04/Jun/2017:21:14:13 +0800] "GET /img/regiest/yanzhengma.png HTTP/1.1" 200 1123 "https://wx.jinpaihushi.com/jsp/Register/regiest.jsp?recommond=18598" "Mozilla/5.0 (Linux; Android 5.1.1; NX513J Build/LMY47V; wv) AppleWebKit/537.36 (KHTML, like Gecko) Version/4.0 Chrome/53.0.2785.49 Mobile MQQBrowser/6.2 TBS/043220 Safari/537.36 MicroMessenger/6.5.8.1060 NetType/WIFI Language/zh_CN" "-"
223.85.219.126 - - [04/Jun/2017:21:14:13 +0800] "GET /img/regiest/jiantou.png HTTP/1.1" 200 721 "https://wx.jinpaihushi.com/jsp/Register/regiest.jsp?recommond=18598" "Mozilla/5.0 (Linux; Android 5.1.1; NX513J Build/LMY47V; wv) AppleWebKit/537.36 (KHTML, like Gecko) Version/4.0 Chrome/53.0.2785.49 Mobile MQQBrowser/6.2 TBS/043220 Safari/537.36 MicroMessenger/6.5.8.1060 NetType/WIFI Language/zh_CN" "-"
182.150.42.195 - - [04/Jun/2017:21:14:13 +0800] "GET /jsp/H5/familyNurse/images/family_nurse/xq6.png HTTP/1.1" 200 324971 "https://wx.jinpaihushi.com/GetUserWechat?m=setCode&code=0312l8iW0zfbNW1BCokW0FTciW02l8iU&state=120" "Mozilla/5.0 (iPhone; CPU iPhone OS 10_2 like Mac OS X) AppleWebKit/602.3.12 (KHTML, like Gecko) Mobile/14C92 MicroMessenger/6.5.8 NetType/WIFI Language/zh_CN" "-"
223.85.219.126 - - [04/Jun/2017:21:14:13 +0800] "GET /css/register/weui.css HTTP/1.1" 200 195980 "https://wx.jinpaihushi.com/jsp/Register/regiest.jsp?recommond=18598" "Mozilla/5.0 (Linux; Android 5.1.1; NX513J Build/LMY47V; wv) AppleWebKit/537.36 (KHTML, like Gecko) Version/4.0 Chrome/53.0.2785.49 Mobile MQQBrowser/6.2 TBS/043220 Safari/537.36 MicroMessenger/6.5.8.1060 NetType/WIFI Language/zh_CN" "-"
223.85.219.126 - - [04/Jun/2017:21:14:13 +0800] "GET /img/regiest/ditu.jpg HTTP/1.1" 200 104670 "https://wx.jinpaihushi.com/css/register/yy.css" "Mozilla/5.0 (Linux; Android 5.1.1; NX513J Build/LMY47V; wv) AppleWebKit/537.36 (KHTML, like Gecko) Version/4.0 Chrome/53.0.2785.49 Mobile MQQBrowser/6.2 TBS/043220 Safari/537.36 MicroMessenger/6.5.8.1060 NetType/WIFI Language/zh_CN" "-"
112.18.222.18 - - [04/Jun/2017:21:14:14 +0800] "POST /Register?m=rigiestHHD HTTP/1.1" 200 85 "https://wx.jinpaihushi.com/jsp/Register/regiestOk.jsp?userType=1" "Mozilla/5.0 (iPhone; CPU iPhone OS 10_3_2 like Mac OS X) AppleWebKit/603.2.4 (KHTML, like Gecko) Mobile/14F89 MicroMessenger/6.5.8 NetType/WIFI Language/zh_CN" "-"
117.174.91.204 - - [04/Jun/2017:21:14:15 +0800] "GET /img/regiest/mima.png HTTP/1.1" 200 754 "https://wx.jinpaihushi.com/jsp/Register/regiestOk.jsp?userType=1" "Mozilla/5.0 (iPhone; CPU iPhone OS 9_3_2 like Mac OS X) AppleWebKit/601.1.46 (KHTML, like Gecko) Mobile/13F69 QQ/7.0.1.407 V1_IPH_SQ_7.0.1_1_APP_A Pixel/750 Core/UIWebView NetType/WIFI QBWebViewType/1" "-"
117.174.91.204 - - [04/Jun/2017:21:14:15 +0800] "GET /js/register/regiestOk.js HTTP/1.1" 200 1771 "https://wx.jinpaihushi.com/jsp/Register/regiestOk.jsp?userType=1" "Mozilla/5.0 (iPhone; CPU iPhone OS 9_3_2 like Mac OS X) AppleWebKit/601.1.46 (KHTML, like Gecko) Mobile/13F69 QQ/7.0.1.407 V1_IPH_SQ_7.0.1_1_APP_A Pixel/750 Core/UIWebView NetType/WIFI QBWebViewType/1" "-"
60.255.230.133 - - [04/Jun/2017:21:14:16 +0800] "POST /Register?m=rigiestHHD HTTP/1.1" 200 58 "https://wx.jinpaihushi.com/jsp/Register/regiestOk.jsp?userType=1" "Mozilla/5.0 (iPhone; CPU iPhone OS 10_2 like Mac OS X) AppleWebKit/602.3.12 (KHTML, like Gecko) Mobile/14C92 QQ/7.0.1.407 V1_IPH_SQ_7.0.1_1_APP_A Pixel/750 Core/UIWebView NetType/WIFI QBWebViewType/1" "-"
60.255.230.133 - - [04/Jun/2017:21:14:20 +0800] "GET /jsp/Register/regiest.jsp?recommond=18598 HTTP/1.1" 200 4839 "-" "Mozilla/5.0 (iPhone; CPU iPhone OS 10_2 like Mac OS X) AppleWebKit/602.3.12 (KHTML, like Gecko) Mobile/14C92 QQ/7.0.1.407 V1_IPH_SQ_7.0.1_1_APP_A Pixel/750 Core/UIWebView NetType/WIFI QBWebViewType/1" "-"
223.85.219.126 - - [04/Jun/2017:21:14:22 +0800] "POST /Register?m=getCodeFenxiang HTTP/1.1" 200 21 "https://wx.jinpaihushi.com/jsp/Register/regiest.jsp?recommond=18598" "Mozilla/5.0 (Linux; Android 5.1.1; NX513J Build/LMY47V; wv) AppleWebKit/537.36 (KHTML, like Gecko) Version/4.0 Chrome/53.0.2785.49 Mobile MQQBrowser/6.2 TBS/043220 Safari/537.36 MicroMessenger/6.5.8.1060 NetType/WIFI Language/zh_CN" "-"
223.85.42.48 - - [04/Jun/2017:21:14:26 +0800] "POST /Register?m=getCodeFenxiang HTTP/1.1" 200 21 "https://wx.jinpaihushi.com/jsp/Register/regiest.jsp?recommond=18598" "Mozilla/5.0 (iPhone; CPU iPhone OS 10_2_1 like Mac OS X) AppleWebKit/602.4.6 (KHTML, like Gecko) Mobile/14D27 QQ/7.0.1.407 V1_IPH_SQ_7.0.1_1_APP_A Pixel/750 Core/UIWebView NetType/WIFI QBWebViewType/1" "-"
117.136.69.26 - - [04/Jun/2017:21:14:37 +0800] "GET /jsp/Register/regiest.jsp?recommond=18623&from=timeline&isappinstalled=0 HTTP/1.1" 200 4839 "-" "Mozilla/5.0 (iPhone; CPU iPhone OS 8_3 like Mac OS X) AppleWebKit/600.1.4 (KHTML, like Gecko) Mobile/12F70 MicroMessenger/6.5.8 NetType/4G Language/zh_CN" "-"
117.136.69.26 - - [04/Jun/2017:21:14:37 +0800] "GET /css/register/yy.css HTTP/1.1" 200 2454 "https://wx.jinpaihushi.com/jsp/Register/regiest.jsp?recommond=18623&from=timeline&isappinstalled=0" "Mozilla/5.0 (iPhone; CPU iPhone OS 8_3 like Mac OS X) AppleWebKit/600.1.4 (KHTML, like Gecko) Mobile/12F70 MicroMessenger/6.5.8 NetType/4G Language/zh_CN" "-"
117.136.69.26 - - [04/Jun/2017:21:14:37 +0800] "GET /js/Login/login.js HTTP/1.1" 200 9907 "https://wx.jinpaihushi.com/jsp/Register/regiest.jsp?recommond=18623&from=timeline&isappinstalled=0" "Mozilla/5.0 (iPhone; CPU iPhone OS 8_3 like Mac OS X) AppleWebKit/600.1.4 (KHTML, like Gecko) Mobile/12F70 MicroMessenger/6.5.8 NetType/4G Language/zh_CN" "-"
117.136.69.26 - - [04/Jun/2017:21:14:37 +0800] "GET /js/register/regiest.js HTTP/1.1" 200 3172 "https://wx.jinpaihushi.com/jsp/Register/regiest.jsp?recommond=18623&from=timeline&isappinstalled=0" "Mozilla/5.0 (iPhone; CPU iPhone OS 8_3 like Mac OS X) AppleWebKit/600.1.4 (KHTML, like Gecko) Mobile/12F70 MicroMessenger/6.5.8 NetType/4G Language/zh_CN" "-"
117.136.69.26 - - [04/Jun/2017:21:14:37 +0800] "GET /img/regiest/shoujihao.png HTTP/1.1" 200 425 "https://wx.jinpaihushi.com/jsp/Register/regiest.jsp?recommond=18623&from=timeline&isappinstalled=0" "Mozilla/5.0 (iPhone; CPU iPhone OS 8_3 like Mac OS X) AppleWebKit/600.1.4 (KHTML, like Gecko) Mobile/12F70 MicroMessenger/6.5.8 NetType/4G Language/zh_CN" "-"
117.136.69.26 - - [04/Jun/2017:21:14:37 +0800] "GET /img/regiest/jiantou.png HTTP/1.1" 200 721 "https://wx.jinpaihushi.com/jsp/Register/regiest.jsp?recommond=18623&from=timeline&isappinstalled=0" "Mozilla/5.0 (iPhone; CPU iPhone OS 8_3 like Mac OS X) AppleWebKit/600.1.4 (KHTML, like Gecko) Mobile/12F70 MicroMessenger/6.5.8 NetType/4G Language/zh_CN" "-"
117.136.69.26 - - [04/Jun/2017:21:14:37 +0800] "GET /img/regiest/yanzhengma.png HTTP/1.1" 200 1123 "https://wx.jinpaihushi.com/jsp/Register/regiest.jsp?recommond=18623&from=timeline&isappinstalled=0" "Mozilla/5.0 (iPhone; CPU iPhone OS 8_3 like Mac OS X) AppleWebKit/600.1.4 (KHTML, like Gecko) Mobile/12F70 MicroMessenger/6.5.8 NetType/4G Language/zh_CN" "-"
117.136.69.26 - - [04/Jun/2017:21:14:37 +0800] "GET /js/jquery-1.8.3.min.js HTTP/1.1" 200 93637 "https://wx.jinpaihushi.com/jsp/Register/regiest.jsp?recommond=18623&from=timeline&isappinstalled=0" "Mozilla/5.0 (iPhone; CPU iPhone OS 8_3 like Mac OS X) AppleWebKit/600.1.4 (KHTML, like Gecko) Mobile/12F70 MicroMessenger/6.5.8 NetType/4G Language/zh_CN" "-"
117.136.69.26 - - [04/Jun/2017:21:14:37 +0800] "GET /css/register/weui.css HTTP/1.1" 200 195980 "https://wx.jinpaihushi.com/jsp/Register/regiest.jsp?recommond=18623&from=timeline&isappinstalled=0" "Mozilla/5.0 (iPhone; CPU iPhone OS 8_3 like Mac OS X) AppleWebKit/600.1.4 (KHTML, like Gecko) Mobile/12F70 MicroMessenger/6.5.8 NetType/4G Language/zh_CN" "-"
117.136.69.26 - - [04/Jun/2017:21:14:38 +0800] "GET /img/regiest/ditu.jpg HTTP/1.1" 200 104670 "https://wx.jinpaihushi.com/jsp/Register/regiest.jsp?recommond=18623&from=timeline&isappinstalled=0" "Mozilla/5.0 (iPhone; CPU iPhone OS 8_3 like Mac OS X) AppleWebKit/600.1.4 (KHTML, like Gecko) Mobile/12F70 MicroMessenger/6.5.8 NetType/4G Language/zh_CN" "-"
223.85.219.126 - - [04/Jun/2017:21:14:43 +0800] "POST /Register?m=checkCode HTTP/1.1" 200 12 "https://wx.jinpaihushi.com/jsp/Register/regiest.jsp?recommond=18598" "Mozilla/5.0 (Linux; Android 5.1.1; NX513J Build/LMY47V; wv) AppleWebKit/537.36 (KHTML, like Gecko) Version/4.0 Chrome/53.0.2785.49 Mobile MQQBrowser/6.2 TBS/043220 Safari/537.36 MicroMessenger/6.5.8.1060 NetType/WIFI Language/zh_CN" "-"
223.85.219.126 - - [04/Jun/2017:21:14:43 +0800] "GET /jsp/Register/regiestOk.jsp?userType=1 HTTP/1.1" 200 4759 "https://wx.jinpaihushi.com/jsp/Register/regiest.jsp?recommond=18598" "Mozilla/5.0 (Linux; Android 5.1.1; NX513J Build/LMY47V; wv) AppleWebKit/537.36 (KHTML, like Gecko) Version/4.0 Chrome/53.0.2785.49 Mobile MQQBrowser/6.2 TBS/043220 Safari/537.36 MicroMessenger/6.5.8.1060 NetType/WIFI Language/zh_CN" "-"
223.85.219.126 - - [04/Jun/2017:21:14:43 +0800] "GET /img/regiest/yz.png HTTP/1.1" 200 1109 "https://wx.jinpaihushi.com/jsp/Register/regiestOk.jsp?userType=1" "Mozilla/5.0 (Linux; Android 5.1.1; NX513J Build/LMY47V; wv) AppleWebKit/537.36 (KHTML, like Gecko) Version/4.0 Chrome/53.0.2785.49 Mobile MQQBrowser/6.2 TBS/043220 Safari/537.36 MicroMessenger/6.5.8.1060 NetType/WIFI Language/zh_CN" "-"
223.85.219.126 - - [04/Jun/2017:21:14:43 +0800] "GET /img/regiest/mima.png HTTP/1.1" 200 754 "https://wx.jinpaihushi.com/jsp/Register/regiestOk.jsp?userType=1" "Mozilla/5.0 (Linux; Android 5.1.1; NX513J Build/LMY47V; wv) AppleWebKit/537.36 (KHTML, like Gecko) Version/4.0 Chrome/53.0.2785.49 Mobile MQQBrowser/6.2 TBS/043220 Safari/537.36 MicroMessenger/6.5.8.1060 NetType/WIFI Language/zh_CN" "-"
223.85.219.126 - - [04/Jun/2017:21:14:43 +0800] "GET /js/register/regiestOk.js HTTP/1.1" 200 1771 "https://wx.jinpaihushi.com/jsp/Register/regiestOk.jsp?userType=1" "Mozilla/5.0 (Linux; Android 5.1.1; NX513J Build/LMY47V; wv) AppleWebKit/537.36 (KHTML, like Gecko) Version/4.0 Chrome/53.0.2785.49 Mobile MQQBrowser/6.2 TBS/043220 Safari/537.36 MicroMessenger/6.5.8.1060 NetType/WIFI Language/zh_CN" "-"
223.85.42.48 - - [04/Jun/2017:21:14:47 +0800] "POST /Register?m=checkCode HTTP/1.1" 200 12 "https://wx.jinpaihushi.com/jsp/Register/regiest.jsp?recommond=18598" "Mozilla/5.0 (iPhone; CPU iPhone OS 10_2_1 like Mac OS X) AppleWebKit/602.4.6 (KHTML, like Gecko) Mobile/14D27 QQ/7.0.1.407 V1_IPH_SQ_7.0.1_1_APP_A Pixel/750 Core/UIWebView NetType/WIFI QBWebViewType/1" "-"
223.85.42.48 - - [04/Jun/2017:21:14:47 +0800] "GET /jsp/Register/regiestOk.jsp?userType=1 HTTP/1.1" 200 4759 "https://wx.jinpaihushi.com/jsp/Register/regiest.jsp?recommond=18598" "Mozilla/5.0 (iPhone; CPU iPhone OS 10_2_1 like Mac OS X) AppleWebKit/602.4.6 (KHTML, like Gecko) Mobile/14D27 QQ/7.0.1.407 V1_IPH_SQ_7.0.1_1_APP_A Pixel/750 Core/UIWebView NetType/WIFI QBWebViewType/1" "-"
223.85.42.48 - - [04/Jun/2017:21:14:47 +0800] "GET /img/regiest/yz.png HTTP/1.1" 200 1109 "https://wx.jinpaihushi.com/jsp/Register/regiestOk.jsp?userType=1" "Mozilla/5.0 (iPhone; CPU iPhone OS 10_2_1 like Mac OS X) AppleWebKit/602.4.6 (KHTML, like Gecko) Mobile/14D27 QQ/7.0.1.407 V1_IPH_SQ_7.0.1_1_APP_A Pixel/750 Core/UIWebView NetType/WIFI QBWebViewType/1" "-"
223.85.42.48 - - [04/Jun/2017:21:14:47 +0800] "GET /img/regiest/mima.png HTTP/1.1" 200 754 "https://wx.jinpaihushi.com/jsp/Register/regiestOk.jsp?userType=1" "Mozilla/5.0 (iPhone; CPU iPhone OS 10_2_1 like Mac OS X) AppleWebKit/602.4.6 (KHTML, like Gecko) Mobile/14D27 QQ/7.0.1.407 V1_IPH_SQ_7.0.1_1_APP_A Pixel/750 Core/UIWebView NetType/WIFI QBWebViewType/1" "-"
223.85.42.48 - - [04/Jun/2017:21:14:47 +0800] "GET /js/register/regiestOk.js HTTP/1.1" 200 1771 "https://wx.jinpaihushi.com/jsp/Register/regiestOk.jsp?userType=1" "Mozilla/5.0 (iPhone; CPU iPhone OS 10_2_1 like Mac OS X) AppleWebKit/602.4.6 (KHTML, like Gecko) Mobile/14D27 QQ/7.0.1.407 V1_IPH_SQ_7.0.1_1_APP_A Pixel/750 Core/UIWebView NetType/WIFI QBWebViewType/1" "-"
117.136.69.26 - - [04/Jun/2017:21:14:51 +0800] "POST /Register?m=getCodeFenxiang HTTP/1.1" 200 21 "https://wx.jinpaihushi.com/jsp/Register/regiest.jsp?recommond=18623&from=timeline&isappinstalled=0" "Mozilla/5.0 (iPhone; CPU iPhone OS 8_3 like Mac OS X) AppleWebKit/600.1.4 (KHTML, like Gecko) Mobile/12F70 MicroMessenger/6.5.8 NetType/4G Language/zh_CN" "-"
182.150.42.195 - - [04/Jun/2017:21:14:56 +0800] "GET /jsp/H5/productTypeList.jsp?mainProductType=18 HTTP/1.1" 200 6897 "-" "Mozilla/5.0 (iPhone; CPU iPhone OS 10_2 like Mac OS X) AppleWebKit/602.3.12 (KHTML, like Gecko) Mobile/14C92 MicroMessenger/6.5.8 NetType/WIFI Language/zh_CN" "-"
182.150.42.195 - - [04/Jun/2017:21:14:56 +0800] "POST /ComeIn?m=getOneTypeProductNew HTTP/1.1" 200 29461 "https://wx.jinpaihushi.com/jsp/H5/productTypeList.jsp?mainProductType=18" "Mozilla/5.0 (iPhone; CPU iPhone OS 10_2 like Mac OS X) AppleWebKit/602.3.12 (KHTML, like Gecko) Mobile/14C92 MicroMessenger/6.5.8 NetType/WIFI Language/zh_CN" "-"
223.87.205.230 - - [04/Jun/2017:21:15:01 +0800] "GET /jsp/Register/regiest.jsp?recommond=18623&from=groupmessage&isappinstalled=0 HTTP/1.1" 200 4839 "-" "Mozilla/5.0 (iPhone; CPU iPhone OS 9_2_1 like Mac OS X) AppleWebKit/601.1.46 (KHTML, like Gecko) Mobile/13D15 MicroMessenger/6.5.4 NetType/WIFI Language/zh_CN" "-"
223.87.205.230 - - [04/Jun/2017:21:15:01 +0800] "GET /css/register/yy.css HTTP/1.1" 200 2454 "https://wx.jinpaihushi.com/jsp/Register/regiest.jsp?recommond=18623&from=groupmessage&isappinstalled=0" "Mozilla/5.0 (iPhone; CPU iPhone OS 9_2_1 like Mac OS X) AppleWebKit/601.1.46 (KHTML, like Gecko) Mobile/13D15 MicroMessenger/6.5.4 NetType/WIFI Language/zh_CN" "-"
223.87.205.230 - - [04/Jun/2017:21:15:01 +0800] "GET /img/regiest/yanzhengma.png HTTP/1.1" 200 1123 "https://wx.jinpaihushi.com/jsp/Register/regiest.jsp?recommond=18623&from=groupmessage&isappinstalled=0" "Mozilla/5.0 (iPhone; CPU iPhone OS 9_2_1 like Mac OS X) AppleWebKit/601.1.46 (KHTML, like Gecko) Mobile/13D15 MicroMessenger/6.5.4 NetType/WIFI Language/zh_CN" "-"
223.87.205.230 - - [04/Jun/2017:21:15:01 +0800] "GET /img/regiest/shoujihao.png HTTP/1.1" 200 425 "https://wx.jinpaihushi.com/jsp/Register/regiest.jsp?recommond=18623&from=groupmessage&isappinstalled=0" "Mozilla/5.0 (iPhone; CPU iPhone OS 9_2_1 like Mac OS X) AppleWebKit/601.1.46 (KHTML, like Gecko) Mobile/13D15 MicroMessenger/6.5.4 NetType/WIFI Language/zh_CN" "-"
223.87.205.230 - - [04/Jun/2017:21:15:01 +0800] "GET /img/regiest/jiantou.png HTTP/1.1" 200 721 "https://wx.jinpaihushi.com/jsp/Register/regiest.jsp?recommond=18623&from=groupmessage&isappinstalled=0" "Mozilla/5.0 (iPhone; CPU iPhone OS 9_2_1 like Mac OS X) AppleWebKit/601.1.46 (KHTML, like Gecko) Mobile/13D15 MicroMessenger/6.5.4 NetType/WIFI Language/zh_CN" "-"
223.87.205.230 - - [04/Jun/2017:21:15:01 +0800] "GET /js/jquery-1.8.3.min.js HTTP/1.1" 200 93637 "https://wx.jinpaihushi.com/jsp/Register/regiest.jsp?recommond=18623&from=groupmessage&isappinstalled=0" "Mozilla/5.0 (iPhone; CPU iPhone OS 9_2_1 like Mac OS X) AppleWebKit/601.1.46 (KHTML, like Gecko) Mobile/13D15 MicroMessenger/6.5.4 NetType/WIFI Language/zh_CN" "-"
223.87.205.230 - - [04/Jun/2017:21:15:01 +0800] "GET /js/Login/login.js HTTP/1.1" 200 9907 "https://wx.jinpaihushi.com/jsp/Register/regiest.jsp?recommond=18623&from=groupmessage&isappinstalled=0" "Mozilla/5.0 (iPhone; CPU iPhone OS 9_2_1 like Mac OS X) AppleWebKit/601.1.46 (KHTML, like Gecko) Mobile/13D15 MicroMessenger/6.5.4 NetType/WIFI Language/zh_CN" "-"
223.87.205.230 - - [04/Jun/2017:21:15:01 +0800] "GET /js/register/regiest.js HTTP/1.1" 200 3172 "https://wx.jinpaihushi.com/jsp/Register/regiest.jsp?recommond=18623&from=groupmessage&isappinstalled=0" "Mozilla/5.0 (iPhone; CPU iPhone OS 9_2_1 like Mac OS X) AppleWebKit/601.1.46 (KHTML, like Gecko) Mobile/13D15 MicroMessenger/6.5.4 NetType/WIFI Language/zh_CN" "-"
223.87.205.230 - - [04/Jun/2017:21:15:02 +0800] "GET /css/register/weui.css HTTP/1.1" 200 195980 "https://wx.jinpaihushi.com/jsp/Register/regiest.jsp?recommond=18623&from=groupmessage&isappinstalled=0" "Mozilla/5.0 (iPhone; CPU iPhone OS 9_2_1 like Mac OS X) AppleWebKit/601.1.46 (KHTML, like Gecko) Mobile/13D15 MicroMessenger/6.5.4 NetType/WIFI Language/zh_CN" "-"
223.87.205.230 - - [04/Jun/2017:21:15:02 +0800] "GET /img/regiest/ditu.jpg HTTP/1.1" 200 104670 "https://wx.jinpaihushi.com/jsp/Register/regiest.jsp?recommond=18623&from=groupmessage&isappinstalled=0" "Mozilla/5.0 (iPhone; CPU iPhone OS 9_2_1 like Mac OS X) AppleWebKit/601.1.46 (KHTML, like Gecko) Mobile/13D15 MicroMessenger/6.5.4 NetType/WIFI Language/zh_CN" "-"
182.150.42.195 - - [04/Jun/2017:21:15:05 +0800] "GET /ComeIn?m=setOneProductNew&id=106 HTTP/1.1" 302 0 "https://wx.jinpaihushi.com/jsp/H5/productTypeList.jsp?mainProductType=18" "Mozilla/5.0 (iPhone; CPU iPhone OS 10_2 like Mac OS X) AppleWebKit/602.3.12 (KHTML, like Gecko) Mobile/14C92 MicroMessenger/6.5.8 NetType/WIFI Language/zh_CN" "-"
182.150.42.195 - - [04/Jun/2017:21:15:05 +0800] "GET /jsp/H5/OneProductDetails.jsp HTTP/1.1" 200 12932 "https://wx.jinpaihushi.com/jsp/H5/productTypeList.jsp?mainProductType=18" "Mozilla/5.0 (iPhone; CPU iPhone OS 10_2 like Mac OS X) AppleWebKit/602.3.12 (KHTML, like Gecko) Mobile/14C92 MicroMessenger/6.5.8 NetType/WIFI Language/zh_CN" "-"
117.136.69.26 - - [04/Jun/2017:21:15:05 +0800] "POST /Register?m=checkCode HTTP/1.1" 200 12 "https://wx.jinpaihushi.com/jsp/Register/regiest.jsp?recommond=18623&from=timeline&isappinstalled=0" "Mozilla/5.0 (iPhone; CPU iPhone OS 8_3 like Mac OS X) AppleWebKit/600.1.4 (KHTML, like Gecko) Mobile/12F70 MicroMessenger/6.5.8 NetType/4G Language/zh_CN" "-"
223.85.219.126 - - [04/Jun/2017:21:15:05 +0800] "POST /Register?m=rigiestHHD HTTP/1.1" 200 85 "https://wx.jinpaihushi.com/jsp/Register/regiestOk.jsp?userType=1" "Mozilla/5.0 (Linux; Android 5.1.1; NX513J Build/LMY47V; wv) AppleWebKit/537.36 (KHTML, like Gecko) Version/4.0 Chrome/53.0.2785.49 Mobile MQQBrowser/6.2 TBS/043220 Safari/537.36 MicroMessenger/6.5.8.1060 NetType/WIFI Language/zh_CN" "-"
117.136.69.26 - - [04/Jun/2017:21:15:05 +0800] "GET /jsp/Register/regiestOk.jsp?userType=1 HTTP/1.1" 200 4759 "https://wx.jinpaihushi.com/jsp/Register/regiest.jsp?recommond=18623&from=timeline&isappinstalled=0" "Mozilla/5.0 (iPhone; CPU iPhone OS 8_3 like Mac OS X) AppleWebKit/600.1.4 (KHTML, like Gecko) Mobile/12F70 MicroMessenger/6.5.8 NetType/4G Language/zh_CN" "-"
117.136.69.26 - - [04/Jun/2017:21:15:05 +0800] "GET /img/regiest/yz.png HTTP/1.1" 200 1109 "https://wx.jinpaihushi.com/jsp/Register/regiestOk.jsp?userType=1" "Mozilla/5.0 (iPhone; CPU iPhone OS 8_3 like Mac OS X) AppleWebKit/600.1.4 (KHTML, like Gecko) Mobile/12F70 MicroMessenger/6.5.8 NetType/4G Language/zh_CN" "-"
117.136.69.26 - - [04/Jun/2017:21:15:06 +0800] "GET /img/regiest/mima.png HTTP/1.1" 200 754 "https://wx.jinpaihushi.com/jsp/Register/regiestOk.jsp?userType=1" "Mozilla/5.0 (iPhone; CPU iPhone OS 8_3 like Mac OS X) AppleWebKit/600.1.4 (KHTML, like Gecko) Mobile/12F70 MicroMessenger/6.5.8 NetType/4G Language/zh_CN" "-"
117.136.69.26 - - [04/Jun/2017:21:15:06 +0800] "GET /js/register/regiestOk.js HTTP/1.1" 200 1771 "https://wx.jinpaihushi.com/jsp/Register/regiestOk.jsp?userType=1" "Mozilla/5.0 (iPhone; CPU iPhone OS 8_3 like Mac OS X) AppleWebKit/600.1.4 (KHTML, like Gecko) Mobile/12F70 MicroMessenger/6.5.8 NetType/4G Language/zh_CN" "-"
112.18.222.18 - - [04/Jun/2017:21:15:06 +0800] "GET /NuresAppDownload HTTP/1.1" 302 0 "-" "Mozilla/5.0 (iPhone; CPU iPhone OS 10_3_2 like Mac OS X) AppleWebKit/603.2.4 (KHTML, like Gecko) Mobile/14F89 MicroMessenger/6.5.8 NetType/WIFI Language/zh_CN" "-"
112.18.222.18 - - [04/Jun/2017:21:15:06 +0800] "GET /jsp/H5/pagePlugin/client_download/appdownload.jsp HTTP/1.1" 200 2090 "-" "Mozilla/5.0 (iPhone; CPU iPhone OS 10_3_2 like Mac OS X) AppleWebKit/603.2.4 (KHTML, like Gecko) Mobile/14F89 MicroMessenger/6.5.8 NetType/WIFI Language/zh_CN" "-"
112.18.222.18 - - [04/Jun/2017:21:15:07 +0800] "GET /css/weui2.css HTTP/1.1" 200 9414 "https://wx.jinpaihushi.com/jsp/H5/pagePlugin/client_download/appdownload.jsp" "Mozilla/5.0 (iPhone; CPU iPhone OS 10_3_2 like Mac OS X) AppleWebKit/603.2.4 (KHTML, like Gecko) Mobile/14F89 MicroMessenger/6.5.8 NetType/WIFI Language/zh_CN" "-"
112.18.222.18 - - [04/Jun/2017:21:15:07 +0800] "GET /img/appdownload/AD.png HTTP/1.1" 200 26424 "https://wx.jinpaihushi.com/jsp/H5/pagePlugin/client_download/appdownload.jsp" "Mozilla/5.0 (iPhone; CPU iPhone OS 10_3_2 like Mac OS X) AppleWebKit/603.2.4 (KHTML, like Gecko) Mobile/14F89 MicroMessenger/6.5.8 NetType/WIFI Language/zh_CN" "-"
112.18.222.18 - - [04/Jun/2017:21:15:07 +0800] "GET /img/appdownload/kh_IP.png HTTP/1.1" 200 6332 "https://wx.jinpaihushi.com/jsp/H5/pagePlugin/client_download/appdownload.jsp" "Mozilla/5.0 (iPhone; CPU iPhone OS 10_3_2 like Mac OS X) AppleWebKit/603.2.4 (KHTML, like Gecko) Mobile/14F89 MicroMessenger/6.5.8 NetType/WIFI Language/zh_CN" "-"
112.18.222.18 - - [04/Jun/2017:21:15:07 +0800] "GET /img/appdownload/ad_ip.png HTTP/1.1" 200 6561 "https://wx.jinpaihushi.com/jsp/H5/pagePlugin/client_download/appdownload.jsp" "Mozilla/5.0 (iPhone; CPU iPhone OS 10_3_2 like Mac OS X) AppleWebKit/603.2.4 (KHTML, like Gecko) Mobile/14F89 MicroMessenger/6.5.8 NetType/WIFI Language/zh_CN" "-"
112.18.222.18 - - [04/Jun/2017:21:15:07 +0800] "GET /img/appdownload/iphone_download.png HTTP/1.1" 200 25856 "https://wx.jinpaihushi.com/jsp/H5/pagePlugin/client_download/appdownload.jsp" "Mozilla/5.0 (iPhone; CPU iPhone OS 10_3_2 like Mac OS X) AppleWebKit/603.2.4 (KHTML, like Gecko) Mobile/14F89 MicroMessenger/6.5.8 NetType/WIFI Language/zh_CN" "-"
112.18.222.18 - - [04/Jun/2017:21:15:07 +0800] "GET /img/appdownload/app_logo.png HTTP/1.1" 200 38915 "https://wx.jinpaihushi.com/jsp/H5/pagePlugin/client_download/appdownload.jsp" "Mozilla/5.0 (iPhone; CPU iPhone OS 10_3_2 like Mac OS X) AppleWebKit/603.2.4 (KHTML, like Gecko) Mobile/14F89 MicroMessenger/6.5.8 NetType/WIFI Language/zh_CN" "-"
112.18.222.18 - - [04/Jun/2017:21:15:08 +0800] "GET /img/appdownload/app_bg.jpg HTTP/1.1" 200 238093 "https://wx.jinpaihushi.com/jsp/H5/pagePlugin/client_download/appdownload.jsp" "Mozilla/5.0 (iPhone; CPU iPhone OS 10_3_2 like Mac OS X) AppleWebKit/603.2.4 (KHTML, like Gecko) Mobile/14F89 MicroMessenger/6.5.8 NetType/WIFI Language/zh_CN" "-"
117.174.91.204 - - [04/Jun/2017:21:15:09 +0800] "POST /Register?m=rigiestHHD HTTP/1.1" 200 85 "https://wx.jinpaihushi.com/jsp/Register/regiestOk.jsp?userType=1" "Mozilla/5.0 (iPhone; CPU iPhone OS 9_3_2 like Mac OS X) AppleWebKit/601.1.46 (KHTML, like Gecko) Mobile/13F69 QQ/7.0.1.407 V1_IPH_SQ_7.0.1_1_APP_A Pixel/750 Core/UIWebView NetType/WIFI QBWebViewType/1" "-"
182.150.42.195 - - [04/Jun/2017:21:15:12 +0800] "POST /ComeIn?m=getProductEvaluateList HTTP/1.1" 200 985 "https://wx.jinpaihushi.com/jsp/H5/OneProductDetails.jsp" "Mozilla/5.0 (iPhone; CPU iPhone OS 10_2 like Mac OS X) AppleWebKit/602.3.12 (KHTML, like Gecko) Mobile/14C92 MicroMessenger/6.5.8 NetType/WIFI Language/zh_CN" "-"
182.150.42.195 - - [04/Jun/2017:21:15:12 +0800] "GET /img/xingxing/5.png HTTP/1.1" 200 19666 "https://wx.jinpaihushi.com/jsp/H5/OneProductDetails.jsp" "Mozilla/5.0 (iPhone; CPU iPhone OS 10_2 like Mac OS X) AppleWebKit/602.3.12 (KHTML, like Gecko) Mobile/14C92 MicroMessenger/6.5.8 NetType/WIFI Language/zh_CN" "-"
223.85.42.48 - - [04/Jun/2017:21:15:18 +0800] "POST /Register?m=rigiestHHD HTTP/1.1" 200 85 "https://wx.jinpaihushi.com/jsp/Register/regiestOk.jsp?userType=1" "Mozilla/5.0 (iPhone; CPU iPhone OS 10_2_1 like Mac OS X) AppleWebKit/602.4.6 (KHTML, like Gecko) Mobile/14D27 QQ/7.0.1.407 V1_IPH_SQ_7.0.1_1_APP_A Pixel/750 Core/UIWebView NetType/WIFI QBWebViewType/1" "-"
182.150.42.195 - - [04/Jun/2017:21:15:28 +0800] "GET /ComeIn?m=setOneProductNew&id=104 HTTP/1.1" 302 0 "https://wx.jinpaihushi.com/jsp/H5/productTypeList.jsp?mainProductType=18" "Mozilla/5.0 (iPhone; CPU iPhone OS 10_2 like Mac OS X) AppleWebKit/602.3.12 (KHTML, like Gecko) Mobile/14C92 MicroMessenger/6.5.8 NetType/WIFI Language/zh_CN" "-"
182.150.42.195 - - [04/Jun/2017:21:15:29 +0800] "GET /jsp/H5/OneProductDetails.jsp HTTP/1.1" 200 12543 "https://wx.jinpaihushi.com/jsp/H5/productTypeList.jsp?mainProductType=18" "Mozilla/5.0 (iPhone; CPU iPhone OS 10_2 like Mac OS X) AppleWebKit/602.3.12 (KHTML, like Gecko) Mobile/14C92 MicroMessenger/6.5.8 NetType/WIFI Language/zh_CN" "-"
182.150.42.195 - - [04/Jun/2017:21:15:33 +0800] "GET /ComeIn?m=setOneProductNew&id=102 HTTP/1.1" 302 0 "https://wx.jinpaihushi.com/jsp/H5/productTypeList.jsp?mainProductType=18" "Mozilla/5.0 (iPhone; CPU iPhone OS 10_2 like Mac OS X) AppleWebKit/602.3.12 (KHTML, like Gecko) Mobile/14C92 MicroMessenger/6.5.8 NetType/WIFI Language/zh_CN" "-"
182.150.42.195 - - [04/Jun/2017:21:15:34 +0800] "GET /jsp/H5/OneProductDetails.jsp HTTP/1.1" 200 12423 "https://wx.jinpaihushi.com/jsp/H5/productTypeList.jsp?mainProductType=18" "Mozilla/5.0 (iPhone; CPU iPhone OS 10_2 like Mac OS X) AppleWebKit/602.3.12 (KHTML, like Gecko) Mobile/14C92 MicroMessenger/6.5.8 NetType/WIFI Language/zh_CN" "-"
223.85.144.84 - - [04/Jun/2017:21:15:35 +0800] "GET /NuresAppDownload HTTP/1.1" 302 0 "-" "Mozilla/5.0 (iPhone; CPU iPhone OS 10_0_2 like Mac OS X) AppleWebKit/602.1.50 (KHTML, like Gecko) Mobile/14A456 MicroMessenger/6.5.8 NetType/WIFI Language/zh_CN" "-"
223.85.144.84 - - [04/Jun/2017:21:15:35 +0800] "GET /jsp/H5/pagePlugin/client_download/appdownload.jsp HTTP/1.1" 200 2090 "-" "Mozilla/5.0 (iPhone; CPU iPhone OS 10_0_2 like Mac OS X) AppleWebKit/602.1.50 (KHTML, like Gecko) Mobile/14A456 MicroMessenger/6.5.8 NetType/WIFI Language/zh_CN" "-"
223.85.144.84 - - [04/Jun/2017:21:15:36 +0800] "GET /css/weui2.css HTTP/1.1" 200 9414 "https://wx.jinpaihushi.com/jsp/H5/pagePlugin/client_download/appdownload.jsp" "Mozilla/5.0 (iPhone; CPU iPhone OS 10_0_2 like Mac OS X) AppleWebKit/602.1.50 (KHTML, like Gecko) Mobile/14A456 MicroMessenger/6.5.8 NetType/WIFI Language/zh_CN" "-"
223.85.144.84 - - [04/Jun/2017:21:15:36 +0800] "GET /img/appdownload/AD.png HTTP/1.1" 200 26424 "https://wx.jinpaihushi.com/jsp/H5/pagePlugin/client_download/appdownload.jsp" "Mozilla/5.0 (iPhone; CPU iPhone OS 10_0_2 like Mac OS X) AppleWebKit/602.1.50 (KHTML, like Gecko) Mobile/14A456 MicroMessenger/6.5.8 NetType/WIFI Language/zh_CN" "-"
223.85.144.84 - - [04/Jun/2017:21:15:36 +0800] "GET /img/appdownload/ad_ip.png HTTP/1.1" 200 6561 "https://wx.jinpaihushi.com/jsp/H5/pagePlugin/client_download/appdownload.jsp" "Mozilla/5.0 (iPhone; CPU iPhone OS 10_0_2 like Mac OS X) AppleWebKit/602.1.50 (KHTML, like Gecko) Mobile/14A456 MicroMessenger/6.5.8 NetType/WIFI Language/zh_CN" "-"
223.85.144.84 - - [04/Jun/2017:21:15:36 +0800] "GET /img/appdownload/kh_IP.png HTTP/1.1" 200 6332 "https://wx.jinpaihushi.com/jsp/H5/pagePlugin/client_download/appdownload.jsp" "Mozilla/5.0 (iPhone; CPU iPhone OS 10_0_2 like Mac OS X) AppleWebKit/602.1.50 (KHTML, like Gecko) Mobile/14A456 MicroMessenger/6.5.8 NetType/WIFI Language/zh_CN" "-"
223.85.144.84 - - [04/Jun/2017:21:15:36 +0800] "GET /img/appdownload/iphone_download.png HTTP/1.1" 200 25856 "https://wx.jinpaihushi.com/jsp/H5/pagePlugin/client_download/appdownload.jsp" "Mozilla/5.0 (iPhone; CPU iPhone OS 10_0_2 like Mac OS X) AppleWebKit/602.1.50 (KHTML, like Gecko) Mobile/14A456 MicroMessenger/6.5.8 NetType/WIFI Language/zh_CN" "-"
223.85.144.84 - - [04/Jun/2017:21:15:36 +0800] "GET /img/appdownload/app_logo.png HTTP/1.1" 200 38915 "https://wx.jinpaihushi.com/jsp/H5/pagePlugin/client_download/appdownload.jsp" "Mozilla/5.0 (iPhone; CPU iPhone OS 10_0_2 like Mac OS X) AppleWebKit/602.1.50 (KHTML, like Gecko) Mobile/14A456 MicroMessenger/6.5.8 NetType/WIFI Language/zh_CN" "-"
223.85.144.84 - - [04/Jun/2017:21:15:36 +0800] "GET /img/appdownload/app_bg.jpg HTTP/1.1" 200 238093 "https://wx.jinpaihushi.com/jsp/H5/pagePlugin/client_download/appdownload.jsp" "Mozilla/5.0 (iPhone; CPU iPhone OS 10_0_2 like Mac OS X) AppleWebKit/602.1.50 (KHTML, like Gecko) Mobile/14A456 MicroMessenger/6.5.8 NetType/WIFI Language/zh_CN" "-"
117.174.91.204 - - [04/Jun/2017:21:16:04 +0800] "POST /Register?m=rigiestHHD HTTP/1.1" 200 58 "https://wx.jinpaihushi.com/jsp/Register/regiestOk.jsp?userType=1" "Mozilla/5.0 (iPhone; CPU iPhone OS 9_3_2 like Mac OS X) AppleWebKit/601.1.46 (KHTML, like Gecko) Mobile/13F69 QQ/7.0.1.407 V1_IPH_SQ_7.0.1_1_APP_A Pixel/750 Core/UIWebView NetType/WIFI QBWebViewType/1" "-"
223.87.245.220 - - [04/Jun/2017:21:16:06 +0800] "GET /Login?m=oneIndex HTTP/1.1" 302 0 "-" "Mozilla/5.0 (Linux; Android 7.0; PRA-AL00X Build/HONORPRA-AL00X; wv) AppleWebKit/537.36 (KHTML, like Gecko) Version/4.0 Chrome/53.0.2785.49 Mobile MQQBrowser/6.2 TBS/043220 Safari/537.36 MicroMessenger/6.5.8.1060 NetType/WIFI Language/zh_CN" "-"
223.87.245.220 - - [04/Jun/2017:21:16:06 +0800] "GET /jsp/H5/index.jsp?type=main HTTP/1.1" 200 9533 "-" "Mozilla/5.0 (Linux; Android 7.0; PRA-AL00X Build/HONORPRA-AL00X; wv) AppleWebKit/537.36 (KHTML, like Gecko) Version/4.0 Chrome/53.0.2785.49 Mobile MQQBrowser/6.2 TBS/043220 Safari/537.36 MicroMessenger/6.5.8.1060 NetType/WIFI Language/zh_CN" "-"
223.87.245.220 - - [04/Jun/2017:21:16:06 +0800] "GET /css/weui.css HTTP/1.1" 200 46718 "https://wx.jinpaihushi.com/jsp/H5/index.jsp?type=main" "Mozilla/5.0 (Linux; Android 7.0; PRA-AL00X Build/HONORPRA-AL00X; wv) AppleWebKit/537.36 (KHTML, like Gecko) Version/4.0 Chrome/53.0.2785.49 Mobile MQQBrowser/6.2 TBS/043220 Safari/537.36 MicroMessenger/6.5.8.1060 NetType/WIFI Language/zh_CN" "-"
223.87.245.220 - - [04/Jun/2017:21:16:06 +0800] "GET /css/example.css HTTP/1.1" 200 4271 "https://wx.jinpaihushi.com/jsp/H5/index.jsp?type=main" "Mozilla/5.0 (Linux; Android 7.0; PRA-AL00X Build/HONORPRA-AL00X; wv) AppleWebKit/537.36 (KHTML, like Gecko) Version/4.0 Chrome/53.0.2785.49 Mobile MQQBrowser/6.2 TBS/043220 Safari/537.36 MicroMessenger/6.5.8.1060 NetType/WIFI Language/zh_CN" "-"
223.87.245.220 - - [04/Jun/2017:21:16:06 +0800] "GET /js/common-jphs.js HTTP/1.1" 200 3641 "https://wx.jinpaihushi.com/jsp/H5/index.jsp?type=main" "Mozilla/5.0 (Linux; Android 7.0; PRA-AL00X Build/HONORPRA-AL00X; wv) AppleWebKit/537.36 (KHTML, like Gecko) Version/4.0 Chrome/53.0.2785.49 Mobile MQQBrowser/6.2 TBS/043220 Safari/537.36 MicroMessenger/6.5.8.1060 NetType/WIFI Language/zh_CN" "-"
223.87.245.220 - - [04/Jun/2017:21:16:06 +0800] "GET /js/example.js HTTP/1.1" 200 1884 "https://wx.jinpaihushi.com/jsp/H5/index.jsp?type=main" "Mozilla/5.0 (Linux; Android 7.0; PRA-AL00X Build/HONORPRA-AL00X; wv) AppleWebKit/537.36 (KHTML, like Gecko) Version/4.0 Chrome/53.0.2785.49 Mobile MQQBrowser/6.2 TBS/043220 Safari/537.36 MicroMessenger/6.5.8.1060 NetType/WIFI Language/zh_CN" "-"
223.87.245.220 - - [04/Jun/2017:21:16:06 +0800] "GET /jsp/H5/images/shouye_2.png HTTP/1.1" 200 674 "https://wx.jinpaihushi.com/jsp/H5/index.jsp?type=main" "Mozilla/5.0 (Linux; Android 7.0; PRA-AL00X Build/HONORPRA-AL00X; wv) AppleWebKit/537.36 (KHTML, like Gecko) Version/4.0 Chrome/53.0.2785.49 Mobile MQQBrowser/6.2 TBS/043220 Safari/537.36 MicroMessenger/6.5.8.1060 NetType/WIFI Language/zh_CN" "-"
223.87.245.220 - - [04/Jun/2017:21:16:06 +0800] "GET /jsp/H5/images/dingdan_2.png HTTP/1.1" 200 673 "https://wx.jinpaihushi.com/jsp/H5/index.jsp?type=main" "Mozilla/5.0 (Linux; Android 7.0; PRA-AL00X Build/HONORPRA-AL00X; wv) AppleWebKit/537.36 (KHTML, like Gecko) Version/4.0 Chrome/53.0.2785.49 Mobile MQQBrowser/6.2 TBS/043220 Safari/537.36 MicroMessenger/6.5.8.1060 NetType/WIFI Language/zh_CN" "-"
223.87.245.220 - - [04/Jun/2017:21:16:06 +0800] "GET /jsp/H5/images/wode_2.png HTTP/1.1" 200 1397 "https://wx.jinpaihushi.com/jsp/H5/index.jsp?type=main" "Mozilla/5.0 (Linux; Android 7.0; PRA-AL00X Build/HONORPRA-AL00X; wv) AppleWebKit/537.36 (KHTML, like Gecko) Version/4.0 Chrome/53.0.2785.49 Mobile MQQBrowser/6.2 TBS/043220 Safari/537.36 MicroMessenger/6.5.8.1060 NetType/WIFI Language/zh_CN" "-"
223.87.245.220 - - [04/Jun/2017:21:16:06 +0800] "GET /js/jquery-2.1.4.min.js HTTP/1.1" 200 84345 "https://wx.jinpaihushi.com/jsp/H5/index.jsp?type=main" "Mozilla/5.0 (Linux; Android 7.0; PRA-AL00X Build/HONORPRA-AL00X; wv) AppleWebKit/537.36 (KHTML, like Gecko) Version/4.0 Chrome/53.0.2785.49 Mobile MQQBrowser/6.2 TBS/043220 Safari/537.36 MicroMessenger/6.5.8.1060 NetType/WIFI Language/zh_CN" "-"
223.87.245.220 - - [04/Jun/2017:21:16:07 +0800] "GET /jsp/H5/main.jsp?type=main HTTP/1.1" 200 17461 "https://wx.jinpaihushi.com/jsp/H5/index.jsp?type=main" "Mozilla/5.0 (Linux; Android 7.0; PRA-AL00X Build/HONORPRA-AL00X; wv) AppleWebKit/537.36 (KHTML, like Gecko) Version/4.0 Chrome/53.0.2785.49 Mobile MQQBrowser/6.2 TBS/043220 Safari/537.36 MicroMessenger/6.5.8.1060 NetType/WIFI Language/zh_CN" "-"
223.87.245.220 - - [04/Jun/2017:21:16:07 +0800] "GET /jsp/H5/images/shouye_1.png HTTP/1.1" 200 564 "https://wx.jinpaihushi.com/jsp/H5/index.jsp?type=main" "Mozilla/5.0 (Linux; Android 7.0; PRA-AL00X Build/HONORPRA-AL00X; wv) AppleWebKit/537.36 (KHTML, like Gecko) Version/4.0 Chrome/53.0.2785.49 Mobile MQQBrowser/6.2 TBS/043220 Safari/537.36 MicroMessenger/6.5.8.1060 NetType/WIFI Language/zh_CN" "-"
223.87.245.220 - - [04/Jun/2017:21:16:07 +0800] "GET /css/yy.css HTTP/1.1" 200 77396 "https://wx.jinpaihushi.com/jsp/H5/index.jsp?type=main" "Mozilla/5.0 (Linux; Android 7.0; PRA-AL00X Build/HONORPRA-AL00X; wv) AppleWebKit/537.36 (KHTML, like Gecko) Version/4.0 Chrome/53.0.2785.49 Mobile MQQBrowser/6.2 TBS/043220 Safari/537.36 MicroMessenger/6.5.8.1060 NetType/WIFI Language/zh_CN" "-"
223.87.245.220 - - [04/Jun/2017:21:16:07 +0800] "GET /js/jquery-2.1.4.min.js?_=1496582166036 HTTP/1.1" 200 84345 "https://wx.jinpaihushi.com/jsp/H5/index.jsp?type=main" "Mozilla/5.0 (Linux; Android 7.0; PRA-AL00X Build/HONORPRA-AL00X; wv) AppleWebKit/537.36 (KHTML, like Gecko) Version/4.0 Chrome/53.0.2785.49 Mobile MQQBrowser/6.2 TBS/043220 Safari/537.36 MicroMessenger/6.5.8.1060 NetType/WIFI Language/zh_CN" "-"
223.87.245.220 - - [04/Jun/2017:21:16:07 +0800] "GET /js/Login/login.js?_=1496582166037 HTTP/1.1" 200 9907 "https://wx.jinpaihushi.com/jsp/H5/index.jsp?type=main" "Mozilla/5.0 (Linux; Android 7.0; PRA-AL00X Build/HONORPRA-AL00X; wv) AppleWebKit/537.36 (KHTML, like Gecko) Version/4.0 Chrome/53.0.2785.49 Mobile MQQBrowser/6.2 TBS/043220 Safari/537.36 MicroMessenger/6.5.8.1060 NetType/WIFI Language/zh_CN" "-"
223.87.245.220 - - [04/Jun/2017:21:16:07 +0800] "GET /js/common-jphs.js?_=1496582166038 HTTP/1.1" 200 3641 "https://wx.jinpaihushi.com/jsp/H5/index.jsp?type=main" "Mozilla/5.0 (Linux; Android 7.0; PRA-AL00X Build/HONORPRA-AL00X; wv) AppleWebKit/537.36 (KHTML, like Gecko) Version/4.0 Chrome/53.0.2785.49 Mobile MQQBrowser/6.2 TBS/043220 Safari/537.36 MicroMessenger/6.5.8.1060 NetType/WIFI Language/zh_CN" "-"
223.87.245.220 - - [04/Jun/2017:21:16:07 +0800] "GET /js/yySwipe.js?_=1496582166041 HTTP/1.1" 200 14651 "https://wx.jinpaihushi.com/jsp/H5/index.jsp?type=main" "Mozilla/5.0 (Linux; Android 7.0; PRA-AL00X Build/HONORPRA-AL00X; wv) AppleWebKit/537.36 (KHTML, like Gecko) Version/4.0 Chrome/53.0.2785.49 Mobile MQQBrowser/6.2 TBS/043220 Safari/537.36 MicroMessenger/6.5.8.1060 NetType/WIFI Language/zh_CN" "-"
223.87.245.220 - - [04/Jun/2017:21:16:07 +0800] "GET /img/main/yuyue.png HTTP/1.1" 200 1117 "https://wx.jinpaihushi.com/jsp/H5/index.jsp?type=main" "Mozilla/5.0 (Linux; Android 7.0; PRA-AL00X Build/HONORPRA-AL00X; wv) AppleWebKit/537.36 (KHTML, like Gecko) Version/4.0 Chrome/53.0.2785.49 Mobile MQQBrowser/6.2 TBS/043220 Safari/537.36 MicroMessenger/6.5.8.1060 NetType/WIFI Language/zh_CN" "-"
223.87.245.220 - - [04/Jun/2017:21:16:07 +0800] "GET /img/main/kangfu.png HTTP/1.1" 200 2456 "https://wx.jinpaihushi.com/jsp/H5/index.jsp?type=main" "Mozilla/5.0 (Linux; Android 7.0; PRA-AL00X Build/HONORPRA-AL00X; wv) AppleWebKit/537.36 (KHTML, like Gecko) Version/4.0 Chrome/53.0.2785.49 Mobile MQQBrowser/6.2 TBS/043220 Safari/537.36 MicroMessenger/6.5.8.1060 NetType/WIFI Language/zh_CN" "-"
223.87.245.220 - - [04/Jun/2017:21:16:07 +0800] "GET /img/main/muying.png HTTP/1.1" 200 2521 "https://wx.jinpaihushi.com/jsp/H5/index.jsp?type=main" "Mozilla/5.0 (Linux; Android 7.0; PRA-AL00X Build/HONORPRA-AL00X; wv) AppleWebKit/537.36 (KHTML, like Gecko) Version/4.0 Chrome/53.0.2785.49 Mobile MQQBrowser/6.2 TBS/043220 Safari/537.36 MicroMessenger/6.5.8.1060 NetType/WIFI Language/zh_CN" "-"
