223.104.9.7 - - [04/Jun/2017:21:09:40 +0800] "GET /img/appdownload/app_logo.png HTTP/1.1" 200 38915 "https://wx.jinpaihushi.com/jsp/H5/pagePlugin/client_download/appdownload.jsp" "Mozilla/5.0 (Linux; Android 5.1; MX5 Build/LMY47I; wv) AppleWebKit/537.36 (KHTML, like Gecko) Version/4.0 Chrome/53.0.2785.49 Mobile MQQBrowser/6.2 TBS/043220 Safari/537.36 MicroMessenger/6.5.8.1060 NetType/4G Language/zh_CN" "-"
223.104.9.7 - - [04/Jun/2017:21:09:40 +0800] "GET /img/appdownload/iphone_download.png HTTP/1.1" 200 25856 "https://wx.jinpaihushi.com/jsp/H5/pagePlugin/client_download/appdownload.jsp" "Mozilla/5.0 (Linux; Android 5.1; MX5 Build/LMY47I; wv) AppleWebKit/537.36 (KHTML, like Gecko) Version/4.0 Chrome/53.0.2785.49 Mobile MQQBrowser/6.2 TBS/043220 Safari/537.36 MicroMessenger/6.5.8.1060 NetType/4G Language/zh_CN" "-"
223.104.9.7 - - [04/Jun/2017:21:09:40 +0800] "GET /img/appdownload/AD.png HTTP/1.1" 200 26424 "https://wx.jinpaihushi.com/jsp/H5/pagePlugin/client_download/appdownload.jsp" "Mozilla/5.0 (Linux; Android 5.1; MX5 Build/LMY47I; wv) AppleWebKit/537.36 (KHTML, like Gecko) Version/4.0 Chrome/53.0.2785.49 Mobile MQQBrowser/6.2 TBS/043220 Safari/537.36 MicroMessenger/6.5.8.1060 NetType/4G Language/zh_CN" "-"
223.104.9.7 - - [04/Jun/2017:21:09:40 +0800] "GET /img/appdownload/ad_ip.png HTTP/1.1" 200 6561 "https://wx.jinpaihushi.com/jsp/H5/pagePlugin/client_download/appdownload.jsp" "Mozilla/5.0 (Linux; Android 5.1; MX5 Build/LMY47I; wv) AppleWebKit/537.36 (KHTML, like Gecko) Version/4.0 Chrome/53.0.2785.49 Mobile MQQBrowser/6.2 TBS/043220 Safari/537.36 MicroMessenger/6.5.8.1060 NetType/4G Language/zh_CN" "-"
223.104.9.7 - - [04/Jun/2017:21:09:40 +0800] "GET /img/appdownload/app_bg.jpg HTTP/1.1" 200 238093 "https://wx.jinpaihushi.com/jsp/H5/pagePlugin/client_download/appdownload.jsp" "Mozilla/5.0 (Linux; Android 5.1; MX5 Build/LMY47I; wv) AppleWebKit/537.36 (KHTML, like Gecko) Version/4.0 Chrome/53.0.2785.49 Mobile MQQBrowser/6.2 TBS/043220 Safari/537.36 MicroMessenger/6.5.8.1060 NetType/4G Language/zh_CN" "-"
171.214.180.108 - - [04/Jun/2017:21:09:47 +0800] "GET /jsp/Register/regiest.jsp?recommond=18598&from=groupmessage HTTP/1.1" 200 4839 "-" "Mozilla/5.0 (Linux; Android 6.0.1; G0215D Build/MMB29M; wv) AppleWebKit/537.36 (KHTML, like Gecko) Version/4.0 Chrome/53.0.2785.49 Mobile MQQBrowser/6.2 TBS/043220 Safari/537.36 MicroMessenger/6.5.7.1041 NetType/WIFI Language/zh_CN" "-"
118.114.148.251 - - [04/Jun/2017:21:09:49 +0800] "GET /jsp/Register/regiest.jsp?recommond=18598 HTTP/1.1" 200 4839 "-" "Mozilla/5.0 (iPhone; CPU iPhone OS 10_1_1 like Mac OS X) AppleWebKit/602.2.14 (KHTML, like Gecko) Mobile/14B100 QQ/7.0.1.407 V1_IPH_SQ_7.0.1_1_APP_A Pixel/1080 Core/UIWebView NetType/4G QBWebViewType/1" "-"
101.226.102.97 - - [04/Jun/2017:21:09:50 +0800] "GET /NuresAppDownload HTTP/1.1" 302 0 "-" "Mozilla/5.0 (Linux; Android 5.1.1; SM801 Build/LMY47V; wv) AppleWebKit/537.36 (KHTML, like Gecko) Version/4.0 Chrome/53.0.2785.49 Mobile MQQBrowser/6.2 TBS/043024 Safari/537.36 MicroMessenger/6.5.4.1000 NetType/4G Language/zh_CN" "-"
101.226.66.187 - - [04/Jun/2017:21:09:50 +0800] "GET /NuresAppDownload HTTP/1.1" 302 0 "-" "Mozilla/5.0 (Windows NT 6.1; WOW64) AppleWebKit/537.36 (KHTML, like Gecko) Chrome/39.0.2171.95 Safari/537.36 MicroMessenger/6.5.2.501 NetType/WIFI WindowsWechat QBCore/3.43.27.400 QQBrowser/9.0.2524.400" "-"
101.226.66.187 - - [04/Jun/2017:21:09:50 +0800] "GET /jsp/H5/pagePlugin/client_download/appdownload.jsp HTTP/1.1" 200 2090 "https://wx.jinpaihushi.com/NuresAppDownload" "Mozilla/5.0 (Windows NT 6.1; WOW64) AppleWebKit/537.36 (KHTML, like Gecko) Chrome/39.0.2171.95 Safari/537.36 MicroMessenger/6.5.2.501 NetType/WIFI WindowsWechat QBCore/3.43.27.400 QQBrowser/9.0.2524.400" "-"
101.226.102.97 - - [04/Jun/2017:21:09:50 +0800] "GET /jsp/H5/pagePlugin/client_download/appdownload.jsp HTTP/1.1" 200 2090 "https://wx.jinpaihushi.com/NuresAppDownload" "Mozilla/5.0 (Linux; Android 5.1.1; SM801 Build/LMY47V; wv) AppleWebKit/537.36 (KHTML, like Gecko) Version/4.0 Chrome/53.0.2785.49 Mobile MQQBrowser/6.2 TBS/043024 Safari/537.36 MicroMessenger/6.5.4.1000 NetType/4G Language/zh_CN" "-"
171.214.180.108 - - [04/Jun/2017:21:09:56 +0800] "POST /Register?m=getCodeFenxiang HTTP/1.1" 200 21 "https://wx.jinpaihushi.com/jsp/Register/regiest.jsp?recommond=18598&from=groupmessage" "Mozilla/5.0 (Linux; Android 6.0.1; G0215D Build/MMB29M; wv) AppleWebKit/537.36 (KHTML, like Gecko) Version/4.0 Chrome/53.0.2785.49 Mobile MQQBrowser/6.2 TBS/043220 Safari/537.36 MicroMessenger/6.5.7.1041 NetType/WIFI Language/zh_CN" "-"
171.214.180.108 - - [04/Jun/2017:21:10:17 +0800] "POST /Register?m=checkCode HTTP/1.1" 200 12 "https://wx.jinpaihushi.com/jsp/Register/regiest.jsp?recommond=18598&from=groupmessage" "Mozilla/5.0 (Linux; Android 6.0.1; G0215D Build/MMB29M; wv) AppleWebKit/537.36 (KHTML, like Gecko) Version/4.0 Chrome/53.0.2785.49 Mobile MQQBrowser/6.2 TBS/043220 Safari/537.36 MicroMessenger/6.5.7.1041 NetType/WIFI Language/zh_CN" "-"
171.214.180.108 - - [04/Jun/2017:21:10:17 +0800] "GET /jsp/Register/regiestOk.jsp?userType=1 HTTP/1.1" 200 4759 "https://wx.jinpaihushi.com/jsp/Register/regiest.jsp?recommond=18598&from=groupmessage" "Mozilla/5.0 (Linux; Android 6.0.1; G0215D Build/MMB29M; wv) AppleWebKit/537.36 (KHTML, like Gecko) Version/4.0 Chrome/53.0.2785.49 Mobile MQQBrowser/6.2 TBS/043220 Safari/537.36 MicroMessenger/6.5.7.1041 NetType/WIFI Language/zh_CN" "-"
171.214.180.108 - - [04/Jun/2017:21:10:17 +0800] "GET /img/regiest/yz.png HTTP/1.1" 200 1109 "https://wx.jinpaihushi.com/jsp/Register/regiestOk.jsp?userType=1" "Mozilla/5.0 (Linux; Android 6.0.1; G0215D Build/MMB29M; wv) AppleWebKit/537.36 (KHTML, like Gecko) Version/4.0 Chrome/53.0.2785.49 Mobile MQQBrowser/6.2 TBS/043220 Safari/537.36 MicroMessenger/6.5.7.1041 NetType/WIFI Language/zh_CN" "-"
171.214.180.108 - - [04/Jun/2017:21:10:17 +0800] "GET /js/register/regiestOk.js HTTP/1.1" 200 1771 "https://wx.jinpaihushi.com/jsp/Register/regiestOk.jsp?userType=1" "Mozilla/5.0 (Linux; Android 6.0.1; G0215D Build/MMB29M; wv) AppleWebKit/537.36 (KHTML, like Gecko) Version/4.0 Chrome/53.0.2785.49 Mobile MQQBrowser/6.2 TBS/043220 Safari/537.36 MicroMessenger/6.5.7.1041 NetType/WIFI Language/zh_CN" "-"
171.214.180.108 - - [04/Jun/2017:21:10:18 +0800] "GET /img/regiest/mima.png HTTP/1.1" 200 754 "https://wx.jinpaihushi.com/jsp/Register/regiestOk.jsp?userType=1" "Mozilla/5.0 (Linux; Android 6.0.1; G0215D Build/MMB29M; wv) AppleWebKit/537.36 (KHTML, like Gecko) Version/4.0 Chrome/53.0.2785.49 Mobile MQQBrowser/6.2 TBS/043220 Safari/537.36 MicroMessenger/6.5.7.1041 NetType/WIFI Language/zh_CN" "-"
118.114.148.251 - - [04/Jun/2017:21:10:21 +0800] "POST /Register?m=getCodeFenxiang HTTP/1.1" 200 21 "https://wx.jinpaihushi.com/jsp/Register/regiest.jsp?recommond=18598" "Mozilla/5.0 (iPhone; CPU iPhone OS 10_1_1 like Mac OS X) AppleWebKit/602.2.14 (KHTML, like Gecko) Mobile/14B100 QQ/7.0.1.407 V1_IPH_SQ_7.0.1_1_APP_A Pixel/1080 Core/UIWebView NetType/4G QBWebViewType/1" "-"
218.75.146.79 - - [04/Jun/2017:21:10:26 +0800] "GET /jsp/Register/regiest.jsp?recommond=18598 HTTP/1.1" 200 4839 "-" "Mozilla/5.0 (iPhone; CPU iPhone OS 9_3_2 like Mac OS X) AppleWebKit/601.1.46 (KHTML, like Gecko) Mobile/13F69 QQ/7.0.1.407 V1_IPH_SQ_7.0.1_1_APP_A Pixel/750 Core/UIWebView NetType/WIFI QBWebViewType/1" "-"
223.104.9.1 - - [04/Jun/2017:21:10:32 +0800] "GET /jsp/Register/regiest.jsp?recommond=18598 HTTP/1.1" 200 4839 "-" "Mozilla/5.0 (Linux; Android 6.0.1; vivo X9i Build/MMB29M; wv) AppleWebKit/537.36 (KHTML, like Gecko) Version/4.0 Chrome/53.0.2785.49 Mobile MQQBrowser/6.2 TBS/043305 Safari/537.36 V1_AND_SQ_7.0.0_676_YYB_D PA QQ/7.0.0.3135 NetType/4G WebP/0.3.0 Pixel/1080" "-"
223.104.9.1 - - [04/Jun/2017:21:10:39 +0800] "POST /Register?m=getCodeFenxiang HTTP/1.1" 200 21 "https://wx.jinpaihushi.com/jsp/Register/regiest.jsp?recommond=18598" "Mozilla/5.0 (Linux; Android 6.0.1; vivo X9i Build/MMB29M; wv) AppleWebKit/537.36 (KHTML, like Gecko) Version/4.0 Chrome/53.0.2785.49 Mobile MQQBrowser/6.2 TBS/043305 Safari/537.36 V1_AND_SQ_7.0.0_676_YYB_D PA QQ/7.0.0.3135 NetType/4G WebP/0.3.0 Pixel/1080" "-"
118.114.148.251 - - [04/Jun/2017:21:10:44 +0800] "POST /Register?m=checkCode HTTP/1.1" 200 12 "https://wx.jinpaihushi.com/jsp/Register/regiest.jsp?recommond=18598" "Mozilla/5.0 (iPhone; CPU iPhone OS 10_1_1 like Mac OS X) AppleWebKit/602.2.14 (KHTML, like Gecko) Mobile/14B100 QQ/7.0.1.407 V1_IPH_SQ_7.0.1_1_APP_A Pixel/1080 Core/UIWebView NetType/4G QBWebViewType/1" "-"
118.114.148.251 - - [04/Jun/2017:21:10:44 +0800] "GET /jsp/Register/regiestOk.jsp?userType=1 HTTP/1.1" 200 4759 "https://wx.jinpaihushi.com/jsp/Register/regiest.jsp?recommond=18598" "Mozilla/5.0 (iPhone; CPU iPhone OS 10_1_1 like Mac OS X) AppleWebKit/602.2.14 (KHTML, like Gecko) Mobile/14B100 QQ/7.0.1.407 V1_IPH_SQ_7.0.1_1_APP_A Pixel/1080 Core/UIWebView NetType/4G QBWebViewType/1" "-"
171.214.180.108 - - [04/Jun/2017:21:10:45 +0800] "POST /Register?m=rigiestHHD HTTP/1.1" 200 85 "https://wx.jinpaihushi.com/jsp/Register/regiestOk.jsp?userType=1" "Mozilla/5.0 (Linux; Android 6.0.1; G0215D Build/MMB29M; wv) AppleWebKit/537.36 (KHTML, like Gecko) Version/4.0 Chrome/53.0.2785.49 Mobile MQQBrowser/6.2 TBS/043220 Safari/537.36 MicroMessenger/6.5.7.1041 NetType/WIFI Language/zh_CN" "-"
223.104.9.1 - - [04/Jun/2017:21:10:56 +0800] "POST /Register?m=checkCode HTTP/1.1" 200 12 "https://wx.jinpaihushi.com/jsp/Register/regiest.jsp?recommond=18598" "Mozilla/5.0 (Linux; Android 6.0.1; vivo X9i Build/MMB29M; wv) AppleWebKit/537.36 (KHTML, like Gecko) Version/4.0 Chrome/53.0.2785.49 Mobile MQQBrowser/6.2 TBS/043305 Safari/537.36 V1_AND_SQ_7.0.0_676_YYB_D PA QQ/7.0.0.3135 NetType/4G WebP/0.3.0 Pixel/1080" "-"
223.104.9.1 - - [04/Jun/2017:21:10:56 +0800] "GET /jsp/Register/regiestOk.jsp?userType=1 HTTP/1.1" 200 4759 "https://wx.jinpaihushi.com/jsp/Register/regiest.jsp?recommond=18598" "Mozilla/5.0 (Linux; Android 6.0.1; vivo X9i Build/MMB29M; wv) AppleWebKit/537.36 (KHTML, like Gecko) Version/4.0 Chrome/53.0.2785.49 Mobile MQQBrowser/6.2 TBS/043305 Safari/537.36 V1_AND_SQ_7.0.0_676_YYB_D PA QQ/7.0.0.3135 NetType/4G WebP/0.3.0 Pixel/1080" "-"
218.75.146.79 - - [04/Jun/2017:21:10:59 +0800] "POST /Register?m=getCodeFenxiang HTTP/1.1" 200 21 "https://wx.jinpaihushi.com/jsp/Register/regiest.jsp?recommond=18598" "Mozilla/5.0 (iPhone; CPU iPhone OS 9_3_2 like Mac OS X) AppleWebKit/601.1.46 (KHTML, like Gecko) Mobile/13F69 QQ/7.0.1.407 V1_IPH_SQ_7.0.1_1_APP_A Pixel/750 Core/UIWebView NetType/WIFI QBWebViewType/1" "-"
118.114.148.251 - - [04/Jun/2017:21:10:59 +0800] "POST /Register?m=rigiestHHD HTTP/1.1" 200 58 "https://wx.jinpaihushi.com/jsp/Register/regiestOk.jsp?userType=1" "Mozilla/5.0 (iPhone; CPU iPhone OS 10_1_1 like Mac OS X) AppleWebKit/602.2.14 (KHTML, like Gecko) Mobile/14B100 QQ/7.0.1.407 V1_IPH_SQ_7.0.1_1_APP_A Pixel/1080 Core/UIWebView NetType/4G QBWebViewType/1" "-"
223.104.9.1 - - [04/Jun/2017:21:11:18 +0800] "POST /Register?m=rigiestHHD HTTP/1.1" 200 58 "https://wx.jinpaihushi.com/jsp/Register/regiestOk.jsp?userType=1" "Mozilla/5.0 (Linux; Android 6.0.1; vivo X9i Build/MMB29M; wv) AppleWebKit/537.36 (KHTML, like Gecko) Version/4.0 Chrome/53.0.2785.49 Mobile MQQBrowser/6.2 TBS/043305 Safari/537.36 V1_AND_SQ_7.0.0_676_YYB_D PA QQ/7.0.0.3135 NetType/4G WebP/0.3.0 Pixel/1080" "-"
218.75.146.79 - - [04/Jun/2017:21:11:18 +0800] "POST /Register?m=checkCode HTTP/1.1" 200 12 "https://wx.jinpaihushi.com/jsp/Register/regiest.jsp?recommond=18598" "Mozilla/5.0 (iPhone; CPU iPhone OS 9_3_2 like Mac OS X) AppleWebKit/601.1.46 (KHTML, like Gecko) Mobile/13F69 QQ/7.0.1.407 V1_IPH_SQ_7.0.1_1_APP_A Pixel/750 Core/UIWebView NetType/WIFI QBWebViewType/1" "-"
218.75.146.79 - - [04/Jun/2017:21:11:18 +0800] "GET /jsp/Register/regiestOk.jsp?userType=1 HTTP/1.1" 200 4759 "https://wx.jinpaihushi.com/jsp/Register/regiest.jsp?recommond=18598" "Mozilla/5.0 (iPhone; CPU iPhone OS 9_3_2 like Mac OS X) AppleWebKit/601.1.46 (KHTML, like Gecko) Mobile/13F69 QQ/7.0.1.407 V1_IPH_SQ_7.0.1_1_APP_A Pixel/750 Core/UIWebView NetType/WIFI QBWebViewType/1" "-"
223.104.9.1 - - [04/Jun/2017:21:11:22 +0800] "POST /Register?m=rigiestHHD HTTP/1.1" 200 58 "https://wx.jinpaihushi.com/jsp/Register/regiestOk.jsp?userType=1" "Mozilla/5.0 (Linux; Android 6.0.1; vivo X9i Build/MMB29M; wv) AppleWebKit/537.36 (KHTML, like Gecko) Version/4.0 Chrome/53.0.2785.49 Mobile MQQBrowser/6.2 TBS/043305 Safari/537.36 V1_AND_SQ_7.0.0_676_YYB_D PA QQ/7.0.0.3135 NetType/4G WebP/0.3.0 Pixel/1080" "-"
112.18.222.18 - - [04/Jun/2017:21:11:25 +0800] "GET /jsp/Register/regiest.jsp?recommond=18625&from=groupmessage&isappinstalled=1 HTTP/1.1" 200 4839 "-" "Mozilla/5.0 (iPhone; CPU iPhone OS 10_3_2 like Mac OS X) AppleWebKit/603.2.4 (KHTML, like Gecko) Mobile/14F89 MicroMessenger/6.5.8 NetType/WIFI Language/zh_CN" "-"
112.18.222.18 - - [04/Jun/2017:21:11:25 +0800] "GET /css/register/yy.css HTTP/1.1" 200 2454 "https://wx.jinpaihushi.com/jsp/Register/regiest.jsp?recommond=18625&from=groupmessage&isappinstalled=1" "Mozilla/5.0 (iPhone; CPU iPhone OS 10_3_2 like Mac OS X) AppleWebKit/603.2.4 (KHTML, like Gecko) Mobile/14F89 MicroMessenger/6.5.8 NetType/WIFI Language/zh_CN" "-"
112.18.222.18 - - [04/Jun/2017:21:11:26 +0800] "GET /js/jquery-1.8.3.min.js HTTP/1.1" 200 93637 "https://wx.jinpaihushi.com/jsp/Register/regiest.jsp?recommond=18625&from=groupmessage&isappinstalled=1" "Mozilla/5.0 (iPhone; CPU iPhone OS 10_3_2 like Mac OS X) AppleWebKit/603.2.4 (KHTML, like Gecko) Mobile/14F89 MicroMessenger/6.5.8 NetType/WIFI Language/zh_CN" "-"
112.18.222.18 - - [04/Jun/2017:21:11:26 +0800] "GET /img/regiest/yanzhengma.png HTTP/1.1" 200 1123 "https://wx.jinpaihushi.com/jsp/Register/regiest.jsp?recommond=18625&from=groupmessage&isappinstalled=1" "Mozilla/5.0 (iPhone; CPU iPhone OS 10_3_2 like Mac OS X) AppleWebKit/603.2.4 (KHTML, like Gecko) Mobile/14F89 MicroMessenger/6.5.8 NetType/WIFI Language/zh_CN" "-"
112.18.222.18 - - [04/Jun/2017:21:11:26 +0800] "GET /img/regiest/shoujihao.png HTTP/1.1" 200 425 "https://wx.jinpaihushi.com/jsp/Register/regiest.jsp?recommond=18625&from=groupmessage&isappinstalled=1" "Mozilla/5.0 (iPhone; CPU iPhone OS 10_3_2 like Mac OS X) AppleWebKit/603.2.4 (KHTML, like Gecko) Mobile/14F89 MicroMessenger/6.5.8 NetType/WIFI Language/zh_CN" "-"
112.18.222.18 - - [04/Jun/2017:21:11:26 +0800] "GET /js/Login/login.js HTTP/1.1" 200 9907 "https://wx.jinpaihushi.com/jsp/Register/regiest.jsp?recommond=18625&from=groupmessage&isappinstalled=1" "Mozilla/5.0 (iPhone; CPU iPhone OS 10_3_2 like Mac OS X) AppleWebKit/603.2.4 (KHTML, like Gecko) Mobile/14F89 MicroMessenger/6.5.8 NetType/WIFI Language/zh_CN" "-"
112.18.222.18 - - [04/Jun/2017:21:11:26 +0800] "GET /js/register/regiest.js HTTP/1.1" 200 3172 "https://wx.jinpaihushi.com/jsp/Register/regiest.jsp?recommond=18625&from=groupmessage&isappinstalled=1" "Mozilla/5.0 (iPhone; CPU iPhone OS 10_3_2 like Mac OS X) AppleWebKit/603.2.4 (KHTML, like Gecko) Mobile/14F89 MicroMessenger/6.5.8 NetType/WIFI Language/zh_CN" "-"
112.18.222.18 - - [04/Jun/2017:21:11:26 +0800] "GET /img/regiest/jiantou.png HTTP/1.1" 200 721 "https://wx.jinpaihushi.com/jsp/Register/regiest.jsp?recommond=18625&from=groupmessage&isappinstalled=1" "Mozilla/5.0 (iPhone; CPU iPhone OS 10_3_2 like Mac OS X) AppleWebKit/603.2.4 (KHTML, like Gecko) Mobile/14F89 MicroMessenger/6.5.8 NetType/WIFI Language/zh_CN" "-"
112.18.222.18 - - [04/Jun/2017:21:11:26 +0800] "GET /css/register/weui.css HTTP/1.1" 200 195980 "https://wx.jinpaihushi.com/jsp/Register/regiest.jsp?recommond=18625&from=groupmessage&isappinstalled=1" "Mozilla/5.0 (iPhone; CPU iPhone OS 10_3_2 like Mac OS X) AppleWebKit/603.2.4 (KHTML, like Gecko) Mobile/14F89 MicroMessenger/6.5.8 NetType/WIFI Language/zh_CN" "-"
112.18.222.18 - - [04/Jun/2017:21:11:27 +0800] "GET /img/regiest/ditu.jpg HTTP/1.1" 200 104670 "https://wx.jinpaihushi.com/jsp/Register/regiest.jsp?recommond=18625&from=groupmessage&isappinstalled=1" "Mozilla/5.0 (iPhone; CPU iPhone OS 10_3_2 like Mac OS X) AppleWebKit/603.2.4 (KHTML, like Gecko) Mobile/14F89 MicroMessenger/6.5.8 NetType/WIFI Language/zh_CN" "-"
218.75.146.79 - - [04/Jun/2017:21:11:31 +0800] "POST /Register?m=rigiestHHD HTTP/1.1" 200 58 "https://wx.jinpaihushi.com/jsp/Register/regiestOk.jsp?userType=1" "Mozilla/5.0 (iPhone; CPU iPhone OS 9_3_2 like Mac OS X) AppleWebKit/601.1.46 (KHTML, like Gecko) Mobile/13F69 QQ/7.0.1.407 V1_IPH_SQ_7.0.1_1_APP_A Pixel/750 Core/UIWebView NetType/WIFI QBWebViewType/1" "-"
218.75.146.79 - - [04/Jun/2017:21:11:39 +0800] "GET /jsp/Register/regiest.jsp?recommond=18598 HTTP/1.1" 200 4839 "-" "Mozilla/5.0 (iPhone; CPU iPhone OS 9_3_2 like Mac OS X) AppleWebKit/601.1.46 (KHTML, like Gecko) Mobile/13F69 QQ/7.0.1.407 V1_IPH_SQ_7.0.1_1_APP_A Pixel/750 Core/UIWebView NetType/WIFI QBWebViewType/1" "-"
112.18.222.18 - - [04/Jun/2017:21:11:42 +0800] "POST /Register?m=getCodeFenxiang HTTP/1.1" 200 21 "https://wx.jinpaihushi.com/jsp/Register/regiest.jsp?recommond=18625&from=groupmessage&isappinstalled=1" "Mozilla/5.0 (iPhone; CPU iPhone OS 10_3_2 like Mac OS X) AppleWebKit/603.2.4 (KHTML, like Gecko) Mobile/14F89 MicroMessenger/6.5.8 NetType/WIFI Language/zh_CN" "-"
112.18.222.18 - - [04/Jun/2017:21:12:07 +0800] "GET /jsp/Register/regiest.jsp?recommond=18625&from=groupmessage&isappinstalled=1 HTTP/1.1" 200 4839 "-" "Mozilla/5.0 (iPhone; CPU iPhone OS 10_3_2 like Mac OS X) AppleWebKit/603.2.4 (KHTML, like Gecko) Mobile/14F89 MicroMessenger/6.5.8 NetType/WIFI Language/zh_CN" "-"
112.18.222.18 - - [04/Jun/2017:21:12:15 +0800] "POST /Register?m=getCodeFenxiang HTTP/1.1" 200 21 "https://wx.jinpaihushi.com/jsp/Register/regiest.jsp?recommond=18625&from=groupmessage&isappinstalled=1" "Mozilla/5.0 (iPhone; CPU iPhone OS 10_3_2 like Mac OS X) AppleWebKit/603.2.4 (KHTML, like Gecko) Mobile/14F89 MicroMessenger/6.5.8 NetType/WIFI Language/zh_CN" "-"
182.150.42.195 - - [04/Jun/2017:21:12:26 +0800] "GET /Login?m=oneIndex HTTP/1.1" 302 0 "-" "Mozilla/5.0 (iPhone; CPU iPhone OS 10_2 like Mac OS X) AppleWebKit/602.3.12 (KHTML, like Gecko) Mobile/14C92 MicroMessenger/6.5.8 NetType/WIFI Language/zh_CN" "-"
182.150.42.195 - - [04/Jun/2017:21:12:26 +0800] "GET /jsp/H5/index.jsp?type=main HTTP/1.1" 200 9533 "-" "Mozilla/5.0 (iPhone; CPU iPhone OS 10_2 like Mac OS X) AppleWebKit/602.3.12 (KHTML, like Gecko) Mobile/14C92 MicroMessenger/6.5.8 NetType/WIFI Language/zh_CN" "-"
182.150.42.195 - - [04/Jun/2017:21:12:26 +0800] "GET /css/weui.css HTTP/1.1" 200 46718 "https://wx.jinpaihushi.com/jsp/H5/index.jsp?type=main" "Mozilla/5.0 (iPhone; CPU iPhone OS 10_2 like Mac OS X) AppleWebKit/602.3.12 (KHTML, like Gecko) Mobile/14C92 MicroMessenger/6.5.8 NetType/WIFI Language/zh_CN" "-"
182.150.42.195 - - [04/Jun/2017:21:12:26 +0800] "GET /jsp/H5/images/shouye_2.png HTTP/1.1" 200 674 "https://wx.jinpaihushi.com/jsp/H5/index.jsp?type=main" "Mozilla/5.0 (iPhone; CPU iPhone OS 10_2 like Mac OS X) AppleWebKit/602.3.12 (KHTML, like Gecko) Mobile/14C92 MicroMessenger/6.5.8 NetType/WIFI Language/zh_CN" "-"
182.150.42.195 - - [04/Jun/2017:21:12:26 +0800] "GET /jsp/H5/images/wode_2.png HTTP/1.1" 200 1397 "https://wx.jinpaihushi.com/jsp/H5/index.jsp?type=main" "Mozilla/5.0 (iPhone; CPU iPhone OS 10_2 like Mac OS X) AppleWebKit/602.3.12 (KHTML, like Gecko) Mobile/14C92 MicroMessenger/6.5.8 NetType/WIFI Language/zh_CN" "-"
182.150.42.195 - - [04/Jun/2017:21:12:26 +0800] "GET /css/example.css HTTP/1.1" 200 4271 "https://wx.jinpaihushi.com/jsp/H5/index.jsp?type=main" "Mozilla/5.0 (iPhone; CPU iPhone OS 10_2 like Mac OS X) AppleWebKit/602.3.12 (KHTML, like Gecko) Mobile/14C92 MicroMessenger/6.5.8 NetType/WIFI Language/zh_CN" "-"
182.150.42.195 - - [04/Jun/2017:21:12:26 +0800] "GET /js/Login/login.js HTTP/1.1" 200 9907 "https://wx.jinpaihushi.com/jsp/H5/index.jsp?type=main" "Mozilla/5.0 (iPhone; CPU iPhone OS 10_2 like Mac OS X) AppleWebKit/602.3.12 (KHTML, like Gecko) Mobile/14C92 MicroMessenger/6.5.8 NetType/WIFI Language/zh_CN" "-"
182.150.42.195 - - [04/Jun/2017:21:12:26 +0800] "GET /js/jquery-2.1.4.min.js HTTP/1.1" 200 84345 "https://wx.jinpaihushi.com/jsp/H5/index.jsp?type=main" "Mozilla/5.0 (iPhone; CPU iPhone OS 10_2 like Mac OS X) AppleWebKit/602.3.12 (KHTML, like Gecko) Mobile/14C92 MicroMessenger/6.5.8 NetType/WIFI Language/zh_CN" "-"
182.150.42.195 - - [04/Jun/2017:21:12:26 +0800] "GET /js/common-jphs.js HTTP/1.1" 200 3641 "https://wx.jinpaihushi.com/jsp/H5/index.jsp?type=main" "Mozilla/5.0 (iPhone; CPU iPhone OS 10_2 like Mac OS X) AppleWebKit/602.3.12 (KHTML, like Gecko) Mobile/14C92 MicroMessenger/6.5.8 NetType/WIFI Language/zh_CN" "-"
182.150.42.195 - - [04/Jun/2017:21:12:26 +0800] "GET /js/example.js HTTP/1.1" 200 1884 "https://wx.jinpaihushi.com/jsp/H5/index.jsp?type=main" "Mozilla/5.0 (iPhone; CPU iPhone OS 10_2 like Mac OS X) AppleWebKit/602.3.12 (KHTML, like Gecko) Mobile/14C92 MicroMessenger/6.5.8 NetType/WIFI Language/zh_CN" "-"
182.150.42.195 - - [04/Jun/2017:21:12:26 +0800] "GET /jsp/H5/images/dingdan_2.png HTTP/1.1" 200 673 "https://wx.jinpaihushi.com/jsp/H5/index.jsp?type=main" "Mozilla/5.0 (iPhone; CPU iPhone OS 10_2 like Mac OS X) AppleWebKit/602.3.12 (KHTML, like Gecko) Mobile/14C92 MicroMessenger/6.5.8 NetType/WIFI Language/zh_CN" "-"
182.150.42.195 - - [04/Jun/2017:21:12:27 +0800] "GET /jsp/H5/images/shouye_1.png HTTP/1.1" 200 564 "https://wx.jinpaihushi.com/jsp/H5/index.jsp?type=main" "Mozilla/5.0 (iPhone; CPU iPhone OS 10_2 like Mac OS X) AppleWebKit/602.3.12 (KHTML, like Gecko) Mobile/14C92 MicroMessenger/6.5.8 NetType/WIFI Language/zh_CN" "-"
182.150.42.195 - - [04/Jun/2017:21:12:27 +0800] "GET /jsp/H5/main.jsp?type=main HTTP/1.1" 200 17461 "https://wx.jinpaihushi.com/jsp/H5/index.jsp?type=main" "Mozilla/5.0 (iPhone; CPU iPhone OS 10_2 like Mac OS X) AppleWebKit/602.3.12 (KHTML, like Gecko) Mobile/14C92 MicroMessenger/6.5.8 NetType/WIFI Language/zh_CN" "-"
182.150.42.195 - - [04/Jun/2017:21:12:27 +0800] "GET /img/main/yuyue.png HTTP/1.1" 200 1117 "https://wx.jinpaihushi.com/jsp/H5/index.jsp?type=main" "Mozilla/5.0 (iPhone; CPU iPhone OS 10_2 like Mac OS X) AppleWebKit/602.3.12 (KHTML, like Gecko) Mobile/14C92 MicroMessenger/6.5.8 NetType/WIFI Language/zh_CN" "-"
182.150.42.195 - - [04/Jun/2017:21:12:27 +0800] "GET /img/main/kangfu.png HTTP/1.1" 200 2456 "https://wx.jinpaihushi.com/jsp/H5/index.jsp?type=main" "Mozilla/5.0 (iPhone; CPU iPhone OS 10_2 like Mac OS X) AppleWebKit/602.3.12 (KHTML, like Gecko) Mobile/14C92 MicroMessenger/6.5.8 NetType/WIFI Language/zh_CN" "-"
182.150.42.195 - - [04/Jun/2017:21:12:27 +0800] "GET /img/main/muying.png HTTP/1.1" 200 2521 "https://wx.jinpaihushi.com/jsp/H5/index.jsp?type=main" "Mozilla/5.0 (iPhone; CPU iPhone OS 10_2 like Mac OS X) AppleWebKit/602.3.12 (KHTML, like Gecko) Mobile/14C92 MicroMessenger/6.5.8 NetType/WIFI Language/zh_CN" "-"
182.150.42.195 - - [04/Jun/2017:21:12:27 +0800] "GET /img/main/huli.png HTTP/1.1" 200 2862 "https://wx.jinpaihushi.com/jsp/H5/index.jsp?type=main" "Mozilla/5.0 (iPhone; CPU iPhone OS 10_2 like Mac OS X) AppleWebKit/602.3.12 (KHTML, like Gecko) Mobile/14C92 MicroMessenger/6.5.8 NetType/WIFI Language/zh_CN" "-"
182.150.42.195 - - [04/Jun/2017:21:12:27 +0800] "GET /css/yy.css HTTP/1.1" 200 77396 "https://wx.jinpaihushi.com/jsp/H5/index.jsp?type=main" "Mozilla/5.0 (iPhone; CPU iPhone OS 10_2 like Mac OS X) AppleWebKit/602.3.12 (KHTML, like Gecko) Mobile/14C92 MicroMessenger/6.5.8 NetType/WIFI Language/zh_CN" "-"
182.150.42.195 - - [04/Jun/2017:21:12:27 +0800] "GET /img/main/shaicha.png HTTP/1.1" 200 3596 "https://wx.jinpaihushi.com/jsp/H5/index.jsp?type=main" "Mozilla/5.0 (iPhone; CPU iPhone OS 10_2 like Mac OS X) AppleWebKit/602.3.12 (KHTML, like Gecko) Mobile/14C92 MicroMessenger/6.5.8 NetType/WIFI Language/zh_CN" "-"
182.150.42.195 - - [04/Jun/2017:21:12:27 +0800] "GET /img/main/tijian.png HTTP/1.1" 200 4819 "https://wx.jinpaihushi.com/jsp/H5/index.jsp?type=main" "Mozilla/5.0 (iPhone; CPU iPhone OS 10_2 like Mac OS X) AppleWebKit/602.3.12 (KHTML, like Gecko) Mobile/14C92 MicroMessenger/6.5.8 NetType/WIFI Language/zh_CN" "-"
182.150.42.195 - - [04/Jun/2017:21:12:27 +0800] "GET /img/main/sy_66.png HTTP/1.1" 200 2427 "https://wx.jinpaihushi.com/jsp/H5/index.jsp?type=main" "Mozilla/5.0 (iPhone; CPU iPhone OS 10_2 like Mac OS X) AppleWebKit/602.3.12 (KHTML, like Gecko) Mobile/14C92 MicroMessenger/6.5.8 NetType/WIFI Language/zh_CN" "-"
182.150.42.195 - - [04/Jun/2017:21:12:27 +0800] "GET /img/main/sy_77.png HTTP/1.1" 200 1775 "https://wx.jinpaihushi.com/jsp/H5/index.jsp?type=main" "Mozilla/5.0 (iPhone; CPU iPhone OS 10_2 like Mac OS X) AppleWebKit/602.3.12 (KHTML, like Gecko) Mobile/14C92 MicroMessenger/6.5.8 NetType/WIFI Language/zh_CN" "-"
182.150.42.195 - - [04/Jun/2017:21:12:27 +0800] "GET /img/main/songhua.png HTTP/1.1" 200 3106 "https://wx.jinpaihushi.com/jsp/H5/index.jsp?type=main" "Mozilla/5.0 (iPhone; CPU iPhone OS 10_2 like Mac OS X) AppleWebKit/602.3.12 (KHTML, like Gecko) Mobile/14C92 MicroMessenger/6.5.8 NetType/WIFI Language/zh_CN" "-"
182.150.42.195 - - [04/Jun/2017:21:12:27 +0800] "GET /js/jquery-2.1.4.min.js?_=1496581947148 HTTP/1.1" 200 84345 "https://wx.jinpaihushi.com/jsp/H5/index.jsp?type=main" "Mozilla/5.0 (iPhone; CPU iPhone OS 10_2 like Mac OS X) AppleWebKit/602.3.12 (KHTML, like Gecko) Mobile/14C92 MicroMessenger/6.5.8 NetType/WIFI Language/zh_CN" "-"
182.150.42.195 - - [04/Jun/2017:21:12:27 +0800] "GET /js/Login/login.js?_=1496581947149 HTTP/1.1" 200 9907 "https://wx.jinpaihushi.com/jsp/H5/index.jsp?type=main" "Mozilla/5.0 (iPhone; CPU iPhone OS 10_2 like Mac OS X) AppleWebKit/602.3.12 (KHTML, like Gecko) Mobile/14C92 MicroMessenger/6.5.8 NetType/WIFI Language/zh_CN" "-"
182.150.42.195 - - [04/Jun/2017:21:12:28 +0800] "GET /js/common-jphs.js?_=1496581947150 HTTP/1.1" 200 3641 "https://wx.jinpaihushi.com/jsp/H5/index.jsp?type=main" "Mozilla/5.0 (iPhone; CPU iPhone OS 10_2 like Mac OS X) AppleWebKit/602.3.12 (KHTML, like Gecko) Mobile/14C92 MicroMessenger/6.5.8 NetType/WIFI Language/zh_CN" "-"
182.150.42.195 - - [04/Jun/2017:21:12:28 +0800] "GET /js/yySwipe.js?_=1496581947153 HTTP/1.1" 200 14651 "https://wx.jinpaihushi.com/jsp/H5/index.jsp?type=main" "Mozilla/5.0 (iPhone; CPU iPhone OS 10_2 like Mac OS X) AppleWebKit/602.3.12 (KHTML, like Gecko) Mobile/14C92 MicroMessenger/6.5.8 NetType/WIFI Language/zh_CN" "-"
182.150.42.195 - - [04/Jun/2017:21:12:28 +0800] "POST /ComeIn?m=getAllProductNew HTTP/1.1" 200 35076 "https://wx.jinpaihushi.com/jsp/H5/index.jsp?type=main" "Mozilla/5.0 (iPhone; CPU iPhone OS 10_2 like Mac OS X) AppleWebKit/602.3.12 (KHTML, like Gecko) Mobile/14C92 MicroMessenger/6.5.8 NetType/WIFI Language/zh_CN" "-"
182.150.42.195 - - [04/Jun/2017:21:12:53 +0800] "GET /jsp/H5/productTypeList.jsp?mainProductType=18 HTTP/1.1" 200 6897 "https://wx.jinpaihushi.com/jsp/H5/index.jsp?type=main" "Mozilla/5.0 (iPhone; CPU iPhone OS 10_2 like Mac OS X) AppleWebKit/602.3.12 (KHTML, like Gecko) Mobile/14C92 MicroMessenger/6.5.8 NetType/WIFI Language/zh_CN" "-"
182.150.42.195 - - [04/Jun/2017:21:12:53 +0800] "GET /css/weui2.css HTTP/1.1" 200 9414 "https://wx.jinpaihushi.com/jsp/H5/productTypeList.jsp?mainProductType=18" "Mozilla/5.0 (iPhone; CPU iPhone OS 10_2 like Mac OS X) AppleWebKit/602.3.12 (KHTML, like Gecko) Mobile/14C92 MicroMessenger/6.5.8 NetType/WIFI Language/zh_CN" "-"
182.150.42.195 - - [04/Jun/2017:21:12:53 +0800] "POST /ComeIn?m=getOneTypeProductNew HTTP/1.1" 200 29453 "https://wx.jinpaihushi.com/jsp/H5/productTypeList.jsp?mainProductType=18" "Mozilla/5.0 (iPhone; CPU iPhone OS 10_2 like Mac OS X) AppleWebKit/602.3.12 (KHTML, like Gecko) Mobile/14C92 MicroMessenger/6.5.8 NetType/WIFI Language/zh_CN" "-"
182.150.42.195 - - [04/Jun/2017:21:12:53 +0800] "GET /img/main/time.png HTTP/1.1" 200 3331 "https://wx.jinpaihushi.com/jsp/H5/productTypeList.jsp?mainProductType=18" "Mozilla/5.0 (iPhone; CPU iPhone OS 10_2 like Mac OS X) AppleWebKit/602.3.12 (KHTML, like Gecko) Mobile/14C92 MicroMessenger/6.5.8 NetType/WIFI Language/zh_CN" "-"
223.87.245.220 - - [04/Jun/2017:21:12:57 +0800] "GET /NuresAppDownload HTTP/1.1" 302 0 "-" "Mozilla/5.0 (Linux; Android 7.0; PRA-AL00X Build/HONORPRA-AL00X; wv) AppleWebKit/537.36 (KHTML, like Gecko) Version/4.0 Chrome/53.0.2785.49 Mobile MQQBrowser/6.2 TBS/043220 Safari/537.36 MicroMessenger/6.5.8.1060 NetType/WIFI Language/zh_CN" "-"
223.87.245.220 - - [04/Jun/2017:21:12:57 +0800] "GET /jsp/H5/pagePlugin/client_download/appdownload.jsp HTTP/1.1" 200 2090 "-" "Mozilla/5.0 (Linux; Android 7.0; PRA-AL00X Build/HONORPRA-AL00X; wv) AppleWebKit/537.36 (KHTML, like Gecko) Version/4.0 Chrome/53.0.2785.49 Mobile MQQBrowser/6.2 TBS/043220 Safari/537.36 MicroMessenger/6.5.8.1060 NetType/WIFI Language/zh_CN" "-"
223.87.245.220 - - [04/Jun/2017:21:12:57 +0800] "GET /css/weui2.css HTTP/1.1" 200 9414 "https://wx.jinpaihushi.com/jsp/H5/pagePlugin/client_download/appdownload.jsp" "Mozilla/5.0 (Linux; Android 7.0; PRA-AL00X Build/HONORPRA-AL00X; wv) AppleWebKit/537.36 (KHTML, like Gecko) Version/4.0 Chrome/53.0.2785.49 Mobile MQQBrowser/6.2 TBS/043220 Safari/537.36 MicroMessenger/6.5.8.1060 NetType/WIFI Language/zh_CN" "-"
223.87.245.220 - - [04/Jun/2017:21:12:58 +0800] "GET /img/appdownload/kh_IP.png HTTP/1.1" 200 6332 "https://wx.jinpaihushi.com/jsp/H5/pagePlugin/client_download/appdownload.jsp" "Mozilla/5.0 (Linux; Android 7.0; PRA-AL00X Build/HONORPRA-AL00X; wv) AppleWebKit/537.36 (KHTML, like Gecko) Version/4.0 Chrome/53.0.2785.49 Mobile MQQBrowser/6.2 TBS/043220 Safari/537.36 MicroMessenger/6.5.8.1060 NetType/WIFI Language/zh_CN" "-"
223.87.245.220 - - [04/Jun/2017:21:12:58 +0800] "GET /img/appdownload/app_logo.png HTTP/1.1" 200 38915 "https://wx.jinpaihushi.com/jsp/H5/pagePlugin/client_download/appdownload.jsp" "Mozilla/5.0 (Linux; Android 7.0; PRA-AL00X Build/HONORPRA-AL00X; wv) AppleWebKit/537.36 (KHTML, like Gecko) Version/4.0 Chrome/53.0.2785.49 Mobile MQQBrowser/6.2 TBS/043220 Safari/537.36 MicroMessenger/6.5.8.1060 NetType/WIFI Language/zh_CN" "-"
223.87.245.220 - - [04/Jun/2017:21:12:58 +0800] "GET /img/appdownload/ad_ip.png HTTP/1.1" 200 6561 "https://wx.jinpaihushi.com/jsp/H5/pagePlugin/client_download/appdownload.jsp" "Mozilla/5.0 (Linux; Android 7.0; PRA-AL00X Build/HONORPRA-AL00X; wv) AppleWebKit/537.36 (KHTML, like Gecko) Version/4.0 Chrome/53.0.2785.49 Mobile MQQBrowser/6.2 TBS/043220 Safari/537.36 MicroMessenger/6.5.8.1060 NetType/WIFI Language/zh_CN" "-"
223.87.245.220 - - [04/Jun/2017:21:12:58 +0800] "GET /img/appdownload/AD.png HTTP/1.1" 200 26424 "https://wx.jinpaihushi.com/jsp/H5/pagePlugin/client_download/appdownload.jsp" "Mozilla/5.0 (Linux; Android 7.0; PRA-AL00X Build/HONORPRA-AL00X; wv) AppleWebKit/537.36 (KHTML, like Gecko) Version/4.0 Chrome/53.0.2785.49 Mobile MQQBrowser/6.2 TBS/043220 Safari/537.36 MicroMessenger/6.5.8.1060 NetType/WIFI Language/zh_CN" "-"
223.87.245.220 - - [04/Jun/2017:21:12:58 +0800] "GET /img/appdownload/iphone_download.png HTTP/1.1" 200 25856 "https://wx.jinpaihushi.com/jsp/H5/pagePlugin/client_download/appdownload.jsp" "Mozilla/5.0 (Linux; Android 7.0; PRA-AL00X Build/HONORPRA-AL00X; wv) AppleWebKit/537.36 (KHTML, like Gecko) Version/4.0 Chrome/53.0.2785.49 Mobile MQQBrowser/6.2 TBS/043220 Safari/537.36 MicroMessenger/6.5.8.1060 NetType/WIFI Language/zh_CN" "-"
223.87.245.220 - - [04/Jun/2017:21:12:58 +0800] "GET /img/appdownload/app_bg.jpg HTTP/1.1" 200 238093 "https://wx.jinpaihushi.com/jsp/H5/pagePlugin/client_download/appdownload.jsp" "Mozilla/5.0 (Linux; Android 7.0; PRA-AL00X Build/HONORPRA-AL00X; wv) AppleWebKit/537.36 (KHTML, like Gecko) Version/4.0 Chrome/53.0.2785.49 Mobile MQQBrowser/6.2 TBS/043220 Safari/537.36 MicroMessenger/6.5.8.1060 NetType/WIFI Language/zh_CN" "-"
182.150.42.195 - - [04/Jun/2017:21:13:01 +0800] "GET /ComeIn?m=setOneProductNew&id=103 HTTP/1.1" 302 0 "https://wx.jinpaihushi.com/jsp/H5/productTypeList.jsp?mainProductType=18" "Mozilla/5.0 (iPhone; CPU iPhone OS 10_2 like Mac OS X) AppleWebKit/602.3.12 (KHTML, like Gecko) Mobile/14C92 MicroMessenger/6.5.8 NetType/WIFI Language/zh_CN" "-"
182.150.42.195 - - [04/Jun/2017:21:13:01 +0800] "GET /jsp/H5/OneProductDetails.jsp HTTP/1.1" 200 12405 "https://wx.jinpaihushi.com/jsp/H5/productTypeList.jsp?mainProductType=18" "Mozilla/5.0 (iPhone; CPU iPhone OS 10_2 like Mac OS X) AppleWebKit/602.3.12 (KHTML, like Gecko) Mobile/14C92 MicroMessenger/6.5.8 NetType/WIFI Language/zh_CN" "-"
182.150.42.195 - - [04/Jun/2017:21:13:01 +0800] "GET /img/addOrder/introduce.png HTTP/1.1" 200 542 "https://wx.jinpaihushi.com/jsp/H5/OneProductDetails.jsp" "Mozilla/5.0 (iPhone; CPU iPhone OS 10_2 like Mac OS X) AppleWebKit/602.3.12 (KHTML, like Gecko) Mobile/14C92 MicroMessenger/6.5.8 NetType/WIFI Language/zh_CN" "-"
182.150.42.195 - - [04/Jun/2017:21:13:01 +0800] "GET /img/addOrder/content.png HTTP/1.1" 200 487 "https://wx.jinpaihushi.com/jsp/H5/OneProductDetails.jsp" "Mozilla/5.0 (iPhone; CPU iPhone OS 10_2 like Mac OS X) AppleWebKit/602.3.12 (KHTML, like Gecko) Mobile/14C92 MicroMessenger/6.5.8 NetType/WIFI Language/zh_CN" "-"
182.150.42.195 - - [04/Jun/2017:21:13:01 +0800] "GET /img/addOrder/know.png HTTP/1.1" 200 544 "https://wx.jinpaihushi.com/jsp/H5/OneProductDetails.jsp" "Mozilla/5.0 (iPhone; CPU iPhone OS 10_2 like Mac OS X) AppleWebKit/602.3.12 (KHTML, like Gecko) Mobile/14C92 MicroMessenger/6.5.8 NetType/WIFI Language/zh_CN" "-"
182.150.42.195 - - [04/Jun/2017:21:13:01 +0800] "GET /js/zepto.min.js HTTP/1.1" 200 25138 "https://wx.jinpaihushi.com/jsp/H5/OneProductDetails.jsp" "Mozilla/5.0 (iPhone; CPU iPhone OS 10_2 like Mac OS X) AppleWebKit/602.3.12 (KHTML, like Gecko) Mobile/14C92 MicroMessenger/6.5.8 NetType/WIFI Language/zh_CN" "-"
112.194.132.113 - - [04/Jun/2017:21:13:08 +0800] "GET /jsp/Register/regiest.jsp?recommond=18598 HTTP/1.1" 200 4839 "-" "Mozilla/5.0 (iPhone; CPU iPhone OS 9_3_5 like Mac OS X) AppleWebKit/601.1.46 (KHTML, like Gecko) Mobile/13G36 QQ/7.1.0.407 V1_IPH_SQ_7.1.0_1_APP_A Pixel/750 Core/UIWebView NetType/WIFI QBWebViewType/1" "-"
60.255.230.133 - - [04/Jun/2017:21:13:10 +0800] "GET /jsp/Register/regiest.jsp?recommond=18598 HTTP/1.1" 200 4839 "-" "Mozilla/5.0 (iPhone; CPU iPhone OS 10_2 like Mac OS X) AppleWebKit/602.3.12 (KHTML, like Gecko) Mobile/14C92 QQ/7.0.1.407 V1_IPH_SQ_7.0.1_1_APP_A Pixel/750 Core/UIWebView NetType/WIFI QBWebViewType/1" "-"
118.113.53.101 - - [04/Jun/2017:21:13:15 +0800] "GET /jsp/Register/regiest.jsp?recommond=18598 HTTP/1.1" 200 4839 "-" "Mozilla/5.0 (iPhone; CPU iPhone OS 10_3_2 like Mac OS X) AppleWebKit/603.2.4 (KHTML, like Gecko) Mobile/14F89 QQ/7.0.1.407 V1_IPH_SQ_7.0.1_1_APP_A Pixel/750 Core/UIWebView NetType/WIFI QBWebViewType/1" "-"
112.194.132.113 - - [04/Jun/2017:21:13:19 +0800] "POST /Register?m=getCodeFenxiang HTTP/1.1" 200 21 "https://wx.jinpaihushi.com/jsp/Register/regiest.jsp?recommond=18598" "Mozilla/5.0 (iPhone; CPU iPhone OS 9_3_5 like Mac OS X) AppleWebKit/601.1.46 (KHTML, like Gecko) Mobile/13G36 QQ/7.1.0.407 V1_IPH_SQ_7.1.0_1_APP_A Pixel/750 Core/UIWebView NetType/WIFI QBWebViewType/1" "-"
118.113.53.101 - - [04/Jun/2017:21:13:25 +0800] "POST /Register?m=getCodeFenxiang HTTP/1.1" 200 21 "https://wx.jinpaihushi.com/jsp/Register/regiest.jsp?recommond=18598" "Mozilla/5.0 (iPhone; CPU iPhone OS 10_3_2 like Mac OS X) AppleWebKit/603.2.4 (KHTML, like Gecko) Mobile/14F89 QQ/7.0.1.407 V1_IPH_SQ_7.0.1_1_APP_A Pixel/750 Core/UIWebView NetType/WIFI QBWebViewType/1" "-"
60.255.230.133 - - [04/Jun/2017:21:13:26 +0800] "POST /Register?m=getCodeFenxiang HTTP/1.1" 200 21 "https://wx.jinpaihushi.com/jsp/Register/regiest.jsp?recommond=18598" "Mozilla/5.0 (iPhone; CPU iPhone OS 10_2 like Mac OS X) AppleWebKit/602.3.12 (KHTML, like Gecko) Mobile/14C92 QQ/7.0.1.407 V1_IPH_SQ_7.0.1_1_APP_A Pixel/750 Core/UIWebView NetType/WIFI QBWebViewType/1" "-"
112.18.222.18 - - [04/Jun/2017:21:13:26 +0800] "GET /jsp/Register/regiest.jsp?recommond=18625&from=groupmessage&isappinstalled=1 HTTP/1.1" 200 4839 "-" "Mozilla/5.0 (iPhone; CPU iPhone OS 10_3_2 like Mac OS X) AppleWebKit/603.2.4 (KHTML, like Gecko) Mobile/14F89 MicroMessenger/6.5.8 NetType/WIFI Language/zh_CN" "-"
117.174.91.204 - - [04/Jun/2017:21:13:33 +0800] "GET /jsp/Register/regiest.jsp?recommond=18598 HTTP/1.1" 200 4839 "-" "Mozilla/5.0 (iPhone; CPU iPhone OS 9_3_2 like Mac OS X) AppleWebKit/601.1.46 (KHTML, like Gecko) Mobile/13F69 QQ/7.0.1.407 V1_IPH_SQ_7.0.1_1_APP_A Pixel/750 Core/UIWebView NetType/WIFI QBWebViewType/1" "-"
117.174.91.204 - - [04/Jun/2017:21:13:33 +0800] "GET /css/register/yy.css HTTP/1.1" 200 2454 "https://wx.jinpaihushi.com/jsp/Register/regiest.jsp?recommond=18598" "Mozilla/5.0 (iPhone; CPU iPhone OS 9_3_2 like Mac OS X) AppleWebKit/601.1.46 (KHTML, like Gecko) Mobile/13F69 QQ/7.0.1.407 V1_IPH_SQ_7.0.1_1_APP_A Pixel/750 Core/UIWebView NetType/WIFI QBWebViewType/1" "-"
117.174.91.204 - - [04/Jun/2017:21:13:33 +0800] "GET /js/Login/login.js HTTP/1.1" 200 9907 "https://wx.jinpaihushi.com/jsp/Register/regiest.jsp?recommond=18598" "Mozilla/5.0 (iPhone; CPU iPhone OS 9_3_2 like Mac OS X) AppleWebKit/601.1.46 (KHTML, like Gecko) Mobile/13F69 QQ/7.0.1.407 V1_IPH_SQ_7.0.1_1_APP_A Pixel/750 Core/UIWebView NetType/WIFI QBWebViewType/1" "-"
117.174.91.204 - - [04/Jun/2017:21:13:33 +0800] "GET /js/register/regiest.js HTTP/1.1" 200 3172 "https://wx.jinpaihushi.com/jsp/Register/regiest.jsp?recommond=18598" "Mozilla/5.0 (iPhone; CPU iPhone OS 9_3_2 like Mac OS X) AppleWebKit/601.1.46 (KHTML, like Gecko) Mobile/13F69 QQ/7.0.1.407 V1_IPH_SQ_7.0.1_1_APP_A Pixel/750 Core/UIWebView NetType/WIFI QBWebViewType/1" "-"
117.174.91.204 - - [04/Jun/2017:21:13:34 +0800] "GET /img/regiest/yanzhengma.png HTTP/1.1" 200 1123 "https://wx.jinpaihushi.com/jsp/Register/regiest.jsp?recommond=18598" "Mozilla/5.0 (iPhone; CPU iPhone OS 9_3_2 like Mac OS X) AppleWebKit/601.1.46 (KHTML, like Gecko) Mobile/13F69 QQ/7.0.1.407 V1_IPH_SQ_7.0.1_1_APP_A Pixel/750 Core/UIWebView NetType/WIFI QBWebViewType/1" "-"
117.174.91.204 - - [04/Jun/2017:21:13:34 +0800] "GET /img/regiest/shoujihao.png HTTP/1.1" 200 425 "https://wx.jinpaihushi.com/jsp/Register/regiest.jsp?recommond=18598" "Mozilla/5.0 (iPhone; CPU iPhone OS 9_3_2 like Mac OS X) AppleWebKit/601.1.46 (KHTML, like Gecko) Mobile/13F69 QQ/7.0.1.407 V1_IPH_SQ_7.0.1_1_APP_A Pixel/750 Core/UIWebView NetType/WIFI QBWebViewType/1" "-"
117.174.91.204 - - [04/Jun/2017:21:13:34 +0800] "GET /img/regiest/jiantou.png HTTP/1.1" 200 721 "https://wx.jinpaihushi.com/jsp/Register/regiest.jsp?recommond=18598" "Mozilla/5.0 (iPhone; CPU iPhone OS 9_3_2 like Mac OS X) AppleWebKit/601.1.46 (KHTML, like Gecko) Mobile/13F69 QQ/7.0.1.407 V1_IPH_SQ_7.0.1_1_APP_A Pixel/750 Core/UIWebView NetType/WIFI QBWebViewType/1" "-"
117.174.91.204 - - [04/Jun/2017:21:13:34 +0800] "GET /js/jquery-1.8.3.min.js HTTP/1.1" 200 93637 "https://wx.jinpaihushi.com/jsp/Register/regiest.jsp?recommond=18598" "Mozilla/5.0 (iPhone; CPU iPhone OS 9_3_2 like Mac OS X) AppleWebKit/601.1.46 (KHTML, like Gecko) Mobile/13F69 QQ/7.0.1.407 V1_IPH_SQ_7.0.1_1_APP_A Pixel/750 Core/UIWebView NetType/WIFI QBWebViewType/1" "-"
117.174.91.204 - - [04/Jun/2017:21:13:34 +0800] "GET /css/register/weui.css HTTP/1.1" 200 195980 "https://wx.jinpaihushi.com/jsp/Register/regiest.jsp?recommond=18598" "Mozilla/5.0 (iPhone; CPU iPhone OS 9_3_2 like Mac OS X) AppleWebKit/601.1.46 (KHTML, like Gecko) Mobile/13F69 QQ/7.0.1.407 V1_IPH_SQ_7.0.1_1_APP_A Pixel/750 Core/UIWebView NetType/WIFI QBWebViewType/1" "-"
117.174.91.204 - - [04/Jun/2017:21:13:35 +0800] "GET /img/regiest/ditu.jpg HTTP/1.1" 200 104670 "https://wx.jinpaihushi.com/jsp/Register/regiest.jsp?recommond=18598" "Mozilla/5.0 (iPhone; CPU iPhone OS 9_3_2 like Mac OS X) AppleWebKit/601.1.46 (KHTML, like Gecko) Mobile/13F69 QQ/7.0.1.407 V1_IPH_SQ_7.0.1_1_APP_A Pixel/750 Core/UIWebView NetType/WIFI QBWebViewType/1" "-"
118.113.53.101 - - [04/Jun/2017:21:13:40 +0800] "POST /Register?m=checkCode HTTP/1.1" 200 12 "https://wx.jinpaihushi.com/jsp/Register/regiest.jsp?recommond=18598" "Mozilla/5.0 (iPhone; CPU iPhone OS 10_3_2 like Mac OS X) AppleWebKit/603.2.4 (KHTML, like Gecko) Mobile/14F89 QQ/7.0.1.407 V1_IPH_SQ_7.0.1_1_APP_A Pixel/750 Core/UIWebView NetType/WIFI QBWebViewType/1" "-"
118.113.53.101 - - [04/Jun/2017:21:13:40 +0800] "GET /jsp/Register/regiestOk.jsp?userType=1 HTTP/1.1" 200 4759 "https://wx.jinpaihushi.com/jsp/Register/regiest.jsp?recommond=18598" "Mozilla/5.0 (iPhone; CPU iPhone OS 10_3_2 like Mac OS X) AppleWebKit/603.2.4 (KHTML, like Gecko) Mobile/14F89 QQ/7.0.1.407 V1_IPH_SQ_7.0.1_1_APP_A Pixel/750 Core/UIWebView NetType/WIFI QBWebViewType/1" "-"
182.150.42.195 - - [04/Jun/2017:21:13:41 +0800] "GET /GetUserWechat?m=valentinesDayShare&comid=2 HTTP/1.1" 200 1159 "-" "Mozilla/5.0 (iPhone; CPU iPhone OS 10_2 like Mac OS X) AppleWebKit/602.3.12 (KHTML, like Gecko) Mobile/14C92 MicroMessenger/6.5.8 NetType/WIFI Language/zh_CN" "-"
182.150.42.195 - - [04/Jun/2017:21:13:42 +0800] "GET /jsp/H5/event/valentinesday/qrj.jsp?comids=5 HTTP/1.1" 200 2659 "https://wx.jinpaihushi.com/GetUserWechat?m=valentinesDayShare&comid=2" "Mozilla/5.0 (iPhone; CPU iPhone OS 10_2 like Mac OS X) AppleWebKit/602.3.12 (KHTML, like Gecko) Mobile/14C92 MicroMessenger/6.5.8 NetType/WIFI Language/zh_CN" "-"
182.150.42.195 - - [04/Jun/2017:21:13:42 +0800] "GET /jsp/H5/event/valentinesday/images/hd/xq1.png HTTP/1.1" 200 191163 "https://wx.jinpaihushi.com/jsp/H5/event/valentinesday/qrj.jsp?comids=5" "Mozilla/5.0 (iPhone; CPU iPhone OS 10_2 like Mac OS X) AppleWebKit/602.3.12 (KHTML, like Gecko) Mobile/14C92 MicroMessenger/6.5.8 NetType/WIFI Language/zh_CN" "-"
182.150.42.195 - - [04/Jun/2017:21:13:42 +0800] "GET /jsp/H5/event/valentinesday/images/hd/xq2.png HTTP/1.1" 200 46131 "https://wx.jinpaihushi.com/jsp/H5/event/valentinesday/qrj.jsp?comids=5" "Mozilla/5.0 (iPhone; CPU iPhone OS 10_2 like Mac OS X) AppleWebKit/602.3.12 (KHTML, like Gecko) Mobile/14C92 MicroMessenger/6.5.8 NetType/WIFI Language/zh_CN" "-"
182.150.42.195 - - [04/Jun/2017:21:13:42 +0800] "GET /jsp/H5/event/valentinesday/images/hd/xq3.png HTTP/1.1" 200 67246 "https://wx.jinpaihushi.com/jsp/H5/event/valentinesday/qrj.jsp?comids=5" "Mozilla/5.0 (iPhone; CPU iPhone OS 10_2 like Mac OS X) AppleWebKit/602.3.12 (KHTML, like Gecko) Mobile/14C92 MicroMessenger/6.5.8 NetType/WIFI Language/zh_CN" "-"
182.150.42.195 - - [04/Jun/2017:21:13:42 +0800] "GET /jsp/H5/event/valentinesday/images/hd/xq4.png HTTP/1.1" 200 74882 "https://wx.jinpaihushi.com/jsp/H5/event/valentinesday/qrj.jsp?comids=5" "Mozilla/5.0 (iPhone; CPU iPhone OS 10_2 like Mac OS X) AppleWebKit/602.3.12 (KHTML, like Gecko) Mobile/14C92 MicroMessenger/6.5.8 NetType/WIFI Language/zh_CN" "-"
182.150.42.195 - - [04/Jun/2017:21:13:42 +0800] "GET /jsp/H5/event/valentinesday/images/hd/xq5.png HTTP/1.1" 200 8101 "https://wx.jinpaihushi.com/jsp/H5/event/valentinesday/qrj.jsp?comids=5" "Mozilla/5.0 (iPhone; CPU iPhone OS 10_2 like Mac OS X) AppleWebKit/602.3.12 (KHTML, like Gecko) Mobile/14C92 MicroMessenger/6.5.8 NetType/WIFI Language/zh_CN" "-"
182.150.42.195 - - [04/Jun/2017:21:13:42 +0800] "GET /jsp/H5/event/valentinesday/images/hd/xq6.png HTTP/1.1" 200 43196 "https://wx.jinpaihushi.com/jsp/H5/event/valentinesday/qrj.jsp?comids=5" "Mozilla/5.0 (iPhone; CPU iPhone OS 10_2 like Mac OS X) AppleWebKit/602.3.12 (KHTML, like Gecko) Mobile/14C92 MicroMessenger/6.5.8 NetType/WIFI Language/zh_CN" "-"
182.150.42.195 - - [04/Jun/2017:21:13:42 +0800] "GET /jsp/H5/event/valentinesday/images/hd/xq7.png HTTP/1.1" 200 87456 "https://wx.jinpaihushi.com/jsp/H5/event/valentinesday/qrj.jsp?comids=5" "Mozilla/5.0 (iPhone; CPU iPhone OS 10_2 like Mac OS X) AppleWebKit/602.3.12 (KHTML, like Gecko) Mobile/14C92 MicroMessenger/6.5.8 NetType/WIFI Language/zh_CN" "-"
112.194.132.113 - - [04/Jun/2017:21:13:43 +0800] "POST /Register?m=checkCode HTTP/1.1" 200 12 "https://wx.jinpaihushi.com/jsp/Register/regiest.jsp?recommond=18598" "Mozilla/5.0 (iPhone; CPU iPhone OS 9_3_5 like Mac OS X) AppleWebKit/601.1.46 (KHTML, like Gecko) Mobile/13G36 QQ/7.1.0.407 V1_IPH_SQ_7.1.0_1_APP_A Pixel/750 Core/UIWebView NetType/WIFI QBWebViewType/1" "-"
112.194.132.113 - - [04/Jun/2017:21:13:43 +0800] "GET /jsp/Register/regiestOk.jsp?userType=1 HTTP/1.1" 200 4759 "https://wx.jinpaihushi.com/jsp/Register/regiest.jsp?recommond=18598" "Mozilla/5.0 (iPhone; CPU iPhone OS 9_3_5 like Mac OS X) AppleWebKit/601.1.46 (KHTML, like Gecko) Mobile/13G36 QQ/7.1.0.407 V1_IPH_SQ_7.1.0_1_APP_A Pixel/750 Core/UIWebView NetType/WIFI QBWebViewType/1" "-"
112.194.132.113 - - [04/Jun/2017:21:13:43 +0800] "GET /img/regiest/yz.png HTTP/1.1" 200 1109 "https://wx.jinpaihushi.com/jsp/Register/regiestOk.jsp?userType=1" "Mozilla/5.0 (iPhone; CPU iPhone OS 9_3_5 like Mac OS X) AppleWebKit/601.1.46 (KHTML, like Gecko) Mobile/13G36 QQ/7.1.0.407 V1_IPH_SQ_7.1.0_1_APP_A Pixel/750 Core/UIWebView NetType/WIFI QBWebViewType/1" "-"
112.194.132.113 - - [04/Jun/2017:21:13:43 +0800] "GET /img/regiest/mima.png HTTP/1.1" 200 754 "https://wx.jinpaihushi.com/jsp/Register/regiestOk.jsp?userType=1" "Mozilla/5.0 (iPhone; CPU iPhone OS 9_3_5 like Mac OS X) AppleWebKit/601.1.46 (KHTML, like Gecko) Mobile/13G36 QQ/7.1.0.407 V1_IPH_SQ_7.1.0_1_APP_A Pixel/750 Core/UIWebView NetType/WIFI QBWebViewType/1" "-"
112.194.132.113 - - [04/Jun/2017:21:13:43 +0800] "GET /js/register/regiestOk.js HTTP/1.1" 200 1771 "https://wx.jinpaihushi.com/jsp/Register/regiestOk.jsp?userType=1" "Mozilla/5.0 (iPhone; CPU iPhone OS 9_3_5 like Mac OS X) AppleWebKit/601.1.46 (KHTML, like Gecko) Mobile/13G36 QQ/7.1.0.407 V1_IPH_SQ_7.1.0_1_APP_A Pixel/750 Core/UIWebView NetType/WIFI QBWebViewType/1" "-"
60.255.230.133 - - [04/Jun/2017:21:13:45 +0800] "POST /Register?m=checkCode HTTP/1.1" 200 12 "https://wx.jinpaihushi.com/jsp/Register/regiest.jsp?recommond=18598" "Mozilla/5.0 (iPhone; CPU iPhone OS 10_2 like Mac OS X) AppleWebKit/602.3.12 (KHTML, like Gecko) Mobile/14C92 QQ/7.0.1.407 V1_IPH_SQ_7.0.1_1_APP_A Pixel/750 Core/UIWebView NetType/WIFI QBWebViewType/1" "-"
60.255.230.133 - - [04/Jun/2017:21:13:45 +0800] "GET /jsp/Register/regiestOk.jsp?userType=1 HTTP/1.1" 200 4759 "https://wx.jinpaihushi.com/jsp/Register/regiest.jsp?recommond=18598" "Mozilla/5.0 (iPhone; CPU iPhone OS 10_2 like Mac OS X) AppleWebKit/602.3.12 (KHTML, like Gecko) Mobile/14C92 QQ/7.0.1.407 V1_IPH_SQ_7.0.1_1_APP_A Pixel/750 Core/UIWebView NetType/WIFI QBWebViewType/1" "-"
117.174.91.204 - - [04/Jun/2017:21:13:45 +0800] "POST /Register?m=getCodeFenxiang HTTP/1.1" 200 21 "https://wx.jinpaihushi.com/jsp/Register/regiest.jsp?recommond=18598" "Mozilla/5.0 (iPhone; CPU iPhone OS 9_3_2 like Mac OS X) AppleWebKit/601.1.46 (KHTML, like Gecko) Mobile/13F69 QQ/7.0.1.407 V1_IPH_SQ_7.0.1_1_APP_A Pixel/750 Core/UIWebView NetType/WIFI QBWebViewType/1" "-"
112.18.222.18 - - [04/Jun/2017:21:13:50 +0800] "POST /Register?m=checkCode HTTP/1.1" 200 12 "https://wx.jinpaihushi.com/jsp/Register/regiest.jsp?recommond=18625&from=groupmessage&isappinstalled=1" "Mozilla/5.0 (iPhone; CPU iPhone OS 10_3_2 like Mac OS X) AppleWebKit/603.2.4 (KHTML, like Gecko) Mobile/14F89 MicroMessenger/6.5.8 NetType/WIFI Language/zh_CN" "-"
112.18.222.18 - - [04/Jun/2017:21:13:51 +0800] "GET /jsp/Register/regiestOk.jsp?userType=1 HTTP/1.1" 200 4759 "https://wx.jinpaihushi.com/jsp/Register/regiest.jsp?recommond=18625&from=groupmessage&isappinstalled=1" "Mozilla/5.0 (iPhone; CPU iPhone OS 10_3_2 like Mac OS X) AppleWebKit/603.2.4 (KHTML, like Gecko) Mobile/14F89 MicroMessenger/6.5.8 NetType/WIFI Language/zh_CN" "-"
112.18.222.18 - - [04/Jun/2017:21:13:54 +0800] "GET /img/regiest/yz.png HTTP/1.1" 200 1109 "https://wx.jinpaihushi.com/jsp/Register/regiestOk.jsp?userType=1" "Mozilla/5.0 (iPhone; CPU iPhone OS 10_3_2 like Mac OS X) AppleWebKit/603.2.4 (KHTML, like Gecko) Mobile/14F89 MicroMessenger/6.5.8 NetType/WIFI Language/zh_CN" "-"
223.87.245.220 - - [04/Jun/2017:21:13:56 +0800] "GET /NuresAppDownload HTTP/1.1" 302 0 "-" "Mozilla/5.0 (Linux; Android 7.0; PRA-AL00X Build/HONORPRA-AL00X; wv) AppleWebKit/537.36 (KHTML, like Gecko) Version/4.0 Chrome/53.0.2785.49 Mobile MQQBrowser/6.2 TBS/043220 Safari/537.36 MicroMessenger/6.5.8.1060 NetType/WIFI Language/zh_CN" "-"
223.87.245.220 - - [04/Jun/2017:21:13:56 +0800] "GET /jsp/H5/pagePlugin/client_download/appdownload.jsp HTTP/1.1" 200 2090 "-" "Mozilla/5.0 (Linux; Android 7.0; PRA-AL00X Build/HONORPRA-AL00X; wv) AppleWebKit/537.36 (KHTML, like Gecko) Version/4.0 Chrome/53.0.2785.49 Mobile MQQBrowser/6.2 TBS/043220 Safari/537.36 MicroMessenger/6.5.8.1060 NetType/WIFI Language/zh_CN" "-"
112.18.222.18 - - [04/Jun/2017:21:13:58 +0800] "GET /img/regiest/mima.png HTTP/1.1" 200 754 "https://wx.jinpaihushi.com/jsp/Register/regiestOk.jsp?userType=1" "Mozilla/5.0 (iPhone; CPU iPhone OS 10_3_2 like Mac OS X) AppleWebKit/603.2.4 (KHTML, like Gecko) Mobile/14F89 MicroMessenger/6.5.8 NetType/WIFI Language/zh_CN" "-"
118.113.53.101 - - [04/Jun/2017:21:13:59 +0800] "POST /Register?m=rigiestHHD HTTP/1.1" 200 85 "https://wx.jinpaihushi.com/jsp/Register/regiestOk.jsp?userType=1" "Mozilla/5.0 (iPhone; CPU iPhone OS 10_3_2 like Mac OS X) AppleWebKit/603.2.4 (KHTML, like Gecko) Mobile/14F89 QQ/7.0.1.407 V1_IPH_SQ_7.0.1_1_APP_A Pixel/750 Core/UIWebView NetType/WIFI QBWebViewType/1" "-"
112.194.132.113 - - [04/Jun/2017:21:14:00 +0800] "POST /Register?m=rigiestHHD HTTP/1.1" 200 85 "https://wx.jinpaihushi.com/jsp/Register/regiestOk.jsp?userType=1" "Mozilla/5.0 (iPhone; CPU iPhone OS 9_3_5 like Mac OS X) AppleWebKit/601.1.46 (KHTML, like Gecko) Mobile/13G36 QQ/7.1.0.407 V1_IPH_SQ_7.1.0_1_APP_A Pixel/750 Core/UIWebView NetType/WIFI QBWebViewType/1" "-"
60.255.230.133 - - [04/Jun/2017:21:14:00 +0800] "POST /Register?m=rigiestHHD HTTP/1.1" 200 58 "https://wx.jinpaihushi.com/jsp/Register/regiestOk.jsp?userType=1" "Mozilla/5.0 (iPhone; CPU iPhone OS 10_2 like Mac OS X) AppleWebKit/602.3.12 (KHTML, like Gecko) Mobile/14C92 QQ/7.0.1.407 V1_IPH_SQ_7.0.1_1_APP_A Pixel/750 Core/UIWebView NetType/WIFI QBWebViewType/1" "-"
